Archive member included to satisfy reference by file (symbol)

/usr/lib/gcc/arm-none-eabi/10.3.1/../../../arm-none-eabi/lib/thumb/v7e-m+dp/hard/libc_nano.a(lib_a-atexit.o)
                              /usr/lib/gcc/arm-none-eabi/10.3.1/../../../arm-none-eabi/lib/thumb/v7e-m+dp/hard/crt0.o (atexit)
/usr/lib/gcc/arm-none-eabi/10.3.1/../../../arm-none-eabi/lib/thumb/v7e-m+dp/hard/libc_nano.a(lib_a-errno.o)
                              ./build/syscalls.o (__errno)
/usr/lib/gcc/arm-none-eabi/10.3.1/../../../arm-none-eabi/lib/thumb/v7e-m+dp/hard/libc_nano.a(lib_a-exit.o)
                              /usr/lib/gcc/arm-none-eabi/10.3.1/../../../arm-none-eabi/lib/thumb/v7e-m+dp/hard/crt0.o (exit)
/usr/lib/gcc/arm-none-eabi/10.3.1/../../../arm-none-eabi/lib/thumb/v7e-m+dp/hard/libc_nano.a(lib_a-fini.o)
                              /usr/lib/gcc/arm-none-eabi/10.3.1/../../../arm-none-eabi/lib/thumb/v7e-m+dp/hard/crt0.o (__libc_fini_array)
/usr/lib/gcc/arm-none-eabi/10.3.1/../../../arm-none-eabi/lib/thumb/v7e-m+dp/hard/libc_nano.a(lib_a-impure.o)
                              /usr/lib/gcc/arm-none-eabi/10.3.1/../../../arm-none-eabi/lib/thumb/v7e-m+dp/hard/libc_nano.a(lib_a-exit.o) (_global_impure_ptr)
/usr/lib/gcc/arm-none-eabi/10.3.1/../../../arm-none-eabi/lib/thumb/v7e-m+dp/hard/libc_nano.a(lib_a-init.o)
                              /usr/lib/gcc/arm-none-eabi/10.3.1/../../../arm-none-eabi/lib/thumb/v7e-m+dp/hard/crt0.o (__libc_init_array)
/usr/lib/gcc/arm-none-eabi/10.3.1/../../../arm-none-eabi/lib/thumb/v7e-m+dp/hard/libc_nano.a(lib_a-malloc.o)
                              ./build/filters.o (malloc)
/usr/lib/gcc/arm-none-eabi/10.3.1/../../../arm-none-eabi/lib/thumb/v7e-m+dp/hard/libc_nano.a(lib_a-memset.o)
                              /usr/lib/gcc/arm-none-eabi/10.3.1/../../../arm-none-eabi/lib/thumb/v7e-m+dp/hard/crt0.o (memset)
/usr/lib/gcc/arm-none-eabi/10.3.1/../../../arm-none-eabi/lib/thumb/v7e-m+dp/hard/libc_nano.a(lib_a-nano-freer.o)
                              /usr/lib/gcc/arm-none-eabi/10.3.1/../../../arm-none-eabi/lib/thumb/v7e-m+dp/hard/libc_nano.a(lib_a-malloc.o) (_free_r)
/usr/lib/gcc/arm-none-eabi/10.3.1/../../../arm-none-eabi/lib/thumb/v7e-m+dp/hard/libc_nano.a(lib_a-nano-mallocr.o)
                              /usr/lib/gcc/arm-none-eabi/10.3.1/../../../arm-none-eabi/lib/thumb/v7e-m+dp/hard/libc_nano.a(lib_a-malloc.o) (_malloc_r)
/usr/lib/gcc/arm-none-eabi/10.3.1/../../../arm-none-eabi/lib/thumb/v7e-m+dp/hard/libc_nano.a(lib_a-realloc.o)
                              ./build/parser.o (realloc)
/usr/lib/gcc/arm-none-eabi/10.3.1/../../../arm-none-eabi/lib/thumb/v7e-m+dp/hard/libc_nano.a(lib_a-sbrkr.o)
                              /usr/lib/gcc/arm-none-eabi/10.3.1/../../../arm-none-eabi/lib/thumb/v7e-m+dp/hard/libc_nano.a(lib_a-nano-mallocr.o) (_sbrk_r)
/usr/lib/gcc/arm-none-eabi/10.3.1/../../../arm-none-eabi/lib/thumb/v7e-m+dp/hard/libc_nano.a(lib_a-snprintf.o)
                              ./build/adc.o (snprintf)
/usr/lib/gcc/arm-none-eabi/10.3.1/../../../arm-none-eabi/lib/thumb/v7e-m+dp/hard/libc_nano.a(lib_a-sprintf.o)
                              ./build/interface.o (sprintf)
/usr/lib/gcc/arm-none-eabi/10.3.1/../../../arm-none-eabi/lib/thumb/v7e-m+dp/hard/libc_nano.a(lib_a-strcmp.o)
                              ./build/commands.o (strcmp)
/usr/lib/gcc/arm-none-eabi/10.3.1/../../../arm-none-eabi/lib/thumb/v7e-m+dp/hard/libc_nano.a(lib_a-strcpy.o)
                              ./build/main.o (strcpy)
/usr/lib/gcc/arm-none-eabi/10.3.1/../../../arm-none-eabi/lib/thumb/v7e-m+dp/hard/libc_nano.a(lib_a-strlen.o)
                              ./build/parser.o (strlen)
/usr/lib/gcc/arm-none-eabi/10.3.1/../../../arm-none-eabi/lib/thumb/v7e-m+dp/hard/libc_nano.a(lib_a-strtok.o)
                              ./build/parser.o (strtok)
/usr/lib/gcc/arm-none-eabi/10.3.1/../../../arm-none-eabi/lib/thumb/v7e-m+dp/hard/libc_nano.a(lib_a-strtok_r.o)
                              /usr/lib/gcc/arm-none-eabi/10.3.1/../../../arm-none-eabi/lib/thumb/v7e-m+dp/hard/libc_nano.a(lib_a-strtok.o) (__strtok_r)
/usr/lib/gcc/arm-none-eabi/10.3.1/../../../arm-none-eabi/lib/thumb/v7e-m+dp/hard/libc_nano.a(lib_a-strtol.o)
                              ./build/utils.o (strtol)
/usr/lib/gcc/arm-none-eabi/10.3.1/../../../arm-none-eabi/lib/thumb/v7e-m+dp/hard/libc_nano.a(lib_a-__atexit.o)
                              /usr/lib/gcc/arm-none-eabi/10.3.1/../../../arm-none-eabi/lib/thumb/v7e-m+dp/hard/libc_nano.a(lib_a-atexit.o) (__register_exitproc)
/usr/lib/gcc/arm-none-eabi/10.3.1/../../../arm-none-eabi/lib/thumb/v7e-m+dp/hard/libc_nano.a(lib_a-__call_atexit.o)
                              /usr/lib/gcc/arm-none-eabi/10.3.1/../../../arm-none-eabi/lib/thumb/v7e-m+dp/hard/libc_nano.a(lib_a-__atexit.o) (__call_exitprocs)
/usr/lib/gcc/arm-none-eabi/10.3.1/../../../arm-none-eabi/lib/thumb/v7e-m+dp/hard/libc_nano.a(lib_a-assert.o)
[...]
Memory Configuration

Name             Origin             Length             Attributes
RAM              0x0000000020000000 0x0000000000080000 xrw
FLASH            0x0000000008000000 0x0000000000200000 xr
*default*        0x0000000000000000 0xffffffffffffffff

Linker script and memory map

LOAD /usr/lib/gcc/arm-none-eabi/10.3.1/thumb/v7e-m+dp/hard/crti.o
LOAD /usr/lib/gcc/arm-none-eabi/10.3.1/thumb/v7e-m+dp/hard/crtbegin.o
LOAD /usr/lib/gcc/arm-none-eabi/10.3.1/../../../arm-none-eabi/lib/thumb/v7e-m+dp/hard/crt0.o
LOAD ./build/adc.o
LOAD ./build/commands.o
LOAD ./build/dac.o
LOAD ./build/dma.o
LOAD ./build/filters.o
LOAD ./build/gpio.o
LOAD ./build/interface.o
LOAD ./build/main.o
LOAD ./build/parser.o
LOAD ./build/sampling.o
LOAD ./build/signals.o
LOAD ./build/spi.o
LOAD ./build/stm32f7xx_hal_msp.o
LOAD ./build/stm32f7xx_it.o
LOAD ./build/syscalls.o
LOAD ./build/sysmem.o
LOAD ./build/system_stm32f7xx.o
LOAD ./build/tim.o
LOAD ./build/usart.o
LOAD ./build/utils.o
LOAD ./build/stm32f7xx_hal_adc.o
LOAD ./build/stm32f7xx_hal_adc_ex.o
LOAD ./build/stm32f7xx_hal.o
LOAD ./build/stm32f7xx_hal_cortex.o
LOAD ./build/stm32f7xx_hal_dac.o
LOAD ./build/stm32f7xx_hal_dac_ex.o
LOAD ./build/stm32f7xx_hal_dma.o
LOAD ./build/stm32f7xx_hal_dma_ex.o
LOAD ./build/stm32f7xx_hal_exti.o
LOAD ./build/stm32f7xx_hal_flash.o
LOAD ./build/stm32f7xx_hal_flash_ex.o
LOAD ./build/stm32f7xx_hal_gpio.o
LOAD ./build/stm32f7xx_hal_i2c.o
LOAD ./build/stm32f7xx_hal_i2c_ex.o
LOAD ./build/stm32f7xx_hal_pwr.o
LOAD ./build/stm32f7xx_hal_pwr_ex.o
LOAD ./build/stm32f7xx_hal_rcc.o
LOAD ./build/stm32f7xx_hal_rcc_ex.o
LOAD ./build/stm32f7xx_hal_spi.o
LOAD ./build/stm32f7xx_hal_spi_ex.o
LOAD ./build/stm32f7xx_hal_tim.o
LOAD ./build/stm32f7xx_hal_tim_ex.o
LOAD ./build/stm32f7xx_hal_uart.o
LOAD ./build/stm32f7xx_hal_uart_ex.o
LOAD ./build/startup_stm32f767xx.o
LOAD /usr/lib/gcc/arm-none-eabi/10.3.1/../../../arm-none-eabi/lib/thumb/v7e-m+dp/hard/libc_nano.a
LOAD /usr/lib/gcc/arm-none-eabi/10.3.1/../../../arm-none-eabi/lib/thumb/v7e-m+dp/hard/libm.a
LOAD /usr/lib/gcc/arm-none-eabi/10.3.1/../../../arm-none-eabi/lib/thumb/v7e-m+dp/hard/libnosys.a
START GROUP
LOAD /usr/lib/gcc/arm-none-eabi/10.3.1/thumb/v7e-m+dp/hard/libgcc.a
LOAD /usr/lib/gcc/arm-none-eabi/10.3.1/../../../arm-none-eabi/lib/thumb/v7e-m+dp/hard/libc_nano.a
END GROUP
START GROUP
LOAD /usr/lib/gcc/arm-none-eabi/10.3.1/thumb/v7e-m+dp/hard/libgcc.a
LOAD /usr/lib/gcc/arm-none-eabi/10.3.1/../../../arm-none-eabi/lib/thumb/v7e-m+dp/hard/libc_nano.a
END GROUP
LOAD /usr/lib/gcc/arm-none-eabi/10.3.1/thumb/v7e-m+dp/hard/crtend.o
LOAD /usr/lib/gcc/arm-none-eabi/10.3.1/thumb/v7e-m+dp/hard/crtn.o
                0x0000000020080000                _estack = (ORIGIN (RAM) + LENGTH (RAM))
                0x0000000000000200                _Min_Heap_Size = 0x200
                0x0000000000000400                _Min_Stack_Size = 0x400

.isr_vector     0x0000000008000000      0x1f8
                0x0000000008000000                . = ALIGN (0x4)
 *(.isr_vector)
 .isr_vector    0x0000000008000000      0x1f8 ./build/startup_stm32f767xx.o
                0x0000000008000000                g_pfnVectors
                0x00000000080001f8                . = ALIGN (0x4)

.text           0x0000000008000200     0x88fc
                0x0000000008000200                . = ALIGN (0x4)
 *(.text)
 .text          0x0000000008000200       0x88 /usr/lib/gcc/arm-none-eabi/10.3.1/thumb/v7e-m+dp/hard/crtbegin.o
 .text          0x0000000008000288        0xc /usr/lib/gcc/arm-none-eabi/10.3.1/../../../arm-none-eabi/lib/thumb/v7e-m+dp/hard/libc_nano.a(lib_a-errno.o)
                0x0000000008000288                __errno
 .text          0x0000000008000294       0x48 /usr/lib/gcc/arm-none-eabi/10.3.1/../../../arm-none-eabi/lib/thumb/v7e-m+dp/hard/libc_nano.a(lib_a-init.o)
                0x0000000008000294                __libc_init_array
 .text          0x00000000080002dc       0x20 /usr/lib/gcc/arm-none-eabi/10.3.1/../../../arm-none-eabi/lib/thumb/v7e-m+dp/hard/libc_nano.a(lib_a-malloc.o)
                0x00000000080002dc                malloc
                0x00000000080002ec                free
 .text          0x00000000080002fc       0xa4 /usr/lib/gcc/arm-none-eabi/10.3.1/../../../arm-none-eabi/lib/thumb/v7e-m+dp/hard/libc_nano.a(lib_a-memset.o)
                0x00000000080002fc                memset
 .text          0x00000000080003a0       0xc4 /usr/lib/gcc/arm-none-eabi/10.3.1/../../../arm-none-eabi/lib/thumb/v7e-m+dp/hard/libc_nano.a(lib_a-nano-freer.o)
                0x00000000080003a0                _free_r
 .text          0x0000000008000464       0xb4 /usr/lib/gcc/arm-none-eabi/10.3.1/../../../arm-none-eabi/lib/thumb/v7e-m+dp/hard/libc_nano.a(lib_a-nano-mallocr.o)
                0x0000000008000464                _malloc_r
 .text          0x0000000008000518       0x18 /usr/lib/gcc/arm-none-eabi/10.3.1/../../../arm-none-eabi/lib/thumb/v7e-m+dp/hard/libc_nano.a(lib_a-realloc.o)
                0x0000000008000518                realloc
 .text          0x0000000008000530       0x24 /usr/lib/gcc/arm-none-eabi/10.3.1/../../../arm-none-eabi/lib/thumb/v7e-m+dp/hard/libc_nano.a(lib_a-sbrkr.o)
                0x0000000008000530                _sbrk_r
 .text          0x0000000008000554      0x108 /usr/lib/gcc/arm-none-eabi/10.3.1/../../../arm-none-eabi/lib/thumb/v7e-m+dp/hard/libc_nano.a(lib_a-snprintf.o)
                0x0000000008000554                _sniprintf_r
                0x0000000008000554                _snprintf_r
                0x00000000080005d4                snprintf
                0x00000000080005d4                sniprintf
 .text          0x000000000800065c       0x78 /usr/lib/gcc/arm-none-eabi/10.3.1/../../../arm-none-eabi/lib/thumb/v7e-m+dp/hard/libc_nano.a(lib_a-sprintf.o)
                0x000000000800065c                _siprintf_r
                0x000000000800065c                _sprintf_r
                0x0000000008000694                sprintf
                0x0000000008000694                siprintf
 *fill*         0x00000000080006d4        0xc 
 .text          0x00000000080006e0      0x2dc /usr/lib/gcc/arm-none-eabi/10.3.1/../../../arm-none-eabi/lib/thumb/v7e-m+dp/hard/libc_nano.a(lib_a-strcmp.o)
                0x00000000080006e8                strcmp
 .text          0x00000000080009bc       0xbc /usr/lib/gcc/arm-none-eabi/10.3.1/../../../arm-none-eabi/lib/thumb/v7e-m+dp/hard/libc_nano.a(lib_a-strcpy.o)
                0x00000000080009bc                strcpy
 *fill*         0x0000000008000a78        0x8 
 .text          0x0000000008000a80       0xdc /usr/lib/gcc/arm-none-eabi/10.3.1/../../../arm-none-eabi/lib/thumb/v7e-m+dp/hard/libc_nano.a(lib_a-strlen.o)
                0x0000000008000a80                strlen
 .text          0x0000000008000b5c       0x74 /usr/lib/gcc/arm-none-eabi/10.3.1/../../../arm-none-eabi/lib/thumb/v7e-m+dp/hard/libc_nano.a(lib_a-strtok.o)
                0x0000000008000b5c                strtok
 .text          0x0000000008000bd0       0x6c /usr/lib/gcc/arm-none-eabi/10.3.1/../../../arm-none-eabi/lib/thumb/v7e-m+dp/hard/libc_nano.a(lib_a-strtok_r.o)
                0x0000000008000bd0                __strtok_r
                0x0000000008000c34                strtok_r
 .text          0x0000000008000c3c      0x188 /usr/lib/gcc/arm-none-eabi/10.3.1/../../../arm-none-eabi/lib/thumb/v7e-m+dp/hard/libc_nano.a(lib_a-strtol.o)
                0x0000000008000d5c                _strtol_r
                0x0000000008000d74                strtol_l
                0x0000000008000d9c                strtol
 .text          0x0000000008000dc4       0x4c /usr/lib/gcc/arm-none-eabi/10.3.1/../../../arm-none-eabi/lib/thumb/v7e-m+dp/hard/libc_nano.a(lib_a-assert.o)
                0x0000000008000dc4                __assert_func
                0x0000000008000e04                __assert
 .text          0x0000000008000e10       0x44 /usr/lib/gcc/arm-none-eabi/10.3.1/../../../arm-none-eabi/lib/thumb/v7e-m+dp/hard/libc_nano.a(lib_a-fprintf.o)
                0x0000000008000e10                _fprintf_r
                0x0000000008000e10                _fiprintf_r
                0x0000000008000e2c                fprintf
                0x0000000008000e2c                fiprintf
 .text          0x0000000008000e54        0x8 /usr/lib/gcc/arm-none-eabi/10.3.1/../../../arm-none-eabi/lib/thumb/v7e-m+dp/hard/libc_nano.a(lib_a-mlock.o)
                0x0000000008000e54                __malloc_lock
                0x0000000008000e58                __malloc_unlock
 .text          0x0000000008000e5c       0x50 /usr/lib/gcc/arm-none-eabi/10.3.1/../../../arm-none-eabi/lib/thumb/v7e-m+dp/hard/libc_nano.a(lib_a-nano-reallocr.o)
                0x0000000008000e5c                _realloc_r
 .text          0x0000000008000eac      0x3f0 /usr/lib/gcc/arm-none-eabi/10.3.1/../../../arm-none-eabi/lib/thumb/v7e-m+dp/hard/libc_nano.a(lib_a-nano-svfprintf.o)
                0x0000000008000eac                __ssputs_r
                0x0000000008000f70                __ssprint_r
                0x0000000008001068                _svfprintf_r
                0x0000000008001068                _svfiprintf_r
 .text          0x000000000800129c      0x328 /usr/lib/gcc/arm-none-eabi/10.3.1/../../../arm-none-eabi/lib/thumb/v7e-m+dp/hard/libc_nano.a(lib_a-nano-vfprintf.o)
                0x00000000080012d8                __sfputs_r
                0x0000000008001308                __sprint_r
                0x0000000008001324                _vfiprintf_r
                0x0000000008001324                _vfprintf_r
                0x00000000080015a8                vfiprintf
                0x00000000080015a8                vfprintf
 .text          0x00000000080015c4      0x3dc /usr/lib/gcc/arm-none-eabi/10.3.1/../../../arm-none-eabi/lib/thumb/v7e-m+dp/hard/libc_nano.a(lib_a-nano-vfprintf_i.o)
                0x00000000080015c4                _printf_common
                0x00000000080016f0                _printf_i
 .text          0x00000000080019a0       0xc8 /usr/lib/gcc/arm-none-eabi/10.3.1/../../../arm-none-eabi/lib/thumb/v7e-m+dp/hard/libc_nano.a(lib_a-wbuf.o)
                0x00000000080019a0                __swbuf_r
                0x0000000008001a50                __swbuf
 .text          0x0000000008001a68      0x104 /usr/lib/gcc/arm-none-eabi/10.3.1/../../../arm-none-eabi/lib/thumb/v7e-m+dp/hard/libc_nano.a(lib_a-wsetup.o)
                0x0000000008001a68                __swsetup_r
 .text          0x0000000008001b6c       0x10 /usr/lib/gcc/arm-none-eabi/10.3.1/../../../arm-none-eabi/lib/thumb/v7e-m+dp/hard/libc_nano.a(lib_a-abort.o)
                0x0000000008001b6c                abort
 .text          0x0000000008001b7c      0x1e8 /usr/lib/gcc/arm-none-eabi/10.3.1/../../../arm-none-eabi/lib/thumb/v7e-m+dp/hard/libc_nano.a(lib_a-fflush.o)
                0x0000000008001b7c                __sflush_r
                0x0000000008001c90                _fflush_r
                0x0000000008001ce4                fflush
 .text          0x0000000008001d64      0x238 /usr/lib/gcc/arm-none-eabi/10.3.1/../../../arm-none-eabi/lib/thumb/v7e-m+dp/hard/libc_nano.a(lib_a-findfp.o)
                0x0000000008001d68                _cleanup_r
                0x0000000008001d78                __sfmoreglue
                0x0000000008001da8                __sfp
                0x0000000008001f48                _cleanup
                0x0000000008001f5c                __sinit
                0x0000000008001f64                __sfp_lock_acquire
                0x0000000008001f68                __sfp_lock_release
                0x0000000008001f6c                __sinit_lock_acquire
                0x0000000008001f70                __sinit_lock_release
                0x0000000008001f74                __fp_lock_all
                0x0000000008001f88                __fp_unlock_all
 .text          0x0000000008001f9c      0x2f0 /usr/lib/gcc/arm-none-eabi/10.3.1/../../../arm-none-eabi/lib/thumb/v7e-m+dp/hard/libc_nano.a(lib_a-fvwrite.o)
                0x0000000008001f9c                __sfvwrite_r
 .text          0x000000000800228c       0x88 /usr/lib/gcc/arm-none-eabi/10.3.1/../../../arm-none-eabi/lib/thumb/v7e-m+dp/hard/libc_nano.a(lib_a-fwalk.o)
                0x000000000800228c                _fwalk
                0x00000000080022cc                _fwalk_reent
 .text          0x0000000008002314      0x11c /usr/lib/gcc/arm-none-eabi/10.3.1/../../../arm-none-eabi/lib/thumb/v7e-m+dp/hard/libc_nano.a(lib_a-makebuf.o)
                0x0000000008002314                __smakebuf_r
                0x00000000080023d4                __swhatbuf_r
 .text          0x0000000008002430       0xa0 /usr/lib/gcc/arm-none-eabi/10.3.1/../../../arm-none-eabi/lib/thumb/v7e-m+dp/hard/libc_nano.a(lib_a-memchr.o)
                0x0000000008002430                memchr
 .text          0x00000000080024d0      0x134 /usr/lib/gcc/arm-none-eabi/10.3.1/../../../arm-none-eabi/lib/thumb/v7e-m+dp/hard/libc_nano.a(lib_a-memcpy.o)
                0x00000000080024d0                memcpy
 .text          0x0000000008002604       0xf8 /usr/lib/gcc/arm-none-eabi/10.3.1/../../../arm-none-eabi/lib/thumb/v7e-m+dp/hard/libc_nano.a(lib_a-memmove.o)
                0x0000000008002604                memmove
 .text          0x00000000080026fc       0x14 /usr/lib/gcc/arm-none-eabi/10.3.1/../../../arm-none-eabi/lib/thumb/v7e-m+dp/hard/libc_nano.a(lib_a-nano-msizer.o)
                0x00000000080026fc                _malloc_usable_size_r
 .text          0x0000000008002710      0x268 /usr/lib/gcc/arm-none-eabi/10.3.1/../../../arm-none-eabi/lib/thumb/v7e-m+dp/hard/libc_nano.a(lib_a-signal.o)
                0x0000000008002710                _init_signal_r
                0x000000000800273c                _signal_r
                0x0000000008002784                _raise_r
                0x00000000080027d8                __sigtramp_r
                0x0000000008002838                raise
                0x0000000008002890                signal
                0x00000000080028e0                _init_signal
                0x0000000008002914                __sigtramp
 .text          0x0000000008002978       0x30 /usr/lib/gcc/arm-none-eabi/10.3.1/../../../arm-none-eabi/lib/thumb/v7e-m+dp/hard/libc_nano.a(lib_a-signalr.o)
                0x0000000008002978                _kill_r
                0x00000000080029a4                _getpid_r
 .text          0x00000000080029a8       0x90 /usr/lib/gcc/arm-none-eabi/10.3.1/../../../arm-none-eabi/lib/thumb/v7e-m+dp/hard/libc_nano.a(lib_a-stdio.o)
                0x00000000080029a8                __sread
                0x00000000080029cc                __seofread
                0x00000000080029d0                __swrite
                0x0000000008002a10                __sseek
                0x0000000008002a30                __sclose
 .text          0x0000000008002a38       0x2c /usr/lib/gcc/arm-none-eabi/10.3.1/../../../arm-none-eabi/lib/thumb/v7e-m+dp/hard/libc_nano.a(lib_a-writer.o)
                0x0000000008002a38                _write_r
 .text          0x0000000008002a64       0x24 /usr/lib/gcc/arm-none-eabi/10.3.1/../../../arm-none-eabi/lib/thumb/v7e-m+dp/hard/libc_nano.a(lib_a-closer.o)
                0x0000000008002a64                _close_r
 .text          0x0000000008002a88       0x2c /usr/lib/gcc/arm-none-eabi/10.3.1/../../../arm-none-eabi/lib/thumb/v7e-m+dp/hard/libc_nano.a(lib_a-fstatr.o)
                0x0000000008002a88                _fstat_r
 .text          0x0000000008002ab4       0x24 /usr/lib/gcc/arm-none-eabi/10.3.1/../../../arm-none-eabi/lib/thumb/v7e-m+dp/hard/libc_nano.a(lib_a-isattyr.o)
                0x0000000008002ab4                _isatty_r
 .text          0x0000000008002ad8       0x2c /usr/lib/gcc/arm-none-eabi/10.3.1/../../../arm-none-eabi/lib/thumb/v7e-m+dp/hard/libc_nano.a(lib_a-lseekr.o)
                0x0000000008002ad8                _lseek_r
 .text          0x0000000008002b04       0x2c /usr/lib/gcc/arm-none-eabi/10.3.1/../../../arm-none-eabi/lib/thumb/v7e-m+dp/hard/libc_nano.a(lib_a-readr.o)
                0x0000000008002b04                _read_r
 .text          0x0000000008002b30       0x80 /usr/lib/gcc/arm-none-eabi/10.3.1/../../../arm-none-eabi/lib/thumb/v7e-m+dp/hard/libm.a(lib_a-s_sin.o)
                0x0000000008002b30                sin
 .text          0x0000000008002bb0      0x294 /usr/lib/gcc/arm-none-eabi/10.3.1/../../../arm-none-eabi/lib/thumb/v7e-m+dp/hard/libm.a(lib_a-e_rem_pio2.o)
                0x0000000008002bb0                __ieee754_rem_pio2
 *fill*         0x0000000008002e44        0x4 
 .text          0x0000000008002e48      0x130 /usr/lib/gcc/arm-none-eabi/10.3.1/../../../arm-none-eabi/lib/thumb/v7e-m+dp/hard/libm.a(lib_a-k_cos.o)
                0x0000000008002e48                __kernel_cos
 .text          0x0000000008002f78      0x6b0 /usr/lib/gcc/arm-none-eabi/10.3.1/../../../arm-none-eabi/lib/thumb/v7e-m+dp/hard/libm.a(lib_a-k_rem_pio2.o)
                0x0000000008002f78                __kernel_rem_pio2
 .text          0x0000000008003628       0xb0 /usr/lib/gcc/arm-none-eabi/10.3.1/../../../arm-none-eabi/lib/thumb/v7e-m+dp/hard/libm.a(lib_a-k_sin.o)
                0x0000000008003628                __kernel_sin
 .text          0x00000000080036d8       0x14 /usr/lib/gcc/arm-none-eabi/10.3.1/../../../arm-none-eabi/lib/thumb/v7e-m+dp/hard/libm.a(lib_a-s_fabs.o)
                0x00000000080036d8                fabs
 *fill*         0x00000000080036ec        0x4 
 .text          0x00000000080036f0      0x108 /usr/lib/gcc/arm-none-eabi/10.3.1/../../../arm-none-eabi/lib/thumb/v7e-m+dp/hard/libm.a(lib_a-s_floor.o)
                0x00000000080036f0                floor
 .text          0x00000000080037f8      0x10c /usr/lib/gcc/arm-none-eabi/10.3.1/../../../arm-none-eabi/lib/thumb/v7e-m+dp/hard/libm.a(lib_a-s_scalbn.o)
                0x00000000080037f8                scalbn
 .text          0x0000000008003904       0x30 /usr/lib/gcc/arm-none-eabi/10.3.1/thumb/v7e-m+dp/hard/libgcc.a(_aeabi_uldivmod.o)
                0x0000000008003904                __aeabi_uldivmod
 .text          0x0000000008003934      0x2d0 /usr/lib/gcc/arm-none-eabi/10.3.1/thumb/v7e-m+dp/hard/libgcc.a(_udivmoddi4.o)
                0x0000000008003934                __udivmoddi4
 .text          0x0000000008003c04        0x4 /usr/lib/gcc/arm-none-eabi/10.3.1/thumb/v7e-m+dp/hard/libgcc.a(_dvmd_tls.o)
                0x0000000008003c04                __aeabi_ldiv0
                0x0000000008003c04                __aeabi_idiv0
 *(.text*)
 .text.output   0x0000000008003c08       0x64 ./build/adc.o
 .text.MX_ADC1_Init
                0x0000000008003c6c       0x70 ./build/adc.o
                0x0000000008003c6c                MX_ADC1_Init
 .text.HAL_ADC_MspInit
                0x0000000008003cdc       0x98 ./build/adc.o
                0x0000000008003cdc                HAL_ADC_MspInit
 .text.ADC_Config_Channel
                0x0000000008003d74       0xa8 ./build/adc.o
                0x0000000008003d74                ADC_Config_Channel
 .text.ADC_DeConfig_Channel
                0x0000000008003e1c       0x24 ./build/adc.o
                0x0000000008003e1c                ADC_DeConfig_Channel
 .text.ADC_Polling_Conv
                0x0000000008003e40        0x4 ./build/adc.o
                0x0000000008003e40                ADC_Polling_Conv
 .text.HAL_ADC_ConvCpltCallback
                0x0000000008003e44       0xb8 ./build/adc.o
                0x0000000008003e44                HAL_ADC_ConvCpltCallback
 .text.print_adcValues
                0x0000000008003efc       0x60 ./build/adc.o
                0x0000000008003efc                print_adcValues
 .text.help_cb  0x0000000008003f5c       0x84 ./build/commands.o
                0x0000000008003f5c                help_cb
 .text.print_full_help
                0x0000000008003fe0       0x28 ./build/commands.o
 .text.print_arg_help
                0x0000000008004008       0x3c ./build/commands.o
 .text.exec_cmd
                0x0000000008004044       0x58 ./build/commands.o
                0x0000000008004044                exec_cmd
 .text.MX_DAC_Init
                0x000000000800409c       0x58 ./build/dac.o
                0x000000000800409c                MX_DAC_Init
 .text.HAL_DAC_MspInit
                0x00000000080040f4       0xb0 ./build/dac.o
                0x00000000080040f4                HAL_DAC_MspInit
 .text.MX_DMA_Init
                0x00000000080041a4       0x34 ./build/dma.o
                0x00000000080041a4                MX_DMA_Init
 .text.filter_init
                0x00000000080041d8       0x56 ./build/filters.o
                0x00000000080041d8                filter_init
 .text.filter_kill
                0x000000000800422e       0x32 ./build/filters.o
                0x000000000800422e                filter_kill
 .text.filter_calc
                0x0000000008004260       0xf8 ./build/filters.o
                0x0000000008004260                filter_calc
 .text.MX_GPIO_Init
                0x0000000008004358       0x44 ./build/gpio.o
                0x0000000008004358                MX_GPIO_Init
 .text.GPIO_config_pins
                0x000000000800439c       0x2c ./build/gpio.o
                0x000000000800439c                GPIO_config_pins
 .text.GPIO_check_res_pins
                0x00000000080043c8       0x5c ./build/gpio.o
                0x00000000080043c8                GPIO_check_res_pins
 .text.memory_read
                0x0000000008004424       0x6c ./build/interface.o
 .text.memory_write
                0x0000000008004490       0x88 ./build/interface.o
 .text.ver_cb   0x0000000008004518       0x24 ./build/interface.o
                0x0000000008004518                ver_cb
 .text.mr_cb    0x000000000800453c       0x3c ./build/interface.o
                0x000000000800453c                mr_cb
 .text.mw_cb    0x0000000008004578       0x44 ./build/interface.o
                0x0000000008004578                mw_cb
 .text.mi_cb    0x00000000080045bc       0xa4 ./build/interface.o
                0x00000000080045bc                mi_cb
 .text.mo_cb    0x0000000008004660       0xa8 ./build/interface.o
                0x0000000008004660                mo_cb
 .text.rd_cb    0x0000000008004708       0xc0 ./build/interface.o
                0x0000000008004708                rd_cb
 .text.wd_cb    0x00000000080047c8       0xd4 ./build/interface.o
                0x00000000080047c8                wd_cb
 *fill*         0x000000000800489c        0x4 
 .text.ra_cb    0x00000000080048a0       0x9c ./build/interface.o
                0x00000000080048a0                ra_cb
 .text.Error_Handler
                0x000000000800493c        0x4 ./build/main.o
                0x000000000800493c                Error_Handler
 .text.SystemClock_Config
                0x0000000008004940       0xac ./build/main.o
                0x0000000008004940                SystemClock_Config
 .text.main     0x00000000080049ec       0xd0 ./build/main.o
                0x00000000080049ec                main
 .text.parse_cmd
                0x0000000008004abc       0xbc ./build/parser.o
                0x0000000008004abc                parse_cmd
 .text.start_sampling
                0x0000000008004b78       0x24 ./build/sampling.o
 .text.stop_sampling
                0x0000000008004b9c       0x18 ./build/sampling.o
 .text.sp_cb    0x0000000008004bb4       0x90 ./build/sampling.o
                0x0000000008004bb4                sp_cb
 .text.ac_cb    0x0000000008004c44       0x58 ./build/sampling.o
                0x0000000008004c44                ac_cb
 .text.fn_cb    0x0000000008004c9c      0x100 ./build/sampling.o
                0x0000000008004c9c                fn_cb
 .text.ff_cb    0x0000000008004d9c       0x34 ./build/sampling.o
                0x0000000008004d9c                ff_cb
 .text.s_cb     0x0000000008004dd0       0xc4 ./build/sampling.o
                0x0000000008004dd0                s_cb
 .text.st_cb    0x0000000008004e94       0x38 ./build/sampling.o
                0x0000000008004e94                st_cb
 .text.wg_cb    0x0000000008004ecc       0x94 ./build/sampling.o
                0x0000000008004ecc                wg_cb
 .text.wavegen_init
                0x0000000008004f60       0x18 ./build/signals.o
                0x0000000008004f60                wavegen_init
 .text.wavegen_start
                0x0000000008004f78       0x24 ./build/signals.o
                0x0000000008004f78                wavegen_start
 .text.wavegen_stop
                0x0000000008004f9c       0x10 ./build/signals.o
                0x0000000008004f9c                wavegen_stop
 .text.wavegen_freq_update
                0x0000000008004fac       0x14 ./build/signals.o
                0x0000000008004fac                wavegen_freq_update
 .text.wavegen_sin
                0x0000000008004fc0       0x6c ./build/signals.o
                0x0000000008004fc0                wavegen_sin
 .text.wavegen_tri
                0x000000000800502c       0x3c ./build/signals.o
                0x000000000800502c                wavegen_tri
 .text.wavegen_sqr
                0x0000000008005068       0x24 ./build/signals.o
                0x0000000008005068                wavegen_sqr
 .text.wavegen_stw
                0x000000000800508c       0x1c ./build/signals.o
                0x000000000800508c                wavegen_stw
 .text.MX_SPI1_Init
                0x00000000080050a8       0x4c ./build/spi.o
                0x00000000080050a8                MX_SPI1_Init
 .text.HAL_SPI_MspInit
                0x00000000080050f4       0x94 ./build/spi.o
                0x00000000080050f4                HAL_SPI_MspInit
 .text.HAL_MspInit
                0x0000000008005188       0x30 ./build/stm32f7xx_hal_msp.o
                0x0000000008005188                HAL_MspInit
 .text.NMI_Handler
                0x00000000080051b8        0x2 ./build/stm32f7xx_it.o
                0x00000000080051b8                NMI_Handler
 .text.HardFault_Handler
                0x00000000080051ba        0x2 ./build/stm32f7xx_it.o
                0x00000000080051ba                HardFault_Handler
 .text.MemManage_Handler
                0x00000000080051bc        0x2 ./build/stm32f7xx_it.o
                0x00000000080051bc                MemManage_Handler
 .text.BusFault_Handler
                0x00000000080051be        0x2 ./build/stm32f7xx_it.o
                0x00000000080051be                BusFault_Handler
 .text.UsageFault_Handler
                0x00000000080051c0        0x2 ./build/stm32f7xx_it.o
                0x00000000080051c0                UsageFault_Handler
 .text.SVC_Handler
                0x00000000080051c2        0x2 ./build/stm32f7xx_it.o
                0x00000000080051c2                SVC_Handler
 .text.DebugMon_Handler
                0x00000000080051c4        0x2 ./build/stm32f7xx_it.o
                0x00000000080051c4                DebugMon_Handler
 .text.PendSV_Handler
                0x00000000080051c6        0x2 ./build/stm32f7xx_it.o
                0x00000000080051c6                PendSV_Handler
 .text.SysTick_Handler
                0x00000000080051c8        0x8 ./build/stm32f7xx_it.o
                0x00000000080051c8                SysTick_Handler
 .text.DMA1_Stream6_IRQHandler
                0x00000000080051d0       0x10 ./build/stm32f7xx_it.o
                0x00000000080051d0                DMA1_Stream6_IRQHandler
 .text.ADC_IRQHandler
                0x00000000080051e0       0x10 ./build/stm32f7xx_it.o
                0x00000000080051e0                ADC_IRQHandler
 .text.TIM2_IRQHandler
                0x00000000080051f0       0x10 ./build/stm32f7xx_it.o
                0x00000000080051f0                TIM2_IRQHandler
 .text.USART3_IRQHandler
                0x0000000008005200       0x10 ./build/stm32f7xx_it.o
                0x0000000008005200                USART3_IRQHandler
 .text._getpid  0x0000000008005210        0x4 ./build/syscalls.o
                0x0000000008005210                _getpid
 .text._kill    0x0000000008005214       0x10 ./build/syscalls.o
                0x0000000008005214                _kill
 .text._exit    0x0000000008005224        0xc ./build/syscalls.o
                0x0000000008005224                _exit
 .text._read    0x0000000008005230       0x20 ./build/syscalls.o
                0x0000000008005230                _read
 .text._write   0x0000000008005250       0x1c ./build/syscalls.o
                0x0000000008005250                _write
 .text._close   0x000000000800526c        0x6 ./build/syscalls.o
                0x000000000800526c                _close
 .text._fstat   0x0000000008005272        0xa ./build/syscalls.o
                0x0000000008005272                _fstat
 .text._isatty  0x000000000800527c        0x4 ./build/syscalls.o
                0x000000000800527c                _isatty
 .text._lseek   0x0000000008005280        0x4 ./build/syscalls.o
                0x0000000008005280                _lseek
 .text._sbrk    0x0000000008005284       0x48 ./build/sysmem.o
                0x0000000008005284                _sbrk
 .text.SystemInit
                0x00000000080052cc       0x1c ./build/system_stm32f7xx.o
                0x00000000080052cc                SystemInit
 .text.MX_TIM2_Init
                0x00000000080052e8       0x70 ./build/tim.o
                0x00000000080052e8                MX_TIM2_Init
 .text.MX_TIM6_Init
                0x0000000008005358       0x50 ./build/tim.o
                0x0000000008005358                MX_TIM6_Init
 .text.HAL_TIM_Base_MspInit
                0x00000000080053a8       0x60 ./build/tim.o
                0x00000000080053a8                HAL_TIM_Base_MspInit
 .text.TIMER_2_Update
                0x0000000008005408       0x6c ./build/tim.o
                0x0000000008005408                TIMER_2_Update
 .text.TIMER_6_Update
                0x0000000008005474       0x20 ./build/tim.o
                0x0000000008005474                TIMER_6_Update
 .text.process_as_control
                0x0000000008005494       0x34 ./build/usart.o
 .text.process_as_data
                0x00000000080054c8       0x24 ./build/usart.o
 .text.insert_cmd
                0x00000000080054ec       0x34 ./build/usart.o
 .text.MX_USART3_UART_Init
                0x0000000008005520       0x38 ./build/usart.o
                0x0000000008005520                MX_USART3_UART_Init
 .text.HAL_UART_MspInit
                0x0000000008005558       0x9c ./build/usart.o
                0x0000000008005558                HAL_UART_MspInit
 .text.Rx_UART_init
                0x00000000080055f4       0x18 ./build/usart.o
                0x00000000080055f4                Rx_UART_init
 .text.UART_Receive
                0x000000000800560c       0x44 ./build/usart.o
                0x000000000800560c                UART_Receive
 .text.HAL_UART_RxCpltCallback
                0x0000000008005650       0x1c ./build/usart.o
                0x0000000008005650                HAL_UART_RxCpltCallback
 .text.UART_putchar
                0x000000000800566c       0x20 ./build/usart.o
                0x000000000800566c                UART_putchar
 .text.bcksp_key_cb
                0x000000000800568c       0x2c ./build/usart.o
 .text.UART_puts
                0x00000000080056b8       0x40 ./build/usart.o
                0x00000000080056b8                UART_puts
 .text.clear_last_cmd
                0x00000000080056f8       0x34 ./build/usart.o
 .text.esc_key_cb
                0x000000000800572c        0x8 ./build/usart.o
 .text.dollar_key_cb
                0x0000000008005734       0x1c ./build/usart.o
 .text.enter_key_cb
                0x0000000008005750       0x30 ./build/usart.o
 .text.my_atoi  0x0000000008005780       0x26 ./build/utils.o
                0x0000000008005780                my_atoi
 *fill*         0x00000000080057a6        0x2 
 .text.ADC_Init
                0x00000000080057a8      0x134 ./build/stm32f7xx_hal_adc.o
 .text.HAL_ADC_Init
                0x00000000080058dc       0x58 ./build/stm32f7xx_hal_adc.o
                0x00000000080058dc                HAL_ADC_Init
 .text.HAL_ADC_Start_IT
                0x0000000008005934      0x144 ./build/stm32f7xx_hal_adc.o
                0x0000000008005934                HAL_ADC_Start_IT
 .text.HAL_ADC_Stop_IT
                0x0000000008005a78       0x4c ./build/stm32f7xx_hal_adc.o
                0x0000000008005a78                HAL_ADC_Stop_IT
 .text.HAL_ADC_GetValue
                0x0000000008005ac4        0x6 ./build/stm32f7xx_hal_adc.o
                0x0000000008005ac4                HAL_ADC_GetValue
 .text.HAL_ADC_LevelOutOfWindowCallback
                0x0000000008005aca        0x2 ./build/stm32f7xx_hal_adc.o
                0x0000000008005aca                HAL_ADC_LevelOutOfWindowCallback
 .text.HAL_ADC_ErrorCallback
                0x0000000008005acc        0x2 ./build/stm32f7xx_hal_adc.o
                0x0000000008005acc                HAL_ADC_ErrorCallback
 .text.HAL_ADC_IRQHandler
                0x0000000008005ace      0x136 ./build/stm32f7xx_hal_adc.o
                0x0000000008005ace                HAL_ADC_IRQHandler
 .text.HAL_ADC_ConfigChannel
                0x0000000008005c04      0x1e4 ./build/stm32f7xx_hal_adc.o
                0x0000000008005c04                HAL_ADC_ConfigChannel
 .text.HAL_ADCEx_InjectedConvCpltCallback
                0x0000000008005de8        0x2 ./build/stm32f7xx_hal_adc_ex.o
                0x0000000008005de8                HAL_ADCEx_InjectedConvCpltCallback
 *fill*         0x0000000008005dea        0x2 
 .text.HAL_InitTick
                0x0000000008005dec       0x4c ./build/stm32f7xx_hal.o
                0x0000000008005dec                HAL_InitTick
 .text.HAL_Init
                0x0000000008005e38       0x16 ./build/stm32f7xx_hal.o
                0x0000000008005e38                HAL_Init
 *fill*         0x0000000008005e4e        0x2 
 .text.HAL_IncTick
                0x0000000008005e50       0x18 ./build/stm32f7xx_hal.o
                0x0000000008005e50                HAL_IncTick
 .text.HAL_GetTick
                0x0000000008005e68        0xc ./build/stm32f7xx_hal.o
                0x0000000008005e68                HAL_GetTick
 .text.HAL_NVIC_SetPriorityGrouping
                0x0000000008005e74       0x24 ./build/stm32f7xx_hal_cortex.o
                0x0000000008005e74                HAL_NVIC_SetPriorityGrouping
 .text.HAL_NVIC_SetPriority
                0x0000000008005e98       0x6c ./build/stm32f7xx_hal_cortex.o
                0x0000000008005e98                HAL_NVIC_SetPriority
 .text.HAL_NVIC_EnableIRQ
                0x0000000008005f04       0x1c ./build/stm32f7xx_hal_cortex.o
                0x0000000008005f04                HAL_NVIC_EnableIRQ
 .text.HAL_SYSTICK_Config
                0x0000000008005f20       0x28 ./build/stm32f7xx_hal_cortex.o
                0x0000000008005f20                HAL_SYSTICK_Config
 .text.HAL_DAC_Init
                0x0000000008005f48       0x24 ./build/stm32f7xx_hal_dac.o
                0x0000000008005f48                HAL_DAC_Init
 .text.HAL_DAC_Start
                0x0000000008005f6c       0x68 ./build/stm32f7xx_hal_dac.o
                0x0000000008005f6c                HAL_DAC_Start
 .text.HAL_DAC_Stop
                0x0000000008005fd4       0x20 ./build/stm32f7xx_hal_dac.o
                0x0000000008005fd4                HAL_DAC_Stop
 .text.HAL_DAC_Start_DMA
                0x0000000008005ff4       0xfc ./build/stm32f7xx_hal_dac.o
                0x0000000008005ff4                HAL_DAC_Start_DMA
 .text.HAL_DAC_Stop_DMA
                0x00000000080060f0       0x56 ./build/stm32f7xx_hal_dac.o
                0x00000000080060f0                HAL_DAC_Stop_DMA
 .text.HAL_DAC_SetValue
                0x0000000008006146       0x2e ./build/stm32f7xx_hal_dac.o
                0x0000000008006146                HAL_DAC_SetValue
 .text.HAL_DAC_ConvCpltCallbackCh1
                0x0000000008006174        0x2 ./build/stm32f7xx_hal_dac.o
                0x0000000008006174                HAL_DAC_ConvCpltCallbackCh1
 .text.DAC_DMAConvCpltCh1
                0x0000000008006176       0x10 ./build/stm32f7xx_hal_dac.o
                0x0000000008006176                DAC_DMAConvCpltCh1
 .text.HAL_DAC_ConvHalfCpltCallbackCh1
                0x0000000008006186        0x2 ./build/stm32f7xx_hal_dac.o
                0x0000000008006186                HAL_DAC_ConvHalfCpltCallbackCh1
 .text.DAC_DMAHalfConvCpltCh1
                0x0000000008006188        0xa ./build/stm32f7xx_hal_dac.o
                0x0000000008006188                DAC_DMAHalfConvCpltCh1
 .text.HAL_DAC_ErrorCallbackCh1
                0x0000000008006192        0x2 ./build/stm32f7xx_hal_dac.o
                0x0000000008006192                HAL_DAC_ErrorCallbackCh1
 .text.DAC_DMAErrorCh1
                0x0000000008006194       0x18 ./build/stm32f7xx_hal_dac.o
                0x0000000008006194                DAC_DMAErrorCh1
 .text.HAL_DAC_ConfigChannel
                0x00000000080061ac       0x56 ./build/stm32f7xx_hal_dac.o
                0x00000000080061ac                HAL_DAC_ConfigChannel
 .text.HAL_DAC_GetState
                0x0000000008006202        0x4 ./build/stm32f7xx_hal_dac.o
                0x0000000008006202                HAL_DAC_GetState
 .text.HAL_DACEx_ConvCpltCallbackCh2
                0x0000000008006206        0x2 ./build/stm32f7xx_hal_dac_ex.o
                0x0000000008006206                HAL_DACEx_ConvCpltCallbackCh2
 .text.HAL_DACEx_ConvHalfCpltCallbackCh2
                0x0000000008006208        0x2 ./build/stm32f7xx_hal_dac_ex.o
                0x0000000008006208                HAL_DACEx_ConvHalfCpltCallbackCh2
 .text.HAL_DACEx_ErrorCallbackCh2
                0x000000000800620a        0x2 ./build/stm32f7xx_hal_dac_ex.o
                0x000000000800620a                HAL_DACEx_ErrorCallbackCh2
 .text.DAC_DMAConvCpltCh2
                0x000000000800620c       0x10 ./build/stm32f7xx_hal_dac_ex.o
                0x000000000800620c                DAC_DMAConvCpltCh2
 .text.DAC_DMAHalfConvCpltCh2
                0x000000000800621c        0xa ./build/stm32f7xx_hal_dac_ex.o
                0x000000000800621c                DAC_DMAHalfConvCpltCh2
 .text.DAC_DMAErrorCh2
                0x0000000008006226       0x18 ./build/stm32f7xx_hal_dac_ex.o
                0x0000000008006226                DAC_DMAErrorCh2
 .text.DMA_SetConfig
                0x000000000800623e       0x2c ./build/stm32f7xx_hal_dma.o
 *fill*         0x000000000800626a        0x2 
 .text.DMA_CalcBaseAndBitshift
                0x000000000800626c       0x40 ./build/stm32f7xx_hal_dma.o
 .text.DMA_CheckFifoParam
                0x00000000080062ac       0x8e ./build/stm32f7xx_hal_dma.o
 *fill*         0x000000000800633a        0x2 
 .text.HAL_DMA_Init
                0x000000000800633c       0xcc ./build/stm32f7xx_hal_dma.o
                0x000000000800633c                HAL_DMA_Init
 .text.HAL_DMA_Start_IT
                0x0000000008006408       0x74 ./build/stm32f7xx_hal_dma.o
                0x0000000008006408                HAL_DMA_Start_IT
 .text.HAL_DMA_Abort
                0x000000000800647c       0x94 ./build/stm32f7xx_hal_dma.o
                0x000000000800647c                HAL_DMA_Abort
 .text.HAL_DMA_Abort_IT
                0x0000000008006510       0x26 ./build/stm32f7xx_hal_dma.o
                0x0000000008006510                HAL_DMA_Abort_IT
 *fill*         0x0000000008006536        0x2 
 .text.HAL_DMA_IRQHandler
                0x0000000008006538      0x1dc ./build/stm32f7xx_hal_dma.o
                0x0000000008006538                HAL_DMA_IRQHandler
 .text.HAL_GPIO_Init
                0x0000000008006714      0x1f8 ./build/stm32f7xx_hal_gpio.o
                0x0000000008006714                HAL_GPIO_Init
 .text.HAL_GPIO_ReadPin
                0x000000000800690c        0xe ./build/stm32f7xx_hal_gpio.o
                0x000000000800690c                HAL_GPIO_ReadPin
 .text.HAL_GPIO_WritePin
                0x000000000800691a        0xc ./build/stm32f7xx_hal_gpio.o
                0x000000000800691a                HAL_GPIO_WritePin
 .text.HAL_GPIO_TogglePin
                0x0000000008006926       0x12 ./build/stm32f7xx_hal_gpio.o
                0x0000000008006926                HAL_GPIO_TogglePin
 .text.HAL_PWREx_EnableOverDrive
                0x0000000008006938       0x7c ./build/stm32f7xx_hal_pwr_ex.o
                0x0000000008006938                HAL_PWREx_EnableOverDrive
 .text.HAL_RCC_OscConfig
                0x00000000080069b4      0x444 ./build/stm32f7xx_hal_rcc.o
                0x00000000080069b4                HAL_RCC_OscConfig
 .text.HAL_RCC_GetSysClockFreq
                0x0000000008006df8       0xc8 ./build/stm32f7xx_hal_rcc.o
                0x0000000008006df8                HAL_RCC_GetSysClockFreq
 .text.HAL_RCC_ClockConfig
                0x0000000008006ec0      0x16c ./build/stm32f7xx_hal_rcc.o
                0x0000000008006ec0                HAL_RCC_ClockConfig
 .text.HAL_RCC_GetHCLKFreq
                0x000000000800702c        0xc ./build/stm32f7xx_hal_rcc.o
                0x000000000800702c                HAL_RCC_GetHCLKFreq
 .text.HAL_RCC_GetPCLK1Freq
                0x0000000008007038       0x20 ./build/stm32f7xx_hal_rcc.o
                0x0000000008007038                HAL_RCC_GetPCLK1Freq
 .text.HAL_RCC_GetPCLK2Freq
                0x0000000008007058       0x20 ./build/stm32f7xx_hal_rcc.o
                0x0000000008007058                HAL_RCC_GetPCLK2Freq
 .text.HAL_RCCEx_PeriphCLKConfig
                0x0000000008007078      0x600 ./build/stm32f7xx_hal_rcc_ex.o
                0x0000000008007078                HAL_RCCEx_PeriphCLKConfig
 .text.HAL_SPI_Init
                0x0000000008007678       0xe8 ./build/stm32f7xx_hal_spi.o
                0x0000000008007678                HAL_SPI_Init
 .text.TIM_TI1_ConfigInputStage
                0x0000000008007760       0x26 ./build/stm32f7xx_hal_tim.o
 .text.TIM_TI2_ConfigInputStage
                0x0000000008007786       0x28 ./build/stm32f7xx_hal_tim.o
 .text.TIM_ITRx_SetConfig
                0x00000000080077ae       0x10 ./build/stm32f7xx_hal_tim.o
 *fill*         0x00000000080077be        0x2 
 .text.HAL_TIM_Base_Start
                0x00000000080077c0       0x88 ./build/stm32f7xx_hal_tim.o
                0x00000000080077c0                HAL_TIM_Base_Start
 .text.HAL_TIM_Base_Start_IT
                0x0000000008007848       0x90 ./build/stm32f7xx_hal_tim.o
                0x0000000008007848                HAL_TIM_Base_Start_IT
 .text.HAL_TIM_Base_Stop_IT
                0x00000000080078d8       0x32 ./build/stm32f7xx_hal_tim.o
                0x00000000080078d8                HAL_TIM_Base_Stop_IT
 .text.HAL_TIM_PeriodElapsedCallback
                0x000000000800790a        0x2 ./build/stm32f7xx_hal_tim.o
                0x000000000800790a                HAL_TIM_PeriodElapsedCallback
 .text.HAL_TIM_OC_DelayElapsedCallback
                0x000000000800790c        0x2 ./build/stm32f7xx_hal_tim.o
                0x000000000800790c                HAL_TIM_OC_DelayElapsedCallback
 .text.HAL_TIM_IC_CaptureCallback
                0x000000000800790e        0x2 ./build/stm32f7xx_hal_tim.o
                0x000000000800790e                HAL_TIM_IC_CaptureCallback
 .text.HAL_TIM_PWM_PulseFinishedCallback
                0x0000000008007910        0x2 ./build/stm32f7xx_hal_tim.o
                0x0000000008007910                HAL_TIM_PWM_PulseFinishedCallback
 .text.HAL_TIM_TriggerCallback
                0x0000000008007912        0x2 ./build/stm32f7xx_hal_tim.o
                0x0000000008007912                HAL_TIM_TriggerCallback
 .text.HAL_TIM_IRQHandler
                0x0000000008007914      0x19a ./build/stm32f7xx_hal_tim.o
                0x0000000008007914                HAL_TIM_IRQHandler
 *fill*         0x0000000008007aae        0x2 
 .text.TIM_Base_SetConfig
                0x0000000008007ab0      0x110 ./build/stm32f7xx_hal_tim.o
                0x0000000008007ab0                TIM_Base_SetConfig
 .text.HAL_TIM_Base_Init
                0x0000000008007bc0       0x60 ./build/stm32f7xx_hal_tim.o
                0x0000000008007bc0                HAL_TIM_Base_Init
 .text.TIM_ETR_SetConfig
                0x0000000008007c20       0x1a ./build/stm32f7xx_hal_tim.o
                0x0000000008007c20                TIM_ETR_SetConfig
 *fill*         0x0000000008007c3a        0x2 
 .text.HAL_TIM_ConfigClockSource
                0x0000000008007c3c      0x100 ./build/stm32f7xx_hal_tim.o
                0x0000000008007c3c                HAL_TIM_ConfigClockSource
 .text.HAL_TIMEx_MasterConfigSynchronization
                0x0000000008007d3c       0xa0 ./build/stm32f7xx_hal_tim_ex.o
                0x0000000008007d3c                HAL_TIMEx_MasterConfigSynchronization
 .text.HAL_TIMEx_CommutCallback
                0x0000000008007ddc        0x2 ./build/stm32f7xx_hal_tim_ex.o
                0x0000000008007ddc                HAL_TIMEx_CommutCallback
 .text.HAL_TIMEx_BreakCallback
                0x0000000008007dde        0x2 ./build/stm32f7xx_hal_tim_ex.o
                0x0000000008007dde                HAL_TIMEx_BreakCallback
 .text.HAL_TIMEx_Break2Callback
                0x0000000008007de0        0x2 ./build/stm32f7xx_hal_tim_ex.o
                0x0000000008007de0                HAL_TIMEx_Break2Callback
 .text.UART_EndRxTransfer
                0x0000000008007de2       0x52 ./build/stm32f7xx_hal_uart.o
 .text.UART_TxISR_8BIT
                0x0000000008007e34       0x54 ./build/stm32f7xx_hal_uart.o
 .text.UART_TxISR_16BIT
                0x0000000008007e88       0x58 ./build/stm32f7xx_hal_uart.o
 .text.HAL_UART_Transmit_IT
                0x0000000008007ee0       0x64 ./build/stm32f7xx_hal_uart.o
                0x0000000008007ee0                HAL_UART_Transmit_IT
 .text.HAL_UART_TxCpltCallback
                0x0000000008007f44        0x2 ./build/stm32f7xx_hal_uart.o
                0x0000000008007f44                HAL_UART_TxCpltCallback
 .text.UART_EndTransmit_IT
                0x0000000008007f46       0x22 ./build/stm32f7xx_hal_uart.o
 .text.HAL_UART_ErrorCallback
                0x0000000008007f68        0x2 ./build/stm32f7xx_hal_uart.o
                0x0000000008007f68                HAL_UART_ErrorCallback
 .text.UART_DMAAbortOnError
                0x0000000008007f6a       0x14 ./build/stm32f7xx_hal_uart.o
 .text.HAL_UARTEx_RxEventCallback
                0x0000000008007f7e        0x2 ./build/stm32f7xx_hal_uart.o
                0x0000000008007f7e                HAL_UARTEx_RxEventCallback
 .text.UART_RxISR_8BIT
                0x0000000008007f80       0xb4 ./build/stm32f7xx_hal_uart.o
 .text.UART_RxISR_16BIT
                0x0000000008008034       0xb2 ./build/stm32f7xx_hal_uart.o
 .text.HAL_UARTEx_WakeupCallback
                0x00000000080080e6        0x2 ./build/stm32f7xx_hal_uart.o
                0x00000000080080e6                HAL_UARTEx_WakeupCallback
 .text.HAL_UART_IRQHandler
                0x00000000080080e8      0x2ec ./build/stm32f7xx_hal_uart.o
                0x00000000080080e8                HAL_UART_IRQHandler
 .text.UART_SetConfig
                0x00000000080083d4      0x330 ./build/stm32f7xx_hal_uart.o
                0x00000000080083d4                UART_SetConfig
 .text.UART_AdvFeatureConfig
                0x0000000008008704       0xca ./build/stm32f7xx_hal_uart.o
                0x0000000008008704                UART_AdvFeatureConfig
 .text.UART_WaitOnFlagUntilTimeout
                0x00000000080087ce       0xd8 ./build/stm32f7xx_hal_uart.o
                0x00000000080087ce                UART_WaitOnFlagUntilTimeout
 .text.UART_CheckIdleState
                0x00000000080088a6       0x74 ./build/stm32f7xx_hal_uart.o
                0x00000000080088a6                UART_CheckIdleState
 .text.HAL_UART_Init
                0x000000000800891a       0x62 ./build/stm32f7xx_hal_uart.o
                0x000000000800891a                HAL_UART_Init
 .text.UART_Start_Receive_IT
                0x000000000800897c       0xd4 ./build/stm32f7xx_hal_uart.o
                0x000000000800897c                UART_Start_Receive_IT
 .text.HAL_UART_Receive_IT
                0x0000000008008a50       0x40 ./build/stm32f7xx_hal_uart.o
                0x0000000008008a50                HAL_UART_Receive_IT
 .text.Reset_Handler
                0x0000000008008a90       0x50 ./build/startup_stm32f767xx.o
                0x0000000008008a90                Reset_Handler
 .text.Default_Handler
                0x0000000008008ae0        0x2 ./build/startup_stm32f767xx.o
                0x0000000008008ae0                RTC_Alarm_IRQHandler
                0x0000000008008ae0                EXTI2_IRQHandler
                0x0000000008008ae0                TIM8_CC_IRQHandler
                0x0000000008008ae0                UART8_IRQHandler
                0x0000000008008ae0                SPI4_IRQHandler
                0x0000000008008ae0                TIM1_CC_IRQHandler
                0x0000000008008ae0                DMA2_Stream5_IRQHandler
                0x0000000008008ae0                JPEG_IRQHandler
                0x0000000008008ae0                DMA1_Stream5_IRQHandler
                0x0000000008008ae0                CAN3_RX1_IRQHandler
                0x0000000008008ae0                PVD_IRQHandler
                0x0000000008008ae0                TAMP_STAMP_IRQHandler
                0x0000000008008ae0                CAN2_RX1_IRQHandler
                0x0000000008008ae0                EXTI3_IRQHandler
                0x0000000008008ae0                TIM8_TRG_COM_TIM14_IRQHandler
                0x0000000008008ae0                DFSDM1_FLT1_IRQHandler
                0x0000000008008ae0                TIM1_UP_TIM10_IRQHandler
                0x0000000008008ae0                TIM8_UP_TIM13_IRQHandler
                0x0000000008008ae0                I2C3_ER_IRQHandler
                0x0000000008008ae0                DFSDM1_FLT2_IRQHandler
                0x0000000008008ae0                EXTI0_IRQHandler
                0x0000000008008ae0                I2C2_EV_IRQHandler
                0x0000000008008ae0                DMA1_Stream2_IRQHandler
                0x0000000008008ae0                CAN1_RX0_IRQHandler
                0x0000000008008ae0                FPU_IRQHandler
                0x0000000008008ae0                OTG_HS_WKUP_IRQHandler
                0x0000000008008ae0                CAN3_SCE_IRQHandler
                0x0000000008008ae0                LTDC_ER_IRQHandler
                0x0000000008008ae0                CAN2_SCE_IRQHandler
                0x0000000008008ae0                DMA2_Stream2_IRQHandler
                0x0000000008008ae0                SPI1_IRQHandler
                0x0000000008008ae0                TIM6_DAC_IRQHandler
                0x0000000008008ae0                TIM1_BRK_TIM9_IRQHandler
                0x0000000008008ae0                DCMI_IRQHandler
                0x0000000008008ae0                CAN2_RX0_IRQHandler
                0x0000000008008ae0                DMA2_Stream3_IRQHandler
                0x0000000008008ae0                SAI2_IRQHandler
                0x0000000008008ae0                DFSDM1_FLT3_IRQHandler
                0x0000000008008ae0                USART6_IRQHandler
                0x0000000008008ae0                CAN3_RX0_IRQHandler
                0x0000000008008ae0                CAN1_RX1_IRQHandler
                0x0000000008008ae0                UART5_IRQHandler
                0x0000000008008ae0                DMA2_Stream0_IRQHandler
                0x0000000008008ae0                TIM4_IRQHandler
                0x0000000008008ae0                QUADSPI_IRQHandler
                0x0000000008008ae0                I2C1_EV_IRQHandler
                0x0000000008008ae0                DMA1_Stream1_IRQHandler
                0x0000000008008ae0                UART4_IRQHandler
                0x0000000008008ae0                TIM3_IRQHandler
                0x0000000008008ae0                RCC_IRQHandler
                0x0000000008008ae0                TIM8_BRK_TIM12_IRQHandler
                0x0000000008008ae0                Default_Handler
                0x0000000008008ae0                CEC_IRQHandler
                0x0000000008008ae0                EXTI15_10_IRQHandler
                0x0000000008008ae0                DMA1_Stream7_IRQHandler
                0x0000000008008ae0                SPI5_IRQHandler
                0x0000000008008ae0                TIM7_IRQHandler
                0x0000000008008ae0                SDMMC1_IRQHandler
                0x0000000008008ae0                CAN2_TX_IRQHandler
                0x0000000008008ae0                TIM5_IRQHandler
                0x0000000008008ae0                DMA2_Stream7_IRQHandler
                0x0000000008008ae0                I2C3_EV_IRQHandler
                0x0000000008008ae0                EXTI9_5_IRQHandler
                0x0000000008008ae0                RTC_WKUP_IRQHandler
                0x0000000008008ae0                LTDC_IRQHandler
                0x0000000008008ae0                ETH_WKUP_IRQHandler
                0x0000000008008ae0                SPDIF_RX_IRQHandler
                0x0000000008008ae0                SPI2_IRQHandler
                0x0000000008008ae0                OTG_HS_EP1_IN_IRQHandler
                0x0000000008008ae0                DMA1_Stream0_IRQHandler
                0x0000000008008ae0                CAN1_TX_IRQHandler
                0x0000000008008ae0                EXTI4_IRQHandler
                0x0000000008008ae0                RNG_IRQHandler
                0x0000000008008ae0                ETH_IRQHandler
                0x0000000008008ae0                OTG_HS_EP1_OUT_IRQHandler
                0x0000000008008ae0                WWDG_IRQHandler
                0x0000000008008ae0                SPI6_IRQHandler
                0x0000000008008ae0                MDIOS_IRQHandler
                0x0000000008008ae0                I2C4_EV_IRQHandler
                0x0000000008008ae0                CAN3_TX_IRQHandler
                0x0000000008008ae0                OTG_FS_WKUP_IRQHandler
                0x0000000008008ae0                TIM1_TRG_COM_TIM11_IRQHandler
                0x0000000008008ae0                OTG_HS_IRQHandler
                0x0000000008008ae0                DMA2D_IRQHandler
                0x0000000008008ae0                EXTI1_IRQHandler
                0x0000000008008ae0                SDMMC2_IRQHandler
                0x0000000008008ae0                UART7_IRQHandler
                0x0000000008008ae0                USART2_IRQHandler
                0x0000000008008ae0                DFSDM1_FLT0_IRQHandler
                0x0000000008008ae0                I2C2_ER_IRQHandler
                0x0000000008008ae0                DMA2_Stream1_IRQHandler
                0x0000000008008ae0                CAN1_SCE_IRQHandler
                0x0000000008008ae0                FLASH_IRQHandler
                0x0000000008008ae0                DMA2_Stream4_IRQHandler
                0x0000000008008ae0                USART1_IRQHandler
                0x0000000008008ae0                OTG_FS_IRQHandler
                0x0000000008008ae0                SPI3_IRQHandler
                0x0000000008008ae0                DMA1_Stream4_IRQHandler
                0x0000000008008ae0                I2C1_ER_IRQHandler
                0x0000000008008ae0                FMC_IRQHandler
                0x0000000008008ae0                LPTIM1_IRQHandler
                0x0000000008008ae0                I2C4_ER_IRQHandler
                0x0000000008008ae0                DMA2_Stream6_IRQHandler
                0x0000000008008ae0                SAI1_IRQHandler
                0x0000000008008ae0                DMA1_Stream3_IRQHandler
 *(.glue_7)
 .glue_7        0x0000000008008ae2        0x0 linker stubs
 *(.glue_7t)
 .glue_7t       0x0000000008008ae2        0x0 linker stubs
 *(.eh_frame)
 *fill*         0x0000000008008ae2        0x2 
 .eh_frame      0x0000000008008ae4        0x0 /usr/lib/gcc/arm-none-eabi/10.3.1/thumb/v7e-m+dp/hard/crtbegin.o
 *(.init)
 .init          0x0000000008008ae4        0x4 /usr/lib/gcc/arm-none-eabi/10.3.1/thumb/v7e-m+dp/hard/crti.o
                0x0000000008008ae4                _init
 .init          0x0000000008008ae8        0x8 /usr/lib/gcc/arm-none-eabi/10.3.1/thumb/v7e-m+dp/hard/crtn.o
 *(.fini)
 .fini          0x0000000008008af0        0x4 /usr/lib/gcc/arm-none-eabi/10.3.1/thumb/v7e-m+dp/hard/crti.o
                0x0000000008008af0                _fini
 .fini          0x0000000008008af4        0x8 /usr/lib/gcc/arm-none-eabi/10.3.1/thumb/v7e-m+dp/hard/crtn.o
                0x0000000008008afc                . = ALIGN (0x4)
                0x0000000008008afc                _etext = .

.vfp11_veneer   0x0000000008008afc        0x0
 .vfp11_veneer  0x0000000008008afc        0x0 linker stubs

.v4_bx          0x0000000008008afc        0x0
 .v4_bx         0x0000000008008afc        0x0 linker stubs

.iplt           0x0000000008008afc        0x0
 .iplt          0x0000000008008afc        0x0 /usr/lib/gcc/arm-none-eabi/10.3.1/thumb/v7e-m+dp/hard/crtbegin.o

.rodata         0x0000000008008b00     0x1158
                0x0000000008008b00                . = ALIGN (0x4)
 *(.rodata)
 .rodata        0x0000000008008b00        0x4 /usr/lib/gcc/arm-none-eabi/10.3.1/../../../arm-none-eabi/lib/thumb/v7e-m+dp/hard/libc_nano.a(lib_a-impure.o)
                0x0000000008008b00                _global_impure_ptr
 .rodata        0x0000000008008b04      0x101 /usr/lib/gcc/arm-none-eabi/10.3.1/../../../arm-none-eabi/lib/thumb/v7e-m+dp/hard/libc_nano.a(lib_a-ctype_.o)
                0x0000000008008b04                _ctype_
 *fill*         0x0000000008008c05        0x3 
 .rodata        0x0000000008008c08       0x60 /usr/lib/gcc/arm-none-eabi/10.3.1/../../../arm-none-eabi/lib/thumb/v7e-m+dp/hard/libc_nano.a(lib_a-findfp.o)
                0x0000000008008c08                __sf_fake_stderr
                0x0000000008008c28                __sf_fake_stdout
                0x0000000008008c48                __sf_fake_stdin
 .rodata        0x0000000008008c68      0x188 /usr/lib/gcc/arm-none-eabi/10.3.1/../../../arm-none-eabi/lib/thumb/v7e-m+dp/hard/libm.a(lib_a-e_rem_pio2.o)
 .rodata        0x0000000008008df0       0x50 /usr/lib/gcc/arm-none-eabi/10.3.1/../../../arm-none-eabi/lib/thumb/v7e-m+dp/hard/libm.a(lib_a-k_rem_pio2.o)
 *(.rodata*)
 .rodata.print_adcValues.str1.4
                0x0000000008008e40        0xb ./build/adc.o
 *fill*         0x0000000008008e4b        0x1 
 .rodata.ADC_Channels
                0x0000000008008e4c       0x40 ./build/adc.o
                0x0000000008008e4c                ADC_Channels
 .rodata.help_cb.str1.4
                0x0000000008008e8c       0x8a ./build/commands.o
 *fill*         0x0000000008008f16        0x2 
 .rodata.print_full_help.str1.4
                0x0000000008008f18        0xa ./build/commands.o
 *fill*         0x0000000008008f22        0x2 
 .rodata.print_arg_help.str1.4
                0x0000000008008f24       0x11 ./build/commands.o
 *fill*         0x0000000008008f35        0x3 
 .rodata.exec_cmd.str1.4
                0x0000000008008f38       0x45 ./build/commands.o
 *fill*         0x0000000008008f7d        0x3 
 .rodata.str1.4
                0x0000000008008f80      0x3a5 ./build/commands.o
                                        0x3ad (size before relaxing)
 *fill*         0x0000000008009325        0x3 
 .rodata.cmd_list
                0x0000000008009328      0x110 ./build/commands.o
                0x0000000008009328                cmd_list
 .rodata.GPIO_Pins
                0x0000000008009438       0x20 ./build/gpio.o
                0x0000000008009438                GPIO_Pins
 .rodata.GPIO_Ports
                0x0000000008009458       0x2c ./build/gpio.o
                0x0000000008009458                GPIO_Ports
 .rodata.memory_read.str1.4
                0x0000000008009484       0x41 ./build/interface.o
 *fill*         0x00000000080094c5        0x3 
 .rodata.memory_write.str1.4
                0x00000000080094c8       0x50 ./build/interface.o
 .rodata.ver_cb.str1.4
                0x0000000008009518       0x8f ./build/interface.o
 *fill*         0x00000000080095a7        0x1 
 .rodata.mi_cb.str1.4
                0x00000000080095a8       0x47 ./build/interface.o
 *fill*         0x00000000080095ef        0x1 
 .rodata.mo_cb.str1.4
                0x00000000080095f0       0x20 ./build/interface.o
 .rodata.rd_cb.str1.4
                0x0000000008009610       0x50 ./build/interface.o
 .rodata.wd_cb.str1.4
                0x0000000008009660       0x29 ./build/interface.o
 *fill*         0x0000000008009689        0x3 
 .rodata.ra_cb.str1.4
                0x000000000800968c       0x45 ./build/interface.o
 *fill*         0x00000000080096d1        0x3 
 .rodata.main.str1.4
                0x00000000080096d4       0x7c ./build/main.o
                                         0x7e (size before relaxing)
 .rodata.parse_cmd.str1.4
                0x0000000008009750       0x7c ./build/parser.o
                                          0x2 (size before relaxing)
 .rodata.sp_cb.str1.4
                0x0000000008009750       0x24 ./build/sampling.o
 .rodata.ac_cb.str1.4
                0x0000000008009774       0x28 ./build/sampling.o
                                         0x4c (size before relaxing)
 .rodata.fn_cb.str1.4
                0x000000000800979c       0xcd ./build/sampling.o
 *fill*         0x0000000008009869        0x3 
 .rodata.ff_cb.str1.4
                0x000000000800986c       0x2a ./build/sampling.o
 *fill*         0x0000000008009896        0x2 
 .rodata.s_cb.str1.4
                0x0000000008009898       0x82 ./build/sampling.o
 *fill*         0x000000000800991a        0x2 
 .rodata.st_cb.str1.4
                0x000000000800991c       0x30 ./build/sampling.o
 .rodata.wg_cb.str1.4
                0x000000000800994c       0x3c ./build/sampling.o
 .rodata.str1.4
                0x0000000008009988       0x1b ./build/sampling.o
                                         0x1e (size before relaxing)
 *fill*         0x00000000080099a3        0x1 
 .rodata.FIR_BP_x_coefs
                0x00000000080099a4       0x4c ./build/sampling.o
                0x00000000080099a4                FIR_BP_x_coefs
 .rodata.FIR_HP_x_coefs
                0x00000000080099f0       0x74 ./build/sampling.o
                0x00000000080099f0                FIR_HP_x_coefs
 .rodata.FIR_LP_x_coefs
                0x0000000008009a64       0xac ./build/sampling.o
                0x0000000008009a64                FIR_LP_x_coefs
 .rodata.FIR_y_coefs
                0x0000000008009b10        0x4 ./build/sampling.o
                0x0000000008009b10                FIR_y_coefs
 .rodata.signal_list
                0x0000000008009b14       0x28 ./build/sampling.o
                0x0000000008009b14                signal_list
 .rodata.timer_reloads
                0x0000000008009b3c        0xc ./build/sampling.o
                0x0000000008009b3c                timer_reloads
 .rodata.AHBPrescTable
                0x0000000008009b48       0x10 ./build/system_stm32f7xx.o
                0x0000000008009b48                AHBPrescTable
 .rodata.APBPrescTable
                0x0000000008009b58        0x8 ./build/system_stm32f7xx.o
                0x0000000008009b58                APBPrescTable
 .rodata.enter_key_cb.str1.4
                0x0000000008009b60       0x1b ./build/usart.o
                                          0x3 (size before relaxing)
 .rodata.s_key_list
                0x0000000008009b60       0x28 ./build/usart.o
                0x0000000008009b60                s_key_list
 .rodata.flagBitshiftOffset.0
                0x0000000008009b88        0x8 ./build/stm32f7xx_hal_dma.o
 .rodata.str1.4
                0x0000000008009b90       0x4c /usr/lib/gcc/arm-none-eabi/10.3.1/../../../arm-none-eabi/lib/thumb/v7e-m+dp/hard/libc_nano.a(lib_a-strtok.o)
 .rodata.str1.4
                0x0000000008009bdc       0x3f /usr/lib/gcc/arm-none-eabi/10.3.1/../../../arm-none-eabi/lib/thumb/v7e-m+dp/hard/libc_nano.a(lib_a-assert.o)
                                         0x43 (size before relaxing)
 *fill*         0x0000000008009c1b        0x1 
 .rodata.str1.4
                0x0000000008009c1c       0x13 /usr/lib/gcc/arm-none-eabi/10.3.1/../../../arm-none-eabi/lib/thumb/v7e-m+dp/hard/libc_nano.a(lib_a-nano-svfprintf.o)
 .rodata.str1.4
                0x0000000008009c2f       0x13 /usr/lib/gcc/arm-none-eabi/10.3.1/../../../arm-none-eabi/lib/thumb/v7e-m+dp/hard/libc_nano.a(lib_a-nano-vfprintf.o)
 *fill*         0x0000000008009c2f        0x1 
 .rodata.str1.4
                0x0000000008009c30       0x25 /usr/lib/gcc/arm-none-eabi/10.3.1/../../../arm-none-eabi/lib/thumb/v7e-m+dp/hard/libc_nano.a(lib_a-nano-vfprintf_i.o)
                0x0000000008009c58                . = ALIGN (0x4)
 *fill*         0x0000000008009c55        0x3 

.ARM.extab
 *(.ARM.extab* .gnu.linkonce.armextab.*)

.ARM            0x0000000008009c58        0x8
                0x0000000008009c58                __exidx_start = .
 *(.ARM.exidx*)
 .ARM.exidx     0x0000000008009c58        0x8 /usr/lib/gcc/arm-none-eabi/10.3.1/thumb/v7e-m+dp/hard/libgcc.a(_udivmoddi4.o)
                0x0000000008009c60                __exidx_end = .

.rel.dyn        0x0000000008009c60        0x0
 .rel.iplt      0x0000000008009c60        0x0 /usr/lib/gcc/arm-none-eabi/10.3.1/thumb/v7e-m+dp/hard/crtbegin.o

.preinit_array  0x0000000008009c60        0x0
                0x0000000008009c60                PROVIDE (__preinit_array_start = .)
 *(.preinit_array*)
                0x0000000008009c60                PROVIDE (__preinit_array_end = .)

.init_array     0x0000000008009c60        0x4
                0x0000000008009c60                PROVIDE (__init_array_start = .)
 *(SORT_BY_NAME(.init_array.*))
 *(.init_array*)
 .init_array    0x0000000008009c60        0x4 /usr/lib/gcc/arm-none-eabi/10.3.1/thumb/v7e-m+dp/hard/crtbegin.o
                0x0000000008009c64                PROVIDE (__init_array_end = .)

.fini_array     0x0000000008009c64        0x4
                0x0000000008009c64                PROVIDE (__fini_array_start = .)
 *(SORT_BY_NAME(.fini_array.*))
 *(.fini_array*)
 .fini_array    0x0000000008009c64        0x4 /usr/lib/gcc/arm-none-eabi/10.3.1/thumb/v7e-m+dp/hard/crtbegin.o
                0x0000000008009c68                PROVIDE (__fini_array_end = .)
                0x0000000008009c68                _sidata = LOADADDR (.data)

.data           0x0000000020000000       0x80 load address 0x0000000008009c68
                0x0000000020000000                . = ALIGN (0x4)
                0x0000000020000000                _sdata = .
 *(.data)
 .data          0x0000000020000000       0x64 /usr/lib/gcc/arm-none-eabi/10.3.1/../../../arm-none-eabi/lib/thumb/v7e-m+dp/hard/libc_nano.a(lib_a-impure.o)
                0x0000000020000000                _impure_ptr
 *(.data*)
 .data.ADC_smp_num
                0x0000000020000064        0x2 ./build/adc.o
                0x0000000020000064                ADC_smp_num
 *fill*         0x0000000020000066        0x2 
 .data.timeunits_arr
                0x0000000020000068        0xc ./build/sampling.o
                0x0000000020000068                timeunits_arr
 .data.SystemCoreClock
                0x0000000020000074        0x4 ./build/system_stm32f7xx.o
                0x0000000020000074                SystemCoreClock
 .data.uwTickFreq
                0x0000000020000078        0x1 ./build/stm32f7xx_hal.o
                0x0000000020000078                uwTickFreq
 *fill*         0x0000000020000079        0x3 
 .data.uwTickPrio
                0x000000002000007c        0x4 ./build/stm32f7xx_hal.o
                0x000000002000007c                uwTickPrio
                0x0000000020000080                . = ALIGN (0x4)
                0x0000000020000080                _edata = .

.tm_clone_table
                0x0000000020000080        0x0 load address 0x0000000008009ce8
 .tm_clone_table
                0x0000000020000080        0x0 /usr/lib/gcc/arm-none-eabi/10.3.1/thumb/v7e-m+dp/hard/crtbegin.o
 .tm_clone_table
                0x0000000020000080        0x0 /usr/lib/gcc/arm-none-eabi/10.3.1/thumb/v7e-m+dp/hard/crtend.o

.igot.plt       0x0000000020000080        0x0 load address 0x0000000008009ce8
 .igot.plt      0x0000000020000080        0x0 /usr/lib/gcc/arm-none-eabi/10.3.1/thumb/v7e-m+dp/hard/crtbegin.o
                0x0000000020000080                . = ALIGN (0x4)

.bss            0x0000000020000080      0x5e4 load address 0x0000000008009ce8
                0x0000000020000080                _sbss = .
                0x0000000020000080                __bss_start__ = _sbss
 *(.bss)
 .bss           0x0000000020000080       0x1c /usr/lib/gcc/arm-none-eabi/10.3.1/thumb/v7e-m+dp/hard/crtbegin.o
 .bss           0x000000002000009c        0x8 /usr/lib/gcc/arm-none-eabi/10.3.1/../../../arm-none-eabi/lib/thumb/v7e-m+dp/hard/libc_nano.a(lib_a-nano-mallocr.o)
                0x000000002000009c                __malloc_free_list
                0x00000000200000a0                __malloc_sbrk_start
 .bss           0x00000000200000a4        0x4 /usr/lib/gcc/arm-none-eabi/10.3.1/../../../arm-none-eabi/lib/thumb/v7e-m+dp/hard/libc_nano.a(lib_a-reent.o)
                0x00000000200000a4                errno
 *(.bss*)
 .bss.ADC_Val_index
                0x00000000200000a8        0x1 ./build/adc.o
                0x00000000200000a8                ADC_Val_index
 *fill*         0x00000000200000a9        0x3 
 .bss.ADC_Values
                0x00000000200000ac       0x80 ./build/adc.o
                0x00000000200000ac                ADC_Values
 .bss.adcValue  0x000000002000012c        0x4 ./build/adc.o
                0x000000002000012c                adcValue
 .bss.hadc1     0x0000000020000130       0x48 ./build/adc.o
                0x0000000020000130                hadc1
 .bss.pin       0x0000000020000178        0x1 ./build/adc.o
                0x0000000020000178                pin
 *fill*         0x0000000020000179        0x3 
 .bss.pin_mode  0x000000002000017c        0x4 ./build/adc.o
                0x000000002000017c                pin_mode
 .bss.port      0x0000000020000180        0x1 ./build/adc.o
                0x0000000020000180                port
 .bss.smps_left
                0x0000000020000181        0x1 ./build/adc.o
                0x0000000020000181                smps_left
 *fill*         0x0000000020000182        0x2 
 .bss.y.0       0x0000000020000184        0x4 ./build/adc.o
 .bss.hdac      0x0000000020000188       0x14 ./build/dac.o
                0x0000000020000188                hdac
 .bss.hdma_dac2
                0x000000002000019c       0x60 ./build/dac.o
                0x000000002000019c                hdma_dac2
 .bss.last_valid_cmd
                0x00000000200001fc       0x10 ./build/main.o
                0x00000000200001fc                last_valid_cmd
 .bss.SP_cb_done
                0x000000002000020c        0x1 ./build/sampling.o
 .bss.Sampling_flag
                0x000000002000020d        0x1 ./build/sampling.o
 *fill*         0x000000002000020e        0x2 
 .bss.f         0x0000000020000210       0x20 ./build/sampling.o
                0x0000000020000210                f
 .bss.signal_buff
                0x0000000020000230      0x190 ./build/signals.o
                0x0000000020000230                signal_buff
 .bss.hspi1     0x00000000200003c0       0x64 ./build/spi.o
                0x00000000200003c0                hspi1
 .bss.__sbrk_heap_end
                0x0000000020000424        0x4 ./build/sysmem.o
 .bss.htim2     0x0000000020000428       0x4c ./build/tim.o
                0x0000000020000428                htim2
 .bss.htim6     0x0000000020000474       0x4c ./build/tim.o
                0x0000000020000474                htim6
 .bss.Rx_Buffer
                0x00000000200004c0       0x10 ./build/usart.o
                0x00000000200004c0                Rx_Buffer
 .bss.Rx_flag   0x00000000200004d0        0x1 ./build/usart.o
                0x00000000200004d0                Rx_flag
 .bss.Rx_index  0x00000000200004d1        0x1 ./build/usart.o
                0x00000000200004d1                Rx_index
 *fill*         0x00000000200004d2        0x2 
 .bss.Tx_Buffer
                0x00000000200004d4      0x100 ./build/usart.o
                0x00000000200004d4                Tx_Buffer
 .bss.c         0x00000000200005d4        0x1 ./build/usart.o
                0x00000000200005d4                c
 .bss.cmd_received
                0x00000000200005d5        0x1 ./build/usart.o
                0x00000000200005d5                cmd_received
 *fill*         0x00000000200005d6        0x2 
 .bss.huart3    0x00000000200005d8       0x88 ./build/usart.o
                0x00000000200005d8                huart3
 .bss.uwTick    0x0000000020000660        0x4 ./build/stm32f7xx_hal.o
                0x0000000020000660                uwTick
 *(COMMON)
                0x0000000020000664                . = ALIGN (0x4)
                0x0000000020000664                _ebss = .
                0x0000000020000664                __bss_end__ = _ebss

._user_heap_stack
                0x0000000020000664      0x604 load address 0x0000000008009ce8
                0x0000000020000668                . = ALIGN (0x8)
 *fill*         0x0000000020000664        0x4 
                [!provide]                        PROVIDE (end = .)
                0x0000000020000668                PROVIDE (_end = .)
                0x0000000020000868                . = (. + _Min_Heap_Size)
 *fill*         0x0000000020000668      0x200 
                0x0000000020000c68                . = (. + _Min_Stack_Size)
 *fill*         0x0000000020000868      0x400 
                0x0000000020000c68                . = ALIGN (0x8)

/DISCARD/
 libc.a(*)
 libm.a(*)
 libgcc.a(*)

.ARM.attributes
                0x0000000000000000       0x2e
 *(.ARM.attributes)
 .ARM.attributes
                0x0000000000000000       0x1e /usr/lib/gcc/arm-none-eabi/10.3.1/thumb/v7e-m+dp/hard/crti.o
 .ARM.attributes
                0x000000000000001e       0x32 /usr/lib/gcc/arm-none-eabi/10.3.1/thumb/v7e-m+dp/hard/crtbegin.o
 .ARM.attributes
                0x0000000000000050       0x32 ./build/adc.o
 .ARM.attributes
                0x0000000000000082       0x32 ./build/commands.o
 .ARM.attributes
                0x00000000000000b4       0x32 ./build/dac.o
 .ARM.attributes
                0x00000000000000e6       0x32 ./build/dma.o
 .ARM.attributes
                0x0000000000000118       0x32 ./build/filters.o
 .ARM.attributes
                0x000000000000014a       0x32 ./build/gpio.o
 .ARM.attributes
                0x000000000000017c       0x32 ./build/interface.o
 .ARM.attributes
                0x00000000000001ae       0x32 ./build/main.o
 .ARM.attributes
                0x00000000000001e0       0x32 ./build/parser.o
 .ARM.attributes
                0x0000000000000212       0x32 ./build/sampling.o
 .ARM.attributes
                0x0000000000000244       0x32 ./build/signals.o
 .ARM.attributes
                0x0000000000000276       0x32 ./build/spi.o
 .ARM.attributes
                0x00000000000002a8       0x32 ./build/stm32f7xx_hal_msp.o
 .ARM.attributes
                0x00000000000002da       0x32 ./build/stm32f7xx_it.o
 .ARM.attributes
                0x000000000000030c       0x32 ./build/syscalls.o
 .ARM.attributes
                0x000000000000033e       0x32 ./build/sysmem.o
 .ARM.attributes
                0x0000000000000370       0x32 ./build/system_stm32f7xx.o
 .ARM.attributes
                0x00000000000003a2       0x32 ./build/tim.o
 .ARM.attributes
                0x00000000000003d4       0x32 ./build/usart.o
 .ARM.attributes
                0x0000000000000406       0x32 ./build/utils.o
 .ARM.attributes
                0x0000000000000438       0x32 ./build/stm32f7xx_hal_adc.o
 .ARM.attributes
                0x000000000000046a       0x32 ./build/stm32f7xx_hal_adc_ex.o
 .ARM.attributes
                0x000000000000049c       0x32 ./build/stm32f7xx_hal.o
 .ARM.attributes
                0x00000000000004ce       0x32 ./build/stm32f7xx_hal_cortex.o
 .ARM.attributes
                0x0000000000000500       0x32 ./build/stm32f7xx_hal_dac.o
 .ARM.attributes
                0x0000000000000532       0x32 ./build/stm32f7xx_hal_dac_ex.o
 .ARM.attributes
                0x0000000000000564       0x32 ./build/stm32f7xx_hal_dma.o
 .ARM.attributes
                0x0000000000000596       0x32 ./build/stm32f7xx_hal_gpio.o
 .ARM.attributes
                0x00000000000005c8       0x32 ./build/stm32f7xx_hal_pwr_ex.o
 .ARM.attributes
                0x00000000000005fa       0x32 ./build/stm32f7xx_hal_rcc.o
 .ARM.attributes
                0x000000000000062c       0x32 ./build/stm32f7xx_hal_rcc_ex.o
 .ARM.attributes
                0x000000000000065e       0x32 ./build/stm32f7xx_hal_spi.o
 .ARM.attributes
                0x0000000000000690       0x32 ./build/stm32f7xx_hal_tim.o
 .ARM.attributes
                0x00000000000006c2       0x32 ./build/stm32f7xx_hal_tim_ex.o
 .ARM.attributes
                0x00000000000006f4       0x32 ./build/stm32f7xx_hal_uart.o
 .ARM.attributes
                0x0000000000000726       0x21 ./build/startup_stm32f767xx.o
 .ARM.attributes
                0x0000000000000747       0x32 /usr/lib/gcc/arm-none-eabi/10.3.1/../../../arm-none-eabi/lib/thumb/v7e-m+dp/hard/libc_nano.a(lib_a-errno.o)
 .ARM.attributes
                0x0000000000000779       0x30 /usr/lib/gcc/arm-none-eabi/10.3.1/../../../arm-none-eabi/lib/thumb/v7e-m+dp/hard/libc_nano.a(lib_a-impure.o)
 .ARM.attributes
                0x00000000000007a9       0x32 /usr/lib/gcc/arm-none-eabi/10.3.1/../../../arm-none-eabi/lib/thumb/v7e-m+dp/hard/libc_nano.a(lib_a-init.o)
 .ARM.attributes
                0x00000000000007db       0x32 /usr/lib/gcc/arm-none-eabi/10.3.1/../../../arm-none-eabi/lib/thumb/v7e-m+dp/hard/libc_nano.a(lib_a-malloc.o)
 .ARM.attributes
                0x000000000000080d       0x32 /usr/lib/gcc/arm-none-eabi/10.3.1/../../../arm-none-eabi/lib/thumb/v7e-m+dp/hard/libc_nano.a(lib_a-memset.o)
 .ARM.attributes
                0x000000000000083f       0x32 /usr/lib/gcc/arm-none-eabi/10.3.1/../../../arm-none-eabi/lib/thumb/v7e-m+dp/hard/libc_nano.a(lib_a-nano-freer.o)
 .ARM.attributes
                0x0000000000000871       0x32 /usr/lib/gcc/arm-none-eabi/10.3.1/../../../arm-none-eabi/lib/thumb/v7e-m+dp/hard/libc_nano.a(lib_a-nano-mallocr.o)
 .ARM.attributes
                0x00000000000008a3       0x32 /usr/lib/gcc/arm-none-eabi/10.3.1/../../../arm-none-eabi/lib/thumb/v7e-m+dp/hard/libc_nano.a(lib_a-realloc.o)
 .ARM.attributes
                0x00000000000008d5       0x32 /usr/lib/gcc/arm-none-eabi/10.3.1/../../../arm-none-eabi/lib/thumb/v7e-m+dp/hard/libc_nano.a(lib_a-sbrkr.o)
 .ARM.attributes
                0x0000000000000907       0x32 /usr/lib/gcc/arm-none-eabi/10.3.1/../../../arm-none-eabi/lib/thumb/v7e-m+dp/hard/libc_nano.a(lib_a-snprintf.o)
 .ARM.attributes
                0x0000000000000939       0x32 /usr/lib/gcc/arm-none-eabi/10.3.1/../../../arm-none-eabi/lib/thumb/v7e-m+dp/hard/libc_nano.a(lib_a-sprintf.o)
 .ARM.attributes
                0x000000000000096b       0x1c /usr/lib/gcc/arm-none-eabi/10.3.1/../../../arm-none-eabi/lib/thumb/v7e-m+dp/hard/libc_nano.a(lib_a-strcmp.o)
 .ARM.attributes
                0x0000000000000987       0x32 /usr/lib/gcc/arm-none-eabi/10.3.1/../../../arm-none-eabi/lib/thumb/v7e-m+dp/hard/libc_nano.a(lib_a-strcpy.o)
 .ARM.attributes
                0x00000000000009b9       0x1c /usr/lib/gcc/arm-none-eabi/10.3.1/../../../arm-none-eabi/lib/thumb/v7e-m+dp/hard/libc_nano.a(lib_a-strlen.o)
 .ARM.attributes
                0x00000000000009d5       0x32 /usr/lib/gcc/arm-none-eabi/10.3.1/../../../arm-none-eabi/lib/thumb/v7e-m+dp/hard/libc_nano.a(lib_a-strtok.o)
 .ARM.attributes
                0x0000000000000a07       0x32 /usr/lib/gcc/arm-none-eabi/10.3.1/../../../arm-none-eabi/lib/thumb/v7e-m+dp/hard/libc_nano.a(lib_a-strtok_r.o)
 .ARM.attributes
                0x0000000000000a39       0x32 /usr/lib/gcc/arm-none-eabi/10.3.1/../../../arm-none-eabi/lib/thumb/v7e-m+dp/hard/libc_nano.a(lib_a-strtol.o)
 .ARM.attributes
                0x0000000000000a6b       0x32 /usr/lib/gcc/arm-none-eabi/10.3.1/../../../arm-none-eabi/lib/thumb/v7e-m+dp/hard/libc_nano.a(lib_a-assert.o)
 .ARM.attributes
                0x0000000000000a9d       0x30 /usr/lib/gcc/arm-none-eabi/10.3.1/../../../arm-none-eabi/lib/thumb/v7e-m+dp/hard/libc_nano.a(lib_a-ctype_.o)
 .ARM.attributes
                0x0000000000000acd       0x32 /usr/lib/gcc/arm-none-eabi/10.3.1/../../../arm-none-eabi/lib/thumb/v7e-m+dp/hard/libc_nano.a(lib_a-fprintf.o)
 .ARM.attributes
                0x0000000000000aff       0x32 /usr/lib/gcc/arm-none-eabi/10.3.1/../../../arm-none-eabi/lib/thumb/v7e-m+dp/hard/libc_nano.a(lib_a-mlock.o)
 .ARM.attributes
                0x0000000000000b31       0x32 /usr/lib/gcc/arm-none-eabi/10.3.1/../../../arm-none-eabi/lib/thumb/v7e-m+dp/hard/libc_nano.a(lib_a-nano-reallocr.o)
 .ARM.attributes
                0x0000000000000b63       0x32 /usr/lib/gcc/arm-none-eabi/10.3.1/../../../arm-none-eabi/lib/thumb/v7e-m+dp/hard/libc_nano.a(lib_a-nano-svfprintf.o)
 .ARM.attributes
                0x0000000000000b95       0x32 /usr/lib/gcc/arm-none-eabi/10.3.1/../../../arm-none-eabi/lib/thumb/v7e-m+dp/hard/libc_nano.a(lib_a-nano-vfprintf.o)
 .ARM.attributes
                0x0000000000000bc7       0x32 /usr/lib/gcc/arm-none-eabi/10.3.1/../../../arm-none-eabi/lib/thumb/v7e-m+dp/hard/libc_nano.a(lib_a-nano-vfprintf_i.o)
 .ARM.attributes
                0x0000000000000bf9       0x32 /usr/lib/gcc/arm-none-eabi/10.3.1/../../../arm-none-eabi/lib/thumb/v7e-m+dp/hard/libc_nano.a(lib_a-reent.o)
 .ARM.attributes
                0x0000000000000c2b       0x32 /usr/lib/gcc/arm-none-eabi/10.3.1/../../../arm-none-eabi/lib/thumb/v7e-m+dp/hard/libc_nano.a(lib_a-wbuf.o)
 .ARM.attributes
                0x0000000000000c5d       0x32 /usr/lib/gcc/arm-none-eabi/10.3.1/../../../arm-none-eabi/lib/thumb/v7e-m+dp/hard/libc_nano.a(lib_a-wsetup.o)
 .ARM.attributes
                0x0000000000000c8f       0x32 /usr/lib/gcc/arm-none-eabi/10.3.1/../../../arm-none-eabi/lib/thumb/v7e-m+dp/hard/libc_nano.a(lib_a-abort.o)
 .ARM.attributes
                0x0000000000000cc1       0x32 /usr/lib/gcc/arm-none-eabi/10.3.1/../../../arm-none-eabi/lib/thumb/v7e-m+dp/hard/libc_nano.a(lib_a-fflush.o)
 .ARM.attributes
                0x0000000000000cf3       0x32 /usr/lib/gcc/arm-none-eabi/10.3.1/../../../arm-none-eabi/lib/thumb/v7e-m+dp/hard/libc_nano.a(lib_a-findfp.o)
 .ARM.attributes
                0x0000000000000d25       0x32 /usr/lib/gcc/arm-none-eabi/10.3.1/../../../arm-none-eabi/lib/thumb/v7e-m+dp/hard/libc_nano.a(lib_a-fvwrite.o)
 .ARM.attributes
                0x0000000000000d57       0x32 /usr/lib/gcc/arm-none-eabi/10.3.1/../../../arm-none-eabi/lib/thumb/v7e-m+dp/hard/libc_nano.a(lib_a-fwalk.o)
 .ARM.attributes
                0x0000000000000d89       0x32 /usr/lib/gcc/arm-none-eabi/10.3.1/../../../arm-none-eabi/lib/thumb/v7e-m+dp/hard/libc_nano.a(lib_a-makebuf.o)
 .ARM.attributes
                0x0000000000000dbb       0x1c /usr/lib/gcc/arm-none-eabi/10.3.1/../../../arm-none-eabi/lib/thumb/v7e-m+dp/hard/libc_nano.a(lib_a-memchr.o)
 .ARM.attributes
                0x0000000000000dd7       0x1c /usr/lib/gcc/arm-none-eabi/10.3.1/../../../arm-none-eabi/lib/thumb/v7e-m+dp/hard/libc_nano.a(lib_a-memcpy.o)
 .ARM.attributes
                0x0000000000000df3       0x32 /usr/lib/gcc/arm-none-eabi/10.3.1/../../../arm-none-eabi/lib/thumb/v7e-m+dp/hard/libc_nano.a(lib_a-memmove.o)
 .ARM.attributes
                0x0000000000000e25       0x32 /usr/lib/gcc/arm-none-eabi/10.3.1/../../../arm-none-eabi/lib/thumb/v7e-m+dp/hard/libc_nano.a(lib_a-nano-msizer.o)
 .ARM.attributes
                0x0000000000000e57       0x32 /usr/lib/gcc/arm-none-eabi/10.3.1/../../../arm-none-eabi/lib/thumb/v7e-m+dp/hard/libc_nano.a(lib_a-signal.o)
 .ARM.attributes
                0x0000000000000e89       0x32 /usr/lib/gcc/arm-none-eabi/10.3.1/../../../arm-none-eabi/lib/thumb/v7e-m+dp/hard/libc_nano.a(lib_a-signalr.o)
 .ARM.attributes
                0x0000000000000ebb       0x32 /usr/lib/gcc/arm-none-eabi/10.3.1/../../../arm-none-eabi/lib/thumb/v7e-m+dp/hard/libc_nano.a(lib_a-stdio.o)
 .ARM.attributes
                0x0000000000000eed       0x32 /usr/lib/gcc/arm-none-eabi/10.3.1/../../../arm-none-eabi/lib/thumb/v7e-m+dp/hard/libc_nano.a(lib_a-writer.o)
 .ARM.attributes
                0x0000000000000f1f       0x32 /usr/lib/gcc/arm-none-eabi/10.3.1/../../../arm-none-eabi/lib/thumb/v7e-m+dp/hard/libc_nano.a(lib_a-closer.o)
 .ARM.attributes
                0x0000000000000f51       0x32 /usr/lib/gcc/arm-none-eabi/10.3.1/../../../arm-none-eabi/lib/thumb/v7e-m+dp/hard/libc_nano.a(lib_a-fstatr.o)
 .ARM.attributes
                0x0000000000000f83       0x32 /usr/lib/gcc/arm-none-eabi/10.3.1/../../../arm-none-eabi/lib/thumb/v7e-m+dp/hard/libc_nano.a(lib_a-isattyr.o)
 .ARM.attributes
                0x0000000000000fb5       0x32 /usr/lib/gcc/arm-none-eabi/10.3.1/../../../arm-none-eabi/lib/thumb/v7e-m+dp/hard/libc_nano.a(lib_a-lseekr.o)
 .ARM.attributes
                0x0000000000000fe7       0x32 /usr/lib/gcc/arm-none-eabi/10.3.1/../../../arm-none-eabi/lib/thumb/v7e-m+dp/hard/libc_nano.a(lib_a-readr.o)
 .ARM.attributes
                0x0000000000001019       0x32 /usr/lib/gcc/arm-none-eabi/10.3.1/../../../arm-none-eabi/lib/thumb/v7e-m+dp/hard/libm.a(lib_a-s_sin.o)
 .ARM.attributes
                0x000000000000104b       0x32 /usr/lib/gcc/arm-none-eabi/10.3.1/../../../arm-none-eabi/lib/thumb/v7e-m+dp/hard/libm.a(lib_a-e_rem_pio2.o)
 .ARM.attributes
                0x000000000000107d       0x32 /usr/lib/gcc/arm-none-eabi/10.3.1/../../../arm-none-eabi/lib/thumb/v7e-m+dp/hard/libm.a(lib_a-k_cos.o)
 .ARM.attributes
                0x00000000000010af       0x32 /usr/lib/gcc/arm-none-eabi/10.3.1/../../../arm-none-eabi/lib/thumb/v7e-m+dp/hard/libm.a(lib_a-k_rem_pio2.o)
 .ARM.attributes
                0x00000000000010e1       0x32 /usr/lib/gcc/arm-none-eabi/10.3.1/../../../arm-none-eabi/lib/thumb/v7e-m+dp/hard/libm.a(lib_a-k_sin.o)
 .ARM.attributes
                0x0000000000001113       0x32 /usr/lib/gcc/arm-none-eabi/10.3.1/../../../arm-none-eabi/lib/thumb/v7e-m+dp/hard/libm.a(lib_a-s_fabs.o)
 .ARM.attributes
                0x0000000000001145       0x32 /usr/lib/gcc/arm-none-eabi/10.3.1/../../../arm-none-eabi/lib/thumb/v7e-m+dp/hard/libm.a(lib_a-s_floor.o)
 .ARM.attributes
                0x0000000000001177       0x32 /usr/lib/gcc/arm-none-eabi/10.3.1/../../../arm-none-eabi/lib/thumb/v7e-m+dp/hard/libm.a(lib_a-s_scalbn.o)
 .ARM.attributes
                0x00000000000011a9       0x1e /usr/lib/gcc/arm-none-eabi/10.3.1/thumb/v7e-m+dp/hard/libgcc.a(_aeabi_uldivmod.o)
 .ARM.attributes
                0x00000000000011c7       0x32 /usr/lib/gcc/arm-none-eabi/10.3.1/thumb/v7e-m+dp/hard/libgcc.a(_udivmoddi4.o)
 .ARM.attributes
                0x00000000000011f9       0x1e /usr/lib/gcc/arm-none-eabi/10.3.1/thumb/v7e-m+dp/hard/libgcc.a(_dvmd_tls.o)
 .ARM.attributes
                0x0000000000001217       0x30 /usr/lib/gcc/arm-none-eabi/10.3.1/thumb/v7e-m+dp/hard/crtend.o
 .ARM.attributes
                0x0000000000001247       0x1e /usr/lib/gcc/arm-none-eabi/10.3.1/thumb/v7e-m+dp/hard/crtn.o
OUTPUT(bin/guia1.elf elf32-littlearm)
LOAD linker stubs
LOAD /usr/lib/gcc/arm-none-eabi/10.3.1/../../../arm-none-eabi/lib/thumb/v7e-m+dp/hard/libc.a
LOAD /usr/lib/gcc/arm-none-eabi/10.3.1/../../../arm-none-eabi/lib/thumb/v7e-m+dp/hard/libm.a
LOAD /usr/lib/gcc/arm-none-eabi/10.3.1/thumb/v7e-m+dp/hard/libgcc.a

.comment        0x0000000000000000       0x33
 .comment       0x0000000000000000       0x33 /usr/lib/gcc/arm-none-eabi/10.3.1/thumb/v7e-m+dp/hard/crtbegin.o
                                         0x34 (size before relaxing)
 .comment       0x0000000000000033       0x34 ./build/adc.o
 .comment       0x0000000000000033       0x34 ./build/commands.o
 .comment       0x0000000000000033       0x34 ./build/dac.o
 .comment       0x0000000000000033       0x34 ./build/dma.o
 .comment       0x0000000000000033       0x34 ./build/filters.o
 .comment       0x0000000000000033       0x34 ./build/gpio.o
 .comment       0x0000000000000033       0x34 ./build/interface.o
 .comment       0x0000000000000033       0x34 ./build/main.o
 .comment       0x0000000000000033       0x34 ./build/parser.o
 .comment       0x0000000000000033       0x34 ./build/sampling.o
 .comment       0x0000000000000033       0x34 ./build/signals.o
 .comment       0x0000000000000033       0x34 ./build/spi.o
 .comment       0x0000000000000033       0x34 ./build/stm32f7xx_hal_msp.o
 .comment       0x0000000000000033       0x34 ./build/stm32f7xx_it.o
 .comment       0x0000000000000033       0x34 ./build/syscalls.o
 .comment       0x0000000000000033       0x34 ./build/sysmem.o
 .comment       0x0000000000000033       0x34 ./build/system_stm32f7xx.o
 .comment       0x0000000000000033       0x34 ./build/tim.o
 .comment       0x0000000000000033       0x34 ./build/usart.o
 .comment       0x0000000000000033       0x34 ./build/utils.o
 .comment       0x0000000000000033       0x34 ./build/stm32f7xx_hal_adc.o
 .comment       0x0000000000000033       0x34 ./build/stm32f7xx_hal_adc_ex.o
 .comment       0x0000000000000033       0x34 ./build/stm32f7xx_hal.o
 .comment       0x0000000000000033       0x34 ./build/stm32f7xx_hal_cortex.o
 .comment       0x0000000000000033       0x34 ./build/stm32f7xx_hal_dac.o
 .comment       0x0000000000000033       0x34 ./build/stm32f7xx_hal_dac_ex.o
 .comment       0x0000000000000033       0x34 ./build/stm32f7xx_hal_dma.o
 .comment       0x0000000000000033       0x34 ./build/stm32f7xx_hal_gpio.o
 .comment       0x0000000000000033       0x34 ./build/stm32f7xx_hal_pwr_ex.o
 .comment       0x0000000000000033       0x34 ./build/stm32f7xx_hal_rcc.o
 .comment       0x0000000000000033       0x34 ./build/stm32f7xx_hal_rcc_ex.o
 .comment       0x0000000000000033       0x34 ./build/stm32f7xx_hal_spi.o
 .comment       0x0000000000000033       0x34 ./build/stm32f7xx_hal_tim.o
 .comment       0x0000000000000033       0x34 ./build/stm32f7xx_hal_tim_ex.o
 .comment       0x0000000000000033       0x34 ./build/stm32f7xx_hal_uart.o
 .comment       0x0000000000000033       0x34 /usr/lib/gcc/arm-none-eabi/10.3.1/../../../arm-none-eabi/lib/thumb/v7e-m+dp/hard/libc_nano.a(lib_a-errno.o)
 .comment       0x0000000000000033       0x34 /usr/lib/gcc/arm-none-eabi/10.3.1/../../../arm-none-eabi/lib/thumb/v7e-m+dp/hard/libc_nano.a(lib_a-impure.o)
 .comment       0x0000000000000033       0x34 /usr/lib/gcc/arm-none-eabi/10.3.1/../../../arm-none-eabi/lib/thumb/v7e-m+dp/hard/libc_nano.a(lib_a-init.o)
 .comment       0x0000000000000033       0x34 /usr/lib/gcc/arm-none-eabi/10.3.1/../../../arm-none-eabi/lib/thumb/v7e-m+dp/hard/libc_nano.a(lib_a-malloc.o)
 .comment       0x0000000000000033       0x34 /usr/lib/gcc/arm-none-eabi/10.3.1/../../../arm-none-eabi/lib/thumb/v7e-m+dp/hard/libc_nano.a(lib_a-memset.o)
 .comment       0x0000000000000033       0x34 /usr/lib/gcc/arm-none-eabi/10.3.1/../../../arm-none-eabi/lib/thumb/v7e-m+dp/hard/libc_nano.a(lib_a-nano-freer.o)
 .comment       0x0000000000000033       0x34 /usr/lib/gcc/arm-none-eabi/10.3.1/../../../arm-none-eabi/lib/thumb/v7e-m+dp/hard/libc_nano.a(lib_a-nano-mallocr.o)
 .comment       0x0000000000000033       0x34 /usr/lib/gcc/arm-none-eabi/10.3.1/../../../arm-none-eabi/lib/thumb/v7e-m+dp/hard/libc_nano.a(lib_a-realloc.o)
 .comment       0x0000000000000033       0x34 /usr/lib/gcc/arm-none-eabi/10.3.1/../../../arm-none-eabi/lib/thumb/v7e-m+dp/hard/libc_nano.a(lib_a-sbrkr.o)
 .comment       0x0000000000000033       0x34 /usr/lib/gcc/arm-none-eabi/10.3.1/../../../arm-none-eabi/lib/thumb/v7e-m+dp/hard/libc_nano.a(lib_a-snprintf.o)
 .comment       0x0000000000000033       0x34 /usr/lib/gcc/arm-none-eabi/10.3.1/../../../arm-none-eabi/lib/thumb/v7e-m+dp/hard/libc_nano.a(lib_a-sprintf.o)
 .comment       0x0000000000000033       0x34 /usr/lib/gcc/arm-none-eabi/10.3.1/../../../arm-none-eabi/lib/thumb/v7e-m+dp/hard/libc_nano.a(lib_a-strcpy.o)
 .comment       0x0000000000000033       0x34 /usr/lib/gcc/arm-none-eabi/10.3.1/../../../arm-none-eabi/lib/thumb/v7e-m+dp/hard/libc_nano.a(lib_a-strtok.o)
 .comment       0x0000000000000033       0x34 /usr/lib/gcc/arm-none-eabi/10.3.1/../../../arm-none-eabi/lib/thumb/v7e-m+dp/hard/libc_nano.a(lib_a-strtok_r.o)
 .comment       0x0000000000000033       0x34 /usr/lib/gcc/arm-none-eabi/10.3.1/../../../arm-none-eabi/lib/thumb/v7e-m+dp/hard/libc_nano.a(lib_a-strtol.o)
 .comment       0x0000000000000033       0x34 /usr/lib/gcc/arm-none-eabi/10.3.1/../../../arm-none-eabi/lib/thumb/v7e-m+dp/hard/libc_nano.a(lib_a-assert.o)
 .comment       0x0000000000000033       0x34 /usr/lib/gcc/arm-none-eabi/10.3.1/../../../arm-none-eabi/lib/thumb/v7e-m+dp/hard/libc_nano.a(lib_a-ctype_.o)
 .comment       0x0000000000000033       0x34 /usr/lib/gcc/arm-none-eabi/10.3.1/../../../arm-none-eabi/lib/thumb/v7e-m+dp/hard/libc_nano.a(lib_a-fprintf.o)
 .comment       0x0000000000000033       0x34 /usr/lib/gcc/arm-none-eabi/10.3.1/../../../arm-none-eabi/lib/thumb/v7e-m+dp/hard/libc_nano.a(lib_a-mlock.o)
 .comment       0x0000000000000033       0x34 /usr/lib/gcc/arm-none-eabi/10.3.1/../../../arm-none-eabi/lib/thumb/v7e-m+dp/hard/libc_nano.a(lib_a-nano-reallocr.o)
 .comment       0x0000000000000033       0x34 /usr/lib/gcc/arm-none-eabi/10.3.1/../../../arm-none-eabi/lib/thumb/v7e-m+dp/hard/libc_nano.a(lib_a-nano-svfprintf.o)
 .comment       0x0000000000000033       0x34 /usr/lib/gcc/arm-none-eabi/10.3.1/../../../arm-none-eabi/lib/thumb/v7e-m+dp/hard/libc_nano.a(lib_a-nano-vfprintf.o)
 .comment       0x0000000000000033       0x34 /usr/lib/gcc/arm-none-eabi/10.3.1/../../../arm-none-eabi/lib/thumb/v7e-m+dp/hard/libc_nano.a(lib_a-nano-vfprintf_i.o)
 .comment       0x0000000000000033       0x34 /usr/lib/gcc/arm-none-eabi/10.3.1/../../../arm-none-eabi/lib/thumb/v7e-m+dp/hard/libc_nano.a(lib_a-reent.o)
 .comment       0x0000000000000033       0x34 /usr/lib/gcc/arm-none-eabi/10.3.1/../../../arm-none-eabi/lib/thumb/v7e-m+dp/hard/libc_nano.a(lib_a-wbuf.o)
 .comment       0x0000000000000033       0x34 /usr/lib/gcc/arm-none-eabi/10.3.1/../../../arm-none-eabi/lib/thumb/v7e-m+dp/hard/libc_nano.a(lib_a-wsetup.o)
 .comment       0x0000000000000033       0x34 /usr/lib/gcc/arm-none-eabi/10.3.1/../../../arm-none-eabi/lib/thumb/v7e-m+dp/hard/libc_nano.a(lib_a-abort.o)