Archive member included to satisfy reference by file (symbol)

/usr/lib/gcc/arm-none-eabi/10.3.1/../../../arm-none-eabi/lib/thumb/v7e-m+dp/hard/libc_nano.a(lib_a-atexit.o)
                              /usr/lib/gcc/arm-none-eabi/10.3.1/../../../arm-none-eabi/lib/thumb/v7e-m+dp/hard/crt0.o (atexit)
/usr/lib/gcc/arm-none-eabi/10.3.1/../../../arm-none-eabi/lib/thumb/v7e-m+dp/hard/libc_nano.a(lib_a-calloc.o)
                              ./build/cwt.o (calloc)
/usr/lib/gcc/arm-none-eabi/10.3.1/../../../arm-none-eabi/lib/thumb/v7e-m+dp/hard/libc_nano.a(lib_a-errno.o)
                              ./build/syscalls.o (__errno)
/usr/lib/gcc/arm-none-eabi/10.3.1/../../../arm-none-eabi/lib/thumb/v7e-m+dp/hard/libc_nano.a(lib_a-exit.o)
                              /usr/lib/gcc/arm-none-eabi/10.3.1/../../../arm-none-eabi/lib/thumb/v7e-m+dp/hard/crt0.o (exit)
/usr/lib/gcc/arm-none-eabi/10.3.1/../../../arm-none-eabi/lib/thumb/v7e-m+dp/hard/libc_nano.a(lib_a-fini.o)
                              /usr/lib/gcc/arm-none-eabi/10.3.1/../../../arm-none-eabi/lib/thumb/v7e-m+dp/hard/crt0.o (__libc_fini_array)
/usr/lib/gcc/arm-none-eabi/10.3.1/../../../arm-none-eabi/lib/thumb/v7e-m+dp/hard/libc_nano.a(lib_a-impure.o)
                              /usr/lib/gcc/arm-none-eabi/10.3.1/../../../arm-none-eabi/lib/thumb/v7e-m+dp/hard/libc_nano.a(lib_a-exit.o) (_global_impure_ptr)
/usr/lib/gcc/arm-none-eabi/10.3.1/../../../arm-none-eabi/lib/thumb/v7e-m+dp/hard/libc_nano.a(lib_a-init.o)
                              /usr/lib/gcc/arm-none-eabi/10.3.1/../../../arm-none-eabi/lib/thumb/v7e-m+dp/hard/crt0.o (__libc_init_array)
/usr/lib/gcc/arm-none-eabi/10.3.1/../../../arm-none-eabi/lib/thumb/v7e-m+dp/hard/libc_nano.a(lib_a-malloc.o)
                              ./build/cwt.o (malloc)
/usr/lib/gcc/arm-none-eabi/10.3.1/../../../arm-none-eabi/lib/thumb/v7e-m+dp/hard/libc_nano.a(lib_a-memset.o)
                              /usr/lib/gcc/arm-none-eabi/10.3.1/../../../arm-none-eabi/lib/thumb/v7e-m+dp/hard/crt0.o (memset)
/usr/lib/gcc/arm-none-eabi/10.3.1/../../../arm-none-eabi/lib/thumb/v7e-m+dp/hard/libc_nano.a(lib_a-nano-callocr.o)
                              /usr/lib/gcc/arm-none-eabi/10.3.1/../../../arm-none-eabi/lib/thumb/v7e-m+dp/hard/libc_nano.a(lib_a-calloc.o) (_calloc_r)
/usr/lib/gcc/arm-none-eabi/10.3.1/../../../arm-none-eabi/lib/thumb/v7e-m+dp/hard/libc_nano.a(lib_a-nano-freer.o)
                              /usr/lib/gcc/arm-none-eabi/10.3.1/../../../arm-none-eabi/lib/thumb/v7e-m+dp/hard/libc_nano.a(lib_a-malloc.o) (_free_r)
/usr/lib/gcc/arm-none-eabi/10.3.1/../../../arm-none-eabi/lib/thumb/v7e-m+dp/hard/libc_nano.a(lib_a-nano-mallocr.o)
                              /usr/lib/gcc/arm-none-eabi/10.3.1/../../../arm-none-eabi/lib/thumb/v7e-m+dp/hard/libc_nano.a(lib_a-malloc.o) (_malloc_r)
/usr/lib/gcc/arm-none-eabi/10.3.1/../../../arm-none-eabi/lib/thumb/v7e-m+dp/hard/libc_nano.a(lib_a-nano-vfprintf_float.o)
                              (_printf_float)
/usr/lib/gcc/arm-none-eabi/10.3.1/../../../arm-none-eabi/lib/thumb/v7e-m+dp/hard/libc_nano.a(lib_a-nano-vfprintf_i.o)
                              /usr/lib/gcc/arm-none-eabi/10.3.1/../../../arm-none-eabi/lib/thumb/v7e-m+dp/hard/libc_nano.a(lib_a-nano-vfprintf_float.o) (_printf_common)
/usr/lib/gcc/arm-none-eabi/10.3.1/../../../arm-none-eabi/lib/thumb/v7e-m+dp/hard/libc_nano.a(lib_a-putchar.o)
                              ./build/main.o (putchar)
/usr/lib/gcc/arm-none-eabi/10.3.1/../../../arm-none-eabi/lib/thumb/v7e-m+dp/hard/libc_nano.a(lib_a-realloc.o)
                              ./build/parser.o (realloc)
/usr/lib/gcc/arm-none-eabi/10.3.1/../../../arm-none-eabi/lib/thumb/v7e-m+dp/hard/libc_nano.a(lib_a-sbrkr.o)
                              /usr/lib/gcc/arm-none-eabi/10.3.1/../../../arm-none-eabi/lib/thumb/v7e-m+dp/hard/libc_nano.a(lib_a-nano-mallocr.o) (_sbrk_r)
/usr/lib/gcc/arm-none-eabi/10.3.1/../../../arm-none-eabi/lib/thumb/v7e-m+dp/hard/libc_nano.a(lib_a-snprintf.o)
                              ./build/adc.o (snprintf)
/usr/lib/gcc/arm-none-eabi/10.3.1/../../../arm-none-eabi/lib/thumb/v7e-m+dp/hard/libc_nano.a(lib_a-sprintf.o)
                              ./build/interface.o (sprintf)
/usr/lib/gcc/arm-none-eabi/10.3.1/../../../arm-none-eabi/lib/thumb/v7e-m+dp/hard/libc_nano.a(lib_a-strcmp.o)
                              ./build/commands.o (strcmp)
/usr/lib/gcc/arm-none-eabi/10.3.1/../../../arm-none-eabi/lib/thumb/v7e-m+dp/hard/libc_nano.a(lib_a-strcpy.o)
                              ./build/main.o (strcpy)
/usr/lib/gcc/arm-none-eabi/10.3.1/../../../arm-none-eabi/lib/thumb/v7e-m+dp/hard/libc_nano.a(lib_a-strlen.o)
                              ./build/parser.o (strlen)
/usr/lib/gcc/arm-none-eabi/10.3.1/../../../arm-none-eabi/lib/thumb/v7e-m+dp/hard/libc_nano.a(lib_a-strtok.o)
                              ./build/parser.o (strtok)
/usr/lib/gcc/arm-none-eabi/10.3.1/../../../arm-none-eabi/lib/thumb/v7e-m+dp/hard/libc_nano.a(lib_a-strtok_r.o)
[...]
Memory Configuration

Name             Origin             Length             Attributes
RAM              0x0000000020000000 0x0000000000080000 xrw
FLASH            0x0000000008000000 0x0000000000200000 xr
*default*        0x0000000000000000 0xffffffffffffffff

Linker script and memory map

LOAD /usr/lib/gcc/arm-none-eabi/10.3.1/thumb/v7e-m+dp/hard/crti.o
LOAD /usr/lib/gcc/arm-none-eabi/10.3.1/thumb/v7e-m+dp/hard/crtbegin.o
LOAD /usr/lib/gcc/arm-none-eabi/10.3.1/../../../arm-none-eabi/lib/thumb/v7e-m+dp/hard/crt0.o
LOAD ./build/adc.o
LOAD ./build/commands.o
LOAD ./build/cwt.o
LOAD ./build/dac.o
LOAD ./build/dma.o
LOAD ./build/fft.o
LOAD ./build/filters.o
LOAD ./build/gpio.o
LOAD ./build/interface.o
LOAD ./build/main.o
LOAD ./build/morlet.o
LOAD ./build/parser.o
LOAD ./build/sampling.o
LOAD ./build/signals.o
LOAD ./build/spi.o
LOAD ./build/stm32f7xx_hal_msp.o
LOAD ./build/stm32f7xx_it.o
LOAD ./build/syscalls.o
LOAD ./build/sysmem.o
LOAD ./build/system_stm32f7xx.o
LOAD ./build/tim.o
LOAD ./build/usart.o
LOAD ./build/utils.o
LOAD ./build/wavelet.o
LOAD ./build/stm32f7xx_hal_adc.o
LOAD ./build/stm32f7xx_hal_adc_ex.o
LOAD ./build/stm32f7xx_hal.o
LOAD ./build/stm32f7xx_hal_cortex.o
LOAD ./build/stm32f7xx_hal_dac.o
LOAD ./build/stm32f7xx_hal_dac_ex.o
LOAD ./build/stm32f7xx_hal_dma.o
LOAD ./build/stm32f7xx_hal_dma_ex.o
LOAD ./build/stm32f7xx_hal_exti.o
LOAD ./build/stm32f7xx_hal_flash.o
LOAD ./build/stm32f7xx_hal_flash_ex.o
LOAD ./build/stm32f7xx_hal_gpio.o
LOAD ./build/stm32f7xx_hal_i2c.o
LOAD ./build/stm32f7xx_hal_i2c_ex.o
LOAD ./build/stm32f7xx_hal_pwr.o
LOAD ./build/stm32f7xx_hal_pwr_ex.o
LOAD ./build/stm32f7xx_hal_rcc.o
LOAD ./build/stm32f7xx_hal_rcc_ex.o
LOAD ./build/stm32f7xx_hal_spi.o
LOAD ./build/stm32f7xx_hal_spi_ex.o
LOAD ./build/stm32f7xx_hal_tim.o
LOAD ./build/stm32f7xx_hal_tim_ex.o
LOAD ./build/stm32f7xx_hal_uart.o
LOAD ./build/stm32f7xx_hal_uart_ex.o
LOAD ./build/startup_stm32f767xx.o
LOAD /usr/lib/gcc/arm-none-eabi/10.3.1/../../../arm-none-eabi/lib/thumb/v7e-m+dp/hard/libc_nano.a
LOAD /usr/lib/gcc/arm-none-eabi/10.3.1/../../../arm-none-eabi/lib/thumb/v7e-m+dp/hard/libm.a
LOAD /usr/lib/gcc/arm-none-eabi/10.3.1/../../../arm-none-eabi/lib/thumb/v7e-m+dp/hard/libnosys.a
START GROUP
LOAD /usr/lib/gcc/arm-none-eabi/10.3.1/thumb/v7e-m+dp/hard/libgcc.a
LOAD /usr/lib/gcc/arm-none-eabi/10.3.1/../../../arm-none-eabi/lib/thumb/v7e-m+dp/hard/libc_nano.a
END GROUP
START GROUP
LOAD /usr/lib/gcc/arm-none-eabi/10.3.1/thumb/v7e-m+dp/hard/libgcc.a
LOAD /usr/lib/gcc/arm-none-eabi/10.3.1/../../../arm-none-eabi/lib/thumb/v7e-m+dp/hard/libc_nano.a
END GROUP
LOAD /usr/lib/gcc/arm-none-eabi/10.3.1/thumb/v7e-m+dp/hard/crtend.o
LOAD /usr/lib/gcc/arm-none-eabi/10.3.1/thumb/v7e-m+dp/hard/crtn.o
                0x0000000020080000                _estack = (ORIGIN (RAM) + LENGTH (RAM))
                0x0000000000000200                _Min_Heap_Size = 0x200
                0x0000000000000400                _Min_Stack_Size = 0x400

.isr_vector     0x0000000008000000      0x1f8
                0x0000000008000000                . = ALIGN (0x4)
 *(.isr_vector)
 .isr_vector    0x0000000008000000      0x1f8 ./build/startup_stm32f767xx.o
                0x0000000008000000                g_pfnVectors
                0x00000000080001f8                . = ALIGN (0x4)

.text           0x0000000008000200     0xbd0c
                0x0000000008000200                . = ALIGN (0x4)
 *(.text)
 .text          0x0000000008000200       0x88 /usr/lib/gcc/arm-none-eabi/10.3.1/thumb/v7e-m+dp/hard/crtbegin.o
 .text          0x0000000008000288       0x18 /usr/lib/gcc/arm-none-eabi/10.3.1/../../../arm-none-eabi/lib/thumb/v7e-m+dp/hard/libc_nano.a(lib_a-calloc.o)
                0x0000000008000288                calloc
 .text          0x00000000080002a0        0xc /usr/lib/gcc/arm-none-eabi/10.3.1/../../../arm-none-eabi/lib/thumb/v7e-m+dp/hard/libc_nano.a(lib_a-errno.o)
                0x00000000080002a0                __errno
 .text          0x00000000080002ac       0x48 /usr/lib/gcc/arm-none-eabi/10.3.1/../../../arm-none-eabi/lib/thumb/v7e-m+dp/hard/libc_nano.a(lib_a-init.o)
                0x00000000080002ac                __libc_init_array
 .text          0x00000000080002f4       0x20 /usr/lib/gcc/arm-none-eabi/10.3.1/../../../arm-none-eabi/lib/thumb/v7e-m+dp/hard/libc_nano.a(lib_a-malloc.o)
                0x00000000080002f4                malloc
                0x0000000008000304                free
 .text          0x0000000008000314       0xa4 /usr/lib/gcc/arm-none-eabi/10.3.1/../../../arm-none-eabi/lib/thumb/v7e-m+dp/hard/libc_nano.a(lib_a-memset.o)
                0x0000000008000314                memset
 .text          0x00000000080003b8       0x1c /usr/lib/gcc/arm-none-eabi/10.3.1/../../../arm-none-eabi/lib/thumb/v7e-m+dp/hard/libc_nano.a(lib_a-nano-callocr.o)
                0x00000000080003b8                _calloc_r
 .text          0x00000000080003d4       0xc4 /usr/lib/gcc/arm-none-eabi/10.3.1/../../../arm-none-eabi/lib/thumb/v7e-m+dp/hard/libc_nano.a(lib_a-nano-freer.o)
                0x00000000080003d4                _free_r
 .text          0x0000000008000498       0xb4 /usr/lib/gcc/arm-none-eabi/10.3.1/../../../arm-none-eabi/lib/thumb/v7e-m+dp/hard/libc_nano.a(lib_a-nano-mallocr.o)
                0x0000000008000498                _malloc_r
 *fill*         0x000000000800054c        0x4 
 .text          0x0000000008000550      0x68c /usr/lib/gcc/arm-none-eabi/10.3.1/../../../arm-none-eabi/lib/thumb/v7e-m+dp/hard/libc_nano.a(lib_a-nano-vfprintf_float.o)
                0x0000000008000550                __cvt
                0x000000000800063c                __exponent
                0x00000000080006d8                _printf_float
 .text          0x0000000008000bdc      0x3dc /usr/lib/gcc/arm-none-eabi/10.3.1/../../../arm-none-eabi/lib/thumb/v7e-m+dp/hard/libc_nano.a(lib_a-nano-vfprintf_i.o)
                0x0000000008000bdc                _printf_common
                0x0000000008000d08                _printf_i
 .text          0x0000000008000fb8       0x54 /usr/lib/gcc/arm-none-eabi/10.3.1/../../../arm-none-eabi/lib/thumb/v7e-m+dp/hard/libc_nano.a(lib_a-putchar.o)
                0x0000000008000fb8                _putchar_r
                0x0000000008000fdc                putchar
 .text          0x000000000800100c       0x18 /usr/lib/gcc/arm-none-eabi/10.3.1/../../../arm-none-eabi/lib/thumb/v7e-m+dp/hard/libc_nano.a(lib_a-realloc.o)
                0x000000000800100c                realloc
 .text          0x0000000008001024       0x24 /usr/lib/gcc/arm-none-eabi/10.3.1/../../../arm-none-eabi/lib/thumb/v7e-m+dp/hard/libc_nano.a(lib_a-sbrkr.o)
                0x0000000008001024                _sbrk_r
 .text          0x0000000008001048      0x108 /usr/lib/gcc/arm-none-eabi/10.3.1/../../../arm-none-eabi/lib/thumb/v7e-m+dp/hard/libc_nano.a(lib_a-snprintf.o)
                0x0000000008001048                _sniprintf_r
                0x0000000008001048                _snprintf_r
                0x00000000080010c8                snprintf
                0x00000000080010c8                sniprintf
 .text          0x0000000008001150       0x78 /usr/lib/gcc/arm-none-eabi/10.3.1/../../../arm-none-eabi/lib/thumb/v7e-m+dp/hard/libc_nano.a(lib_a-sprintf.o)
                0x0000000008001150                _siprintf_r
                0x0000000008001150                _sprintf_r
                0x0000000008001188                sprintf
                0x0000000008001188                siprintf
 *fill*         0x00000000080011c8       0x18 
 .text          0x00000000080011e0      0x2dc /usr/lib/gcc/arm-none-eabi/10.3.1/../../../arm-none-eabi/lib/thumb/v7e-m+dp/hard/libc_nano.a(lib_a-strcmp.o)
                0x00000000080011e8                strcmp
 .text          0x00000000080014bc       0xbc /usr/lib/gcc/arm-none-eabi/10.3.1/../../../arm-none-eabi/lib/thumb/v7e-m+dp/hard/libc_nano.a(lib_a-strcpy.o)
                0x00000000080014bc                strcpy
 *fill*         0x0000000008001578        0x8 
 .text          0x0000000008001580       0xdc /usr/lib/gcc/arm-none-eabi/10.3.1/../../../arm-none-eabi/lib/thumb/v7e-m+dp/hard/libc_nano.a(lib_a-strlen.o)
                0x0000000008001580                strlen
 .text          0x000000000800165c       0x74 /usr/lib/gcc/arm-none-eabi/10.3.1/../../../arm-none-eabi/lib/thumb/v7e-m+dp/hard/libc_nano.a(lib_a-strtok.o)
                0x000000000800165c                strtok
 .text          0x00000000080016d0       0x6c /usr/lib/gcc/arm-none-eabi/10.3.1/../../../arm-none-eabi/lib/thumb/v7e-m+dp/hard/libc_nano.a(lib_a-strtok_r.o)
                0x00000000080016d0                __strtok_r
                0x0000000008001734                strtok_r
 .text          0x000000000800173c      0x188 /usr/lib/gcc/arm-none-eabi/10.3.1/../../../arm-none-eabi/lib/thumb/v7e-m+dp/hard/libc_nano.a(lib_a-strtol.o)
                0x000000000800185c                _strtol_r
                0x0000000008001874                strtol_l
                0x000000000800189c                strtol
 .text          0x00000000080018c4       0x4c /usr/lib/gcc/arm-none-eabi/10.3.1/../../../arm-none-eabi/lib/thumb/v7e-m+dp/hard/libc_nano.a(lib_a-assert.o)
                0x00000000080018c4                __assert_func
                0x0000000008001904                __assert
 .text          0x0000000008001910      0xe48 /usr/lib/gcc/arm-none-eabi/10.3.1/../../../arm-none-eabi/lib/thumb/v7e-m+dp/hard/libc_nano.a(lib_a-dtoa.o)
                0x0000000008001a38                _dtoa_r
 .text          0x0000000008002758      0x238 /usr/lib/gcc/arm-none-eabi/10.3.1/../../../arm-none-eabi/lib/thumb/v7e-m+dp/hard/libc_nano.a(lib_a-findfp.o)
                0x000000000800275c                _cleanup_r
                0x000000000800276c                __sfmoreglue
                0x000000000800279c                __sfp
                0x000000000800293c                _cleanup
                0x0000000008002950                __sinit
                0x0000000008002958                __sfp_lock_acquire
                0x000000000800295c                __sfp_lock_release
                0x0000000008002960                __sinit_lock_acquire
                0x0000000008002964                __sinit_lock_release
                0x0000000008002968                __fp_lock_all
                0x000000000800297c                __fp_unlock_all
 .text          0x0000000008002990       0x44 /usr/lib/gcc/arm-none-eabi/10.3.1/../../../arm-none-eabi/lib/thumb/v7e-m+dp/hard/libc_nano.a(lib_a-fprintf.o)
                0x0000000008002990                _fprintf_r
                0x0000000008002990                _fiprintf_r
                0x00000000080029ac                fprintf
                0x00000000080029ac                fiprintf
 .text          0x00000000080029d4       0x88 /usr/lib/gcc/arm-none-eabi/10.3.1/../../../arm-none-eabi/lib/thumb/v7e-m+dp/hard/libc_nano.a(lib_a-fwalk.o)
                0x00000000080029d4                _fwalk
                0x0000000008002a14                _fwalk_reent
 .text          0x0000000008002a5c       0x14 /usr/lib/gcc/arm-none-eabi/10.3.1/../../../arm-none-eabi/lib/thumb/v7e-m+dp/hard/libc_nano.a(lib_a-localeconv.o)
                0x0000000008002a5c                __localeconv_l
                0x0000000008002a60                _localeconv_r
                0x0000000008002a68                localeconv
 .text          0x0000000008002a70       0xa0 /usr/lib/gcc/arm-none-eabi/10.3.1/../../../arm-none-eabi/lib/thumb/v7e-m+dp/hard/libc_nano.a(lib_a-memchr.o)
                0x0000000008002a70                memchr
 .text          0x0000000008002b10      0x134 /usr/lib/gcc/arm-none-eabi/10.3.1/../../../arm-none-eabi/lib/thumb/v7e-m+dp/hard/libc_nano.a(lib_a-memcpy.o)
                0x0000000008002b10                memcpy
 .text          0x0000000008002c44        0x8 /usr/lib/gcc/arm-none-eabi/10.3.1/../../../arm-none-eabi/lib/thumb/v7e-m+dp/hard/libc_nano.a(lib_a-mlock.o)
                0x0000000008002c44                __malloc_lock
                0x0000000008002c48                __malloc_unlock
 .text          0x0000000008002c4c      0xadc /usr/lib/gcc/arm-none-eabi/10.3.1/../../../arm-none-eabi/lib/thumb/v7e-m+dp/hard/libc_nano.a(lib_a-mprec.o)
                0x0000000008002c4c                _Balloc
                0x0000000008002ccc                _Bfree
                0x0000000008002d14                __multadd
                0x0000000008002db8                __s2b
                0x0000000008002e6c                __hi0bits
                0x0000000008002eac                __lo0bits
                0x0000000008002f0c                __i2b
                0x0000000008002f38                __multiply
                0x0000000008003094                __pow5mult
                0x0000000008003174                __lshift
                0x000000000800325c                __mcmp
                0x00000000080032a0                __mdiff
                0x00000000080033ec                __ulp
                0x000000000800344c                __b2d
                0x000000000800350c                __d2b
                0x00000000080035dc                __ratio
                0x0000000008003640                _mprec_log10
                0x0000000008003668                __copybits
                0x00000000080036c4                __any_on
 .text          0x0000000008003728       0x50 /usr/lib/gcc/arm-none-eabi/10.3.1/../../../arm-none-eabi/lib/thumb/v7e-m+dp/hard/libc_nano.a(lib_a-nano-reallocr.o)
                0x0000000008003728                _realloc_r
 .text          0x0000000008003778      0x3f0 /usr/lib/gcc/arm-none-eabi/10.3.1/../../../arm-none-eabi/lib/thumb/v7e-m+dp/hard/libc_nano.a(lib_a-nano-svfprintf.o)
                0x0000000008003778                __ssputs_r
                0x000000000800383c                __ssprint_r
                0x0000000008003934                _svfprintf_r
                0x0000000008003934                _svfiprintf_r
 .text          0x0000000008003b68      0x328 /usr/lib/gcc/arm-none-eabi/10.3.1/../../../arm-none-eabi/lib/thumb/v7e-m+dp/hard/libc_nano.a(lib_a-nano-vfprintf.o)
                0x0000000008003ba4                __sfputs_r
                0x0000000008003bd4                __sprint_r
                0x0000000008003bf0                _vfiprintf_r
                0x0000000008003bf0                _vfprintf_r
                0x0000000008003e74                vfiprintf
                0x0000000008003e74                vfprintf
 .text          0x0000000008003e90      0x110 /usr/lib/gcc/arm-none-eabi/10.3.1/../../../arm-none-eabi/lib/thumb/v7e-m+dp/hard/libc_nano.a(lib_a-putc.o)
                0x0000000008003e90                _putc_r
                0x0000000008003f14                putc
 .text          0x0000000008003fa0       0x90 /usr/lib/gcc/arm-none-eabi/10.3.1/../../../arm-none-eabi/lib/thumb/v7e-m+dp/hard/libc_nano.a(lib_a-stdio.o)
                0x0000000008003fa0                __sread
                0x0000000008003fc4                __seofread
                0x0000000008003fc8                __swrite
                0x0000000008004008                __sseek
                0x0000000008004028                __sclose
 .text          0x0000000008004030       0xc8 /usr/lib/gcc/arm-none-eabi/10.3.1/../../../arm-none-eabi/lib/thumb/v7e-m+dp/hard/libc_nano.a(lib_a-wbuf.o)
                0x0000000008004030                __swbuf_r
                0x00000000080040e0                __swbuf
 .text          0x00000000080040f8       0x2c /usr/lib/gcc/arm-none-eabi/10.3.1/../../../arm-none-eabi/lib/thumb/v7e-m+dp/hard/libc_nano.a(lib_a-writer.o)
                0x00000000080040f8                _write_r
 .text          0x0000000008004124      0x104 /usr/lib/gcc/arm-none-eabi/10.3.1/../../../arm-none-eabi/lib/thumb/v7e-m+dp/hard/libc_nano.a(lib_a-wsetup.o)
                0x0000000008004124                __swsetup_r
 .text          0x0000000008004228       0x10 /usr/lib/gcc/arm-none-eabi/10.3.1/../../../arm-none-eabi/lib/thumb/v7e-m+dp/hard/libc_nano.a(lib_a-abort.o)
                0x0000000008004228                abort
 .text          0x0000000008004238       0x24 /usr/lib/gcc/arm-none-eabi/10.3.1/../../../arm-none-eabi/lib/thumb/v7e-m+dp/hard/libc_nano.a(lib_a-closer.o)
                0x0000000008004238                _close_r
 .text          0x000000000800425c      0x1e8 /usr/lib/gcc/arm-none-eabi/10.3.1/../../../arm-none-eabi/lib/thumb/v7e-m+dp/hard/libc_nano.a(lib_a-fflush.o)
                0x000000000800425c                __sflush_r
                0x0000000008004370                _fflush_r
                0x00000000080043c4                fflush
 .text          0x0000000008004444      0x2f0 /usr/lib/gcc/arm-none-eabi/10.3.1/../../../arm-none-eabi/lib/thumb/v7e-m+dp/hard/libc_nano.a(lib_a-fvwrite.o)
                0x0000000008004444                __sfvwrite_r
 .text          0x0000000008004734       0x2c /usr/lib/gcc/arm-none-eabi/10.3.1/../../../arm-none-eabi/lib/thumb/v7e-m+dp/hard/libc_nano.a(lib_a-lseekr.o)
                0x0000000008004734                _lseek_r
 .text          0x0000000008004760      0x11c /usr/lib/gcc/arm-none-eabi/10.3.1/../../../arm-none-eabi/lib/thumb/v7e-m+dp/hard/libc_nano.a(lib_a-makebuf.o)
                0x0000000008004760                __smakebuf_r
                0x0000000008004820                __swhatbuf_r
 .text          0x000000000800487c       0x40 /usr/lib/gcc/arm-none-eabi/10.3.1/../../../arm-none-eabi/lib/thumb/v7e-m+dp/hard/libc_nano.a(lib_a-mbtowc_r.o)
                0x000000000800487c                _mbtowc_r
                0x0000000008004890                __ascii_mbtowc
 .text          0x00000000080048bc       0xf8 /usr/lib/gcc/arm-none-eabi/10.3.1/../../../arm-none-eabi/lib/thumb/v7e-m+dp/hard/libc_nano.a(lib_a-memmove.o)
                0x00000000080048bc                memmove
 .text          0x00000000080049b4       0x14 /usr/lib/gcc/arm-none-eabi/10.3.1/../../../arm-none-eabi/lib/thumb/v7e-m+dp/hard/libc_nano.a(lib_a-nano-msizer.o)
                0x00000000080049b4                _malloc_usable_size_r
 .text          0x00000000080049c8       0x2c /usr/lib/gcc/arm-none-eabi/10.3.1/../../../arm-none-eabi/lib/thumb/v7e-m+dp/hard/libc_nano.a(lib_a-readr.o)
                0x00000000080049c8                _read_r
 .text          0x00000000080049f4      0x268 /usr/lib/gcc/arm-none-eabi/10.3.1/../../../arm-none-eabi/lib/thumb/v7e-m+dp/hard/libc_nano.a(lib_a-signal.o)
                0x00000000080049f4                _init_signal_r
                0x0000000008004a20                _signal_r
                0x0000000008004a68                _raise_r
                0x0000000008004abc                __sigtramp_r
                0x0000000008004b1c                raise
                0x0000000008004b74                signal
                0x0000000008004bc4                _init_signal
                0x0000000008004bf8                __sigtramp
 .text          0x0000000008004c5c       0x30 /usr/lib/gcc/arm-none-eabi/10.3.1/../../../arm-none-eabi/lib/thumb/v7e-m+dp/hard/libc_nano.a(lib_a-signalr.o)
                0x0000000008004c5c                _kill_r
                0x0000000008004c88                _getpid_r
 .text          0x0000000008004c8c       0x30 /usr/lib/gcc/arm-none-eabi/10.3.1/../../../arm-none-eabi/lib/thumb/v7e-m+dp/hard/libc_nano.a(lib_a-wctomb_r.o)
                0x0000000008004c8c                _wctomb_r
                0x0000000008004ca0                __ascii_wctomb
 .text          0x0000000008004cbc       0x2c /usr/lib/gcc/arm-none-eabi/10.3.1/../../../arm-none-eabi/lib/thumb/v7e-m+dp/hard/libc_nano.a(lib_a-fstatr.o)
                0x0000000008004cbc                _fstat_r
 .text          0x0000000008004ce8       0x24 /usr/lib/gcc/arm-none-eabi/10.3.1/../../../arm-none-eabi/lib/thumb/v7e-m+dp/hard/libc_nano.a(lib_a-isattyr.o)
                0x0000000008004ce8                _isatty_r
 *fill*         0x0000000008004d0c        0x4 
 .text          0x0000000008004d10      0x1b4 /usr/lib/gcc/arm-none-eabi/10.3.1/../../../arm-none-eabi/lib/thumb/v7e-m+dp/hard/libm.a(lib_a-exp.o)
                0x0000000008004d10                exp
 *fill*         0x0000000008004ec4        0x4 
 .text          0x0000000008004ec8      0x200 /usr/lib/gcc/arm-none-eabi/10.3.1/../../../arm-none-eabi/lib/thumb/v7e-m+dp/hard/libm.a(lib_a-log.o)
                0x0000000008004ec8                log
 .text          0x00000000080050c8       0xe8 /usr/lib/gcc/arm-none-eabi/10.3.1/../../../arm-none-eabi/lib/thumb/v7e-m+dp/hard/libm.a(lib_a-math_err.o)
                0x0000000008005100                __math_uflow
                0x0000000008005110                __math_may_uflow
                0x0000000008005120                __math_oflow
                0x0000000008005130                __math_divzero
                0x0000000008005160                __math_invalid
                0x000000000800517c                __math_check_uflow
                0x000000000800518c                __math_check_oflow
 .text          0x00000000080051b0      0x594 /usr/lib/gcc/arm-none-eabi/10.3.1/../../../arm-none-eabi/lib/thumb/v7e-m+dp/hard/libm.a(lib_a-pow.o)
                0x00000000080051b0                pow
 *fill*         0x0000000008005744        0x4 
 .text          0x0000000008005748       0x80 /usr/lib/gcc/arm-none-eabi/10.3.1/../../../arm-none-eabi/lib/thumb/v7e-m+dp/hard/libm.a(lib_a-s_cos.o)
                0x0000000008005748                cos
 .text          0x00000000080057c8       0x80 /usr/lib/gcc/arm-none-eabi/10.3.1/../../../arm-none-eabi/lib/thumb/v7e-m+dp/hard/libm.a(lib_a-s_sin.o)
                0x00000000080057c8                sin
 .text          0x0000000008005848       0x54 /usr/lib/gcc/arm-none-eabi/10.3.1/../../../arm-none-eabi/lib/thumb/v7e-m+dp/hard/libm.a(lib_a-w_sqrt.o)
                0x0000000008005848                sqrt
 *fill*         0x000000000800589c        0x4 
 .text          0x00000000080058a0      0x294 /usr/lib/gcc/arm-none-eabi/10.3.1/../../../arm-none-eabi/lib/thumb/v7e-m+dp/hard/libm.a(lib_a-e_rem_pio2.o)
                0x00000000080058a0                __ieee754_rem_pio2
 .text          0x0000000008005b34        0x8 /usr/lib/gcc/arm-none-eabi/10.3.1/../../../arm-none-eabi/lib/thumb/v7e-m+dp/hard/libm.a(lib_a-e_sqrt.o)
                0x0000000008005b34                __ieee754_sqrt
 *fill*         0x0000000008005b3c        0x4 
 .text          0x0000000008005b40      0x130 /usr/lib/gcc/arm-none-eabi/10.3.1/../../../arm-none-eabi/lib/thumb/v7e-m+dp/hard/libm.a(lib_a-k_cos.o)
                0x0000000008005b40                __kernel_cos
 .text          0x0000000008005c70      0x6b0 /usr/lib/gcc/arm-none-eabi/10.3.1/../../../arm-none-eabi/lib/thumb/v7e-m+dp/hard/libm.a(lib_a-k_rem_pio2.o)
                0x0000000008005c70                __kernel_rem_pio2
 .text          0x0000000008006320       0xb0 /usr/lib/gcc/arm-none-eabi/10.3.1/../../../arm-none-eabi/lib/thumb/v7e-m+dp/hard/libm.a(lib_a-k_sin.o)
                0x0000000008006320                __kernel_sin
 .text          0x00000000080063d0       0x14 /usr/lib/gcc/arm-none-eabi/10.3.1/../../../arm-none-eabi/lib/thumb/v7e-m+dp/hard/libm.a(lib_a-s_fabs.o)
                0x00000000080063d0                fabs
 *fill*         0x00000000080063e4        0x4 
 .text          0x00000000080063e8      0x108 /usr/lib/gcc/arm-none-eabi/10.3.1/../../../arm-none-eabi/lib/thumb/v7e-m+dp/hard/libm.a(lib_a-s_floor.o)
                0x00000000080063e8                floor
 .text          0x00000000080064f0      0x10c /usr/lib/gcc/arm-none-eabi/10.3.1/../../../arm-none-eabi/lib/thumb/v7e-m+dp/hard/libm.a(lib_a-s_scalbn.o)
                0x00000000080064f0                scalbn
 .text          0x00000000080065fc       0x30 /usr/lib/gcc/arm-none-eabi/10.3.1/thumb/v7e-m+dp/hard/libgcc.a(_aeabi_uldivmod.o)
                0x00000000080065fc                __aeabi_uldivmod
 .text          0x000000000800662c      0x2d0 /usr/lib/gcc/arm-none-eabi/10.3.1/thumb/v7e-m+dp/hard/libgcc.a(_udivmoddi4.o)
                0x000000000800662c                __udivmoddi4
 .text          0x00000000080068fc        0x4 /usr/lib/gcc/arm-none-eabi/10.3.1/thumb/v7e-m+dp/hard/libgcc.a(_dvmd_tls.o)
                0x00000000080068fc                __aeabi_ldiv0
                0x00000000080068fc                __aeabi_idiv0
 *(.text*)
 .text.output   0x0000000008006900       0x64 ./build/adc.o
 .text.MX_ADC1_Init
                0x0000000008006964       0x70 ./build/adc.o
                0x0000000008006964                MX_ADC1_Init
 .text.HAL_ADC_MspInit
                0x00000000080069d4       0x98 ./build/adc.o
                0x00000000080069d4                HAL_ADC_MspInit
 .text.ADC_Config_Channel
                0x0000000008006a6c       0xa8 ./build/adc.o
                0x0000000008006a6c                ADC_Config_Channel
 .text.ADC_DeConfig_Channel
                0x0000000008006b14       0x24 ./build/adc.o
                0x0000000008006b14                ADC_DeConfig_Channel
 .text.ADC_Polling_Conv
                0x0000000008006b38        0x4 ./build/adc.o
                0x0000000008006b38                ADC_Polling_Conv
 .text.HAL_ADC_ConvCpltCallback
                0x0000000008006b3c       0xb8 ./build/adc.o
                0x0000000008006b3c                HAL_ADC_ConvCpltCallback
 .text.print_adcValues
                0x0000000008006bf4       0x60 ./build/adc.o
                0x0000000008006bf4                print_adcValues
 .text.help_cb  0x0000000008006c54       0x84 ./build/commands.o
                0x0000000008006c54                help_cb
 .text.print_full_help
                0x0000000008006cd8       0x28 ./build/commands.o
 .text.print_arg_help
                0x0000000008006d00       0x3c ./build/commands.o
 .text.exec_cmd
                0x0000000008006d3c       0x58 ./build/commands.o
                0x0000000008006d3c                exec_cmd
 *fill*         0x0000000008006d94        0x4 
 .text.cwt      0x0000000008006d98      0x25c ./build/cwt.o
                0x0000000008006d98                cwt
 .text.MX_DAC_Init
                0x0000000008006ff4       0x58 ./build/dac.o
                0x0000000008006ff4                MX_DAC_Init
 .text.HAL_DAC_MspInit
                0x000000000800704c       0xb0 ./build/dac.o
                0x000000000800704c                HAL_DAC_MspInit
 .text.MX_DMA_Init
                0x00000000080070fc       0x34 ./build/dma.o
                0x00000000080070fc                MX_DMA_Init
 .text.fft      0x0000000008007130      0x128 ./build/fft.o
                0x0000000008007130                fft
 .text.ifft     0x0000000008007258      0x128 ./build/fft.o
                0x0000000008007258                ifft
 .text.filter_init
                0x0000000008007380       0x56 ./build/filters.o
                0x0000000008007380                filter_init
 .text.filter_kill
                0x00000000080073d6       0x32 ./build/filters.o
                0x00000000080073d6                filter_kill
 .text.filter_calc
                0x0000000008007408       0xf8 ./build/filters.o
                0x0000000008007408                filter_calc
 .text.MX_GPIO_Init
                0x0000000008007500       0x78 ./build/gpio.o
                0x0000000008007500                MX_GPIO_Init
 .text.GPIO_config_pins
                0x0000000008007578       0x2c ./build/gpio.o
                0x0000000008007578                GPIO_config_pins
 .text.GPIO_check_res_pins
                0x00000000080075a4       0x5c ./build/gpio.o
                0x00000000080075a4                GPIO_check_res_pins
 .text.memory_read
                0x0000000008007600       0x6c ./build/interface.o
 .text.memory_write
                0x000000000800766c       0x88 ./build/interface.o
 .text.ver_cb   0x00000000080076f4       0x24 ./build/interface.o
                0x00000000080076f4                ver_cb
 .text.mr_cb    0x0000000008007718       0x3c ./build/interface.o
                0x0000000008007718                mr_cb
 .text.mw_cb    0x0000000008007754       0x44 ./build/interface.o
                0x0000000008007754                mw_cb
 .text.mi_cb    0x0000000008007798       0xa4 ./build/interface.o
                0x0000000008007798                mi_cb
 .text.mo_cb    0x000000000800783c       0xa8 ./build/interface.o
                0x000000000800783c                mo_cb
 .text.rd_cb    0x00000000080078e4       0xc0 ./build/interface.o
                0x00000000080078e4                rd_cb
 .text.wd_cb    0x00000000080079a4       0xd4 ./build/interface.o
                0x00000000080079a4                wd_cb
 .text.ra_cb    0x0000000008007a78       0x9c ./build/interface.o
                0x0000000008007a78                ra_cb
 .text.print_vector
                0x0000000008007b14       0x4c ./build/main.o
                0x0000000008007b14                print_vector
 .text.Error_Handler
                0x0000000008007b60        0x4 ./build/main.o
                0x0000000008007b60                Error_Handler
 .text.SystemClock_Config
                0x0000000008007b64       0xac ./build/main.o
                0x0000000008007b64                SystemClock_Config
 .text.main     0x0000000008007c10      0x124 ./build/main.o
                0x0000000008007c10                main
 *fill*         0x0000000008007d34        0x4 
 .text.morlet_base
                0x0000000008007d38      0x16c ./build/morlet.o
                0x0000000008007d38                morlet_base
 .text.parse_cmd
                0x0000000008007ea4       0xbc ./build/parser.o
                0x0000000008007ea4                parse_cmd
 .text.start_sampling
                0x0000000008007f60       0x24 ./build/sampling.o
 .text.stop_sampling
                0x0000000008007f84       0x18 ./build/sampling.o
 .text.sp_cb    0x0000000008007f9c       0x90 ./build/sampling.o
                0x0000000008007f9c                sp_cb
 .text.ac_cb    0x000000000800802c       0x58 ./build/sampling.o
                0x000000000800802c                ac_cb
 .text.fn_cb    0x0000000008008084      0x100 ./build/sampling.o
                0x0000000008008084                fn_cb
 .text.ff_cb    0x0000000008008184       0x34 ./build/sampling.o
                0x0000000008008184                ff_cb
 .text.s_cb     0x00000000080081b8       0xc4 ./build/sampling.o
                0x00000000080081b8                s_cb
 .text.st_cb    0x000000000800827c       0x38 ./build/sampling.o
                0x000000000800827c                st_cb
 .text.wg_cb    0x00000000080082b4       0x94 ./build/sampling.o
                0x00000000080082b4                wg_cb
 .text.wavegen_init
                0x0000000008008348       0x18 ./build/signals.o
                0x0000000008008348                wavegen_init
 .text.wavegen_start
                0x0000000008008360       0x24 ./build/signals.o
                0x0000000008008360                wavegen_start
 .text.wavegen_stop
                0x0000000008008384       0x10 ./build/signals.o
                0x0000000008008384                wavegen_stop
 .text.wavegen_freq_update
                0x0000000008008394       0x14 ./build/signals.o
                0x0000000008008394                wavegen_freq_update
 .text.wavegen_sin
                0x00000000080083a8       0x6c ./build/signals.o
                0x00000000080083a8                wavegen_sin
 .text.wavegen_tri
                0x0000000008008414       0x3c ./build/signals.o
                0x0000000008008414                wavegen_tri
 .text.wavegen_sqr
                0x0000000008008450       0x24 ./build/signals.o
                0x0000000008008450                wavegen_sqr
 .text.wavegen_stw
                0x0000000008008474       0x1c ./build/signals.o
                0x0000000008008474                wavegen_stw
 .text.MX_SPI1_Init
                0x0000000008008490       0x4c ./build/spi.o
                0x0000000008008490                MX_SPI1_Init
 .text.HAL_SPI_MspInit
                0x00000000080084dc       0x94 ./build/spi.o
                0x00000000080084dc                HAL_SPI_MspInit
 .text.HAL_MspInit
                0x0000000008008570       0x30 ./build/stm32f7xx_hal_msp.o
                0x0000000008008570                HAL_MspInit
 .text.NMI_Handler
                0x00000000080085a0        0x2 ./build/stm32f7xx_it.o
                0x00000000080085a0                NMI_Handler
 .text.HardFault_Handler
                0x00000000080085a2        0x2 ./build/stm32f7xx_it.o
                0x00000000080085a2                HardFault_Handler
 .text.MemManage_Handler
                0x00000000080085a4        0x2 ./build/stm32f7xx_it.o
                0x00000000080085a4                MemManage_Handler
 .text.BusFault_Handler
                0x00000000080085a6        0x2 ./build/stm32f7xx_it.o
                0x00000000080085a6                BusFault_Handler
 .text.UsageFault_Handler
                0x00000000080085a8        0x2 ./build/stm32f7xx_it.o
                0x00000000080085a8                UsageFault_Handler
 .text.SVC_Handler
                0x00000000080085aa        0x2 ./build/stm32f7xx_it.o
                0x00000000080085aa                SVC_Handler
 .text.DebugMon_Handler
                0x00000000080085ac        0x2 ./build/stm32f7xx_it.o
                0x00000000080085ac                DebugMon_Handler
 .text.PendSV_Handler
                0x00000000080085ae        0x2 ./build/stm32f7xx_it.o
                0x00000000080085ae                PendSV_Handler
 .text.SysTick_Handler
                0x00000000080085b0        0x8 ./build/stm32f7xx_it.o
                0x00000000080085b0                SysTick_Handler
 .text.DMA1_Stream6_IRQHandler
                0x00000000080085b8       0x10 ./build/stm32f7xx_it.o
                0x00000000080085b8                DMA1_Stream6_IRQHandler
 .text.ADC_IRQHandler
                0x00000000080085c8       0x10 ./build/stm32f7xx_it.o
                0x00000000080085c8                ADC_IRQHandler
 .text.TIM2_IRQHandler
                0x00000000080085d8       0x10 ./build/stm32f7xx_it.o
                0x00000000080085d8                TIM2_IRQHandler
 .text.USART3_IRQHandler
                0x00000000080085e8       0x10 ./build/stm32f7xx_it.o
                0x00000000080085e8                USART3_IRQHandler
 .text._getpid  0x00000000080085f8        0x4 ./build/syscalls.o
                0x00000000080085f8                _getpid
 .text._kill    0x00000000080085fc       0x10 ./build/syscalls.o
                0x00000000080085fc                _kill
 .text._exit    0x000000000800860c        0xc ./build/syscalls.o
                0x000000000800860c                _exit
 .text._read    0x0000000008008618       0x20 ./build/syscalls.o
                0x0000000008008618                _read
 .text._write   0x0000000008008638       0x1c ./build/syscalls.o
                0x0000000008008638                _write
 .text._close   0x0000000008008654        0x6 ./build/syscalls.o
                0x0000000008008654                _close
 .text._fstat   0x000000000800865a        0xa ./build/syscalls.o
                0x000000000800865a                _fstat
 .text._isatty  0x0000000008008664        0x4 ./build/syscalls.o
                0x0000000008008664                _isatty
 .text._lseek   0x0000000008008668        0x4 ./build/syscalls.o
                0x0000000008008668                _lseek
 .text._sbrk    0x000000000800866c       0x48 ./build/sysmem.o
                0x000000000800866c                _sbrk
 .text.SystemInit
                0x00000000080086b4       0x1c ./build/system_stm32f7xx.o
                0x00000000080086b4                SystemInit
 .text.MX_TIM2_Init
                0x00000000080086d0       0x70 ./build/tim.o
                0x00000000080086d0                MX_TIM2_Init
 .text.MX_TIM6_Init
                0x0000000008008740       0x50 ./build/tim.o
                0x0000000008008740                MX_TIM6_Init
 .text.HAL_TIM_Base_MspInit
                0x0000000008008790       0x60 ./build/tim.o
                0x0000000008008790                HAL_TIM_Base_MspInit
 .text.TIMER_2_Update
                0x00000000080087f0       0x6c ./build/tim.o
                0x00000000080087f0                TIMER_2_Update
 .text.TIMER_6_Update
                0x000000000800885c       0x20 ./build/tim.o
                0x000000000800885c                TIMER_6_Update
 .text.process_as_control
                0x000000000800887c       0x34 ./build/usart.o
 .text.process_as_data
                0x00000000080088b0       0x24 ./build/usart.o
 .text.insert_cmd
                0x00000000080088d4       0x34 ./build/usart.o
 .text.MX_USART3_UART_Init
                0x0000000008008908       0x38 ./build/usart.o
                0x0000000008008908                MX_USART3_UART_Init
 .text.HAL_UART_MspInit
                0x0000000008008940       0x9c ./build/usart.o
                0x0000000008008940                HAL_UART_MspInit
 .text.Rx_UART_init
                0x00000000080089dc       0x18 ./build/usart.o
                0x00000000080089dc                Rx_UART_init
 .text.UART_Receive
                0x00000000080089f4       0x44 ./build/usart.o
                0x00000000080089f4                UART_Receive
 .text.HAL_UART_RxCpltCallback
                0x0000000008008a38       0x1c ./build/usart.o
                0x0000000008008a38                HAL_UART_RxCpltCallback
 .text.UART_putchar
                0x0000000008008a54       0x20 ./build/usart.o
                0x0000000008008a54                UART_putchar
 .text.bcksp_key_cb
                0x0000000008008a74       0x2c ./build/usart.o
 .text.UART_puts
                0x0000000008008aa0       0x40 ./build/usart.o
                0x0000000008008aa0                UART_puts
 .text.clear_last_cmd
                0x0000000008008ae0       0x34 ./build/usart.o
 .text.esc_key_cb
                0x0000000008008b14        0x8 ./build/usart.o
 .text.dollar_key_cb
                0x0000000008008b1c       0x1c ./build/usart.o
 .text.enter_key_cb
                0x0000000008008b38       0x30 ./build/usart.o
 .text.my_atoi  0x0000000008008b68       0x26 ./build/utils.o
                0x0000000008008b68                my_atoi
 *fill*         0x0000000008008b8e        0x2 
 .text.ADC_Init
                0x0000000008008b90      0x134 ./build/stm32f7xx_hal_adc.o
 .text.HAL_ADC_Init
                0x0000000008008cc4       0x58 ./build/stm32f7xx_hal_adc.o
                0x0000000008008cc4                HAL_ADC_Init
 .text.HAL_ADC_Start_IT
                0x0000000008008d1c      0x144 ./build/stm32f7xx_hal_adc.o
                0x0000000008008d1c                HAL_ADC_Start_IT
 .text.HAL_ADC_Stop_IT
                0x0000000008008e60       0x4c ./build/stm32f7xx_hal_adc.o
                0x0000000008008e60                HAL_ADC_Stop_IT
 .text.HAL_ADC_GetValue
                0x0000000008008eac        0x6 ./build/stm32f7xx_hal_adc.o
                0x0000000008008eac                HAL_ADC_GetValue
 .text.HAL_ADC_LevelOutOfWindowCallback
                0x0000000008008eb2        0x2 ./build/stm32f7xx_hal_adc.o
                0x0000000008008eb2                HAL_ADC_LevelOutOfWindowCallback
 .text.HAL_ADC_ErrorCallback
                0x0000000008008eb4        0x2 ./build/stm32f7xx_hal_adc.o
                0x0000000008008eb4                HAL_ADC_ErrorCallback
 .text.HAL_ADC_IRQHandler
                0x0000000008008eb6      0x136 ./build/stm32f7xx_hal_adc.o
                0x0000000008008eb6                HAL_ADC_IRQHandler
 .text.HAL_ADC_ConfigChannel
                0x0000000008008fec      0x1e4 ./build/stm32f7xx_hal_adc.o
                0x0000000008008fec                HAL_ADC_ConfigChannel
 .text.HAL_ADCEx_InjectedConvCpltCallback
                0x00000000080091d0        0x2 ./build/stm32f7xx_hal_adc_ex.o
                0x00000000080091d0                HAL_ADCEx_InjectedConvCpltCallback
 *fill*         0x00000000080091d2        0x2 
 .text.HAL_InitTick
                0x00000000080091d4       0x4c ./build/stm32f7xx_hal.o
                0x00000000080091d4                HAL_InitTick
 .text.HAL_Init
                0x0000000008009220       0x16 ./build/stm32f7xx_hal.o
                0x0000000008009220                HAL_Init
 *fill*         0x0000000008009236        0x2 
 .text.HAL_IncTick
                0x0000000008009238       0x18 ./build/stm32f7xx_hal.o
                0x0000000008009238                HAL_IncTick
 .text.HAL_GetTick
                0x0000000008009250        0xc ./build/stm32f7xx_hal.o
                0x0000000008009250                HAL_GetTick
 .text.HAL_Delay
                0x000000000800925c       0x28 ./build/stm32f7xx_hal.o
                0x000000000800925c                HAL_Delay
 .text.HAL_NVIC_SetPriorityGrouping
                0x0000000008009284       0x24 ./build/stm32f7xx_hal_cortex.o
                0x0000000008009284                HAL_NVIC_SetPriorityGrouping
 .text.HAL_NVIC_SetPriority
                0x00000000080092a8       0x6c ./build/stm32f7xx_hal_cortex.o
                0x00000000080092a8                HAL_NVIC_SetPriority
 .text.HAL_NVIC_EnableIRQ
                0x0000000008009314       0x1c ./build/stm32f7xx_hal_cortex.o
                0x0000000008009314                HAL_NVIC_EnableIRQ
 .text.HAL_SYSTICK_Config
                0x0000000008009330       0x28 ./build/stm32f7xx_hal_cortex.o
                0x0000000008009330                HAL_SYSTICK_Config
 .text.HAL_DAC_Init
                0x0000000008009358       0x24 ./build/stm32f7xx_hal_dac.o
                0x0000000008009358                HAL_DAC_Init
 .text.HAL_DAC_Start
                0x000000000800937c       0x68 ./build/stm32f7xx_hal_dac.o
                0x000000000800937c                HAL_DAC_Start
 .text.HAL_DAC_Stop
                0x00000000080093e4       0x20 ./build/stm32f7xx_hal_dac.o
                0x00000000080093e4                HAL_DAC_Stop
 .text.HAL_DAC_Start_DMA
                0x0000000008009404       0xfc ./build/stm32f7xx_hal_dac.o
                0x0000000008009404                HAL_DAC_Start_DMA
 .text.HAL_DAC_Stop_DMA
                0x0000000008009500       0x56 ./build/stm32f7xx_hal_dac.o
                0x0000000008009500                HAL_DAC_Stop_DMA
 .text.HAL_DAC_SetValue
                0x0000000008009556       0x2e ./build/stm32f7xx_hal_dac.o
                0x0000000008009556                HAL_DAC_SetValue
 .text.HAL_DAC_ConvCpltCallbackCh1
                0x0000000008009584        0x2 ./build/stm32f7xx_hal_dac.o
                0x0000000008009584                HAL_DAC_ConvCpltCallbackCh1
 .text.DAC_DMAConvCpltCh1
                0x0000000008009586       0x10 ./build/stm32f7xx_hal_dac.o
                0x0000000008009586                DAC_DMAConvCpltCh1
 .text.HAL_DAC_ConvHalfCpltCallbackCh1
                0x0000000008009596        0x2 ./build/stm32f7xx_hal_dac.o
                0x0000000008009596                HAL_DAC_ConvHalfCpltCallbackCh1
 .text.DAC_DMAHalfConvCpltCh1
                0x0000000008009598        0xa ./build/stm32f7xx_hal_dac.o
                0x0000000008009598                DAC_DMAHalfConvCpltCh1
 .text.HAL_DAC_ErrorCallbackCh1
                0x00000000080095a2        0x2 ./build/stm32f7xx_hal_dac.o
                0x00000000080095a2                HAL_DAC_ErrorCallbackCh1
 .text.DAC_DMAErrorCh1
                0x00000000080095a4       0x18 ./build/stm32f7xx_hal_dac.o
                0x00000000080095a4                DAC_DMAErrorCh1
 .text.HAL_DAC_ConfigChannel
                0x00000000080095bc       0x56 ./build/stm32f7xx_hal_dac.o
                0x00000000080095bc                HAL_DAC_ConfigChannel
 .text.HAL_DAC_GetState
                0x0000000008009612        0x4 ./build/stm32f7xx_hal_dac.o
                0x0000000008009612                HAL_DAC_GetState
 .text.HAL_DACEx_ConvCpltCallbackCh2
                0x0000000008009616        0x2 ./build/stm32f7xx_hal_dac_ex.o
                0x0000000008009616                HAL_DACEx_ConvCpltCallbackCh2
 .text.HAL_DACEx_ConvHalfCpltCallbackCh2
                0x0000000008009618        0x2 ./build/stm32f7xx_hal_dac_ex.o
                0x0000000008009618                HAL_DACEx_ConvHalfCpltCallbackCh2
 .text.HAL_DACEx_ErrorCallbackCh2
                0x000000000800961a        0x2 ./build/stm32f7xx_hal_dac_ex.o
                0x000000000800961a                HAL_DACEx_ErrorCallbackCh2
 .text.DAC_DMAConvCpltCh2
                0x000000000800961c       0x10 ./build/stm32f7xx_hal_dac_ex.o
                0x000000000800961c                DAC_DMAConvCpltCh2
 .text.DAC_DMAHalfConvCpltCh2
                0x000000000800962c        0xa ./build/stm32f7xx_hal_dac_ex.o
                0x000000000800962c                DAC_DMAHalfConvCpltCh2
 .text.DAC_DMAErrorCh2
                0x0000000008009636       0x18 ./build/stm32f7xx_hal_dac_ex.o
                0x0000000008009636                DAC_DMAErrorCh2
 .text.DMA_SetConfig
                0x000000000800964e       0x2c ./build/stm32f7xx_hal_dma.o
 *fill*         0x000000000800967a        0x2 
 .text.DMA_CalcBaseAndBitshift
                0x000000000800967c       0x40 ./build/stm32f7xx_hal_dma.o
 .text.DMA_CheckFifoParam
                0x00000000080096bc       0x8e ./build/stm32f7xx_hal_dma.o
 *fill*         0x000000000800974a        0x2 
 .text.HAL_DMA_Init
                0x000000000800974c       0xcc ./build/stm32f7xx_hal_dma.o
                0x000000000800974c                HAL_DMA_Init
 .text.HAL_DMA_Start_IT
                0x0000000008009818       0x74 ./build/stm32f7xx_hal_dma.o
                0x0000000008009818                HAL_DMA_Start_IT
 .text.HAL_DMA_Abort
                0x000000000800988c       0x94 ./build/stm32f7xx_hal_dma.o
                0x000000000800988c                HAL_DMA_Abort
 .text.HAL_DMA_Abort_IT
                0x0000000008009920       0x26 ./build/stm32f7xx_hal_dma.o
                0x0000000008009920                HAL_DMA_Abort_IT
 *fill*         0x0000000008009946        0x2 
 .text.HAL_DMA_IRQHandler
                0x0000000008009948      0x1dc ./build/stm32f7xx_hal_dma.o
                0x0000000008009948                HAL_DMA_IRQHandler
 .text.HAL_GPIO_Init
                0x0000000008009b24      0x1f8 ./build/stm32f7xx_hal_gpio.o
                0x0000000008009b24                HAL_GPIO_Init
 .text.HAL_GPIO_ReadPin
                0x0000000008009d1c        0xe ./build/stm32f7xx_hal_gpio.o
                0x0000000008009d1c                HAL_GPIO_ReadPin
 .text.HAL_GPIO_WritePin
                0x0000000008009d2a        0xc ./build/stm32f7xx_hal_gpio.o
                0x0000000008009d2a                HAL_GPIO_WritePin
 .text.HAL_GPIO_TogglePin
                0x0000000008009d36       0x12 ./build/stm32f7xx_hal_gpio.o
                0x0000000008009d36                HAL_GPIO_TogglePin
 .text.HAL_PWREx_EnableOverDrive
                0x0000000008009d48       0x7c ./build/stm32f7xx_hal_pwr_ex.o
                0x0000000008009d48                HAL_PWREx_EnableOverDrive
 .text.HAL_RCC_OscConfig
                0x0000000008009dc4      0x444 ./build/stm32f7xx_hal_rcc.o
                0x0000000008009dc4                HAL_RCC_OscConfig
 .text.HAL_RCC_GetSysClockFreq
                0x000000000800a208       0xc8 ./build/stm32f7xx_hal_rcc.o
                0x000000000800a208                HAL_RCC_GetSysClockFreq
 .text.HAL_RCC_ClockConfig
                0x000000000800a2d0      0x16c ./build/stm32f7xx_hal_rcc.o
                0x000000000800a2d0                HAL_RCC_ClockConfig
 .text.HAL_RCC_GetHCLKFreq
                0x000000000800a43c        0xc ./build/stm32f7xx_hal_rcc.o
                0x000000000800a43c                HAL_RCC_GetHCLKFreq
 .text.HAL_RCC_GetPCLK1Freq
                0x000000000800a448       0x20 ./build/stm32f7xx_hal_rcc.o
                0x000000000800a448                HAL_RCC_GetPCLK1Freq
 .text.HAL_RCC_GetPCLK2Freq
                0x000000000800a468       0x20 ./build/stm32f7xx_hal_rcc.o
                0x000000000800a468                HAL_RCC_GetPCLK2Freq
 .text.HAL_RCCEx_PeriphCLKConfig
                0x000000000800a488      0x600 ./build/stm32f7xx_hal_rcc_ex.o
                0x000000000800a488                HAL_RCCEx_PeriphCLKConfig
 .text.HAL_SPI_Init
                0x000000000800aa88       0xe8 ./build/stm32f7xx_hal_spi.o
                0x000000000800aa88                HAL_SPI_Init
 .text.TIM_TI1_ConfigInputStage
                0x000000000800ab70       0x26 ./build/stm32f7xx_hal_tim.o
 .text.TIM_TI2_ConfigInputStage
                0x000000000800ab96       0x28 ./build/stm32f7xx_hal_tim.o
 .text.TIM_ITRx_SetConfig
                0x000000000800abbe       0x10 ./build/stm32f7xx_hal_tim.o
 *fill*         0x000000000800abce        0x2 
 .text.HAL_TIM_Base_Start
                0x000000000800abd0       0x88 ./build/stm32f7xx_hal_tim.o
                0x000000000800abd0                HAL_TIM_Base_Start
 .text.HAL_TIM_Base_Start_IT
                0x000000000800ac58       0x90 ./build/stm32f7xx_hal_tim.o
                0x000000000800ac58                HAL_TIM_Base_Start_IT
 .text.HAL_TIM_Base_Stop_IT
                0x000000000800ace8       0x32 ./build/stm32f7xx_hal_tim.o
                0x000000000800ace8                HAL_TIM_Base_Stop_IT
 .text.HAL_TIM_PeriodElapsedCallback
                0x000000000800ad1a        0x2 ./build/stm32f7xx_hal_tim.o
                0x000000000800ad1a                HAL_TIM_PeriodElapsedCallback
 .text.HAL_TIM_OC_DelayElapsedCallback
                0x000000000800ad1c        0x2 ./build/stm32f7xx_hal_tim.o
                0x000000000800ad1c                HAL_TIM_OC_DelayElapsedCallback
 .text.HAL_TIM_IC_CaptureCallback
                0x000000000800ad1e        0x2 ./build/stm32f7xx_hal_tim.o
                0x000000000800ad1e                HAL_TIM_IC_CaptureCallback
 .text.HAL_TIM_PWM_PulseFinishedCallback
                0x000000000800ad20        0x2 ./build/stm32f7xx_hal_tim.o
                0x000000000800ad20                HAL_TIM_PWM_PulseFinishedCallback
 .text.HAL_TIM_TriggerCallback
                0x000000000800ad22        0x2 ./build/stm32f7xx_hal_tim.o
                0x000000000800ad22                HAL_TIM_TriggerCallback
 .text.HAL_TIM_IRQHandler
                0x000000000800ad24      0x19a ./build/stm32f7xx_hal_tim.o
                0x000000000800ad24                HAL_TIM_IRQHandler
 *fill*         0x000000000800aebe        0x2 
 .text.TIM_Base_SetConfig
                0x000000000800aec0      0x110 ./build/stm32f7xx_hal_tim.o
                0x000000000800aec0                TIM_Base_SetConfig
 .text.HAL_TIM_Base_Init
                0x000000000800afd0       0x60 ./build/stm32f7xx_hal_tim.o
                0x000000000800afd0                HAL_TIM_Base_Init
 .text.TIM_ETR_SetConfig
                0x000000000800b030       0x1a ./build/stm32f7xx_hal_tim.o
                0x000000000800b030                TIM_ETR_SetConfig
 *fill*         0x000000000800b04a        0x2 
 .text.HAL_TIM_ConfigClockSource
                0x000000000800b04c      0x100 ./build/stm32f7xx_hal_tim.o
                0x000000000800b04c                HAL_TIM_ConfigClockSource
 .text.HAL_TIMEx_MasterConfigSynchronization
                0x000000000800b14c       0xa0 ./build/stm32f7xx_hal_tim_ex.o
                0x000000000800b14c                HAL_TIMEx_MasterConfigSynchronization
 .text.HAL_TIMEx_CommutCallback
                0x000000000800b1ec        0x2 ./build/stm32f7xx_hal_tim_ex.o
                0x000000000800b1ec                HAL_TIMEx_CommutCallback
 .text.HAL_TIMEx_BreakCallback
                0x000000000800b1ee        0x2 ./build/stm32f7xx_hal_tim_ex.o
                0x000000000800b1ee                HAL_TIMEx_BreakCallback
 .text.HAL_TIMEx_Break2Callback
                0x000000000800b1f0        0x2 ./build/stm32f7xx_hal_tim_ex.o
                0x000000000800b1f0                HAL_TIMEx_Break2Callback
 .text.UART_EndRxTransfer
                0x000000000800b1f2       0x52 ./build/stm32f7xx_hal_uart.o
 .text.UART_TxISR_8BIT
                0x000000000800b244       0x54 ./build/stm32f7xx_hal_uart.o
 .text.UART_TxISR_16BIT
                0x000000000800b298       0x58 ./build/stm32f7xx_hal_uart.o
 .text.HAL_UART_Transmit_IT
                0x000000000800b2f0       0x64 ./build/stm32f7xx_hal_uart.o
                0x000000000800b2f0                HAL_UART_Transmit_IT
 .text.HAL_UART_TxCpltCallback
                0x000000000800b354        0x2 ./build/stm32f7xx_hal_uart.o
                0x000000000800b354                HAL_UART_TxCpltCallback
 .text.UART_EndTransmit_IT
                0x000000000800b356       0x22 ./build/stm32f7xx_hal_uart.o
 .text.HAL_UART_ErrorCallback
                0x000000000800b378        0x2 ./build/stm32f7xx_hal_uart.o
                0x000000000800b378                HAL_UART_ErrorCallback
 .text.UART_DMAAbortOnError
                0x000000000800b37a       0x14 ./build/stm32f7xx_hal_uart.o
 .text.HAL_UARTEx_RxEventCallback
                0x000000000800b38e        0x2 ./build/stm32f7xx_hal_uart.o
                0x000000000800b38e                HAL_UARTEx_RxEventCallback
 .text.UART_RxISR_8BIT
                0x000000000800b390       0xb4 ./build/stm32f7xx_hal_uart.o
 .text.UART_RxISR_16BIT
                0x000000000800b444       0xb2 ./build/stm32f7xx_hal_uart.o
 .text.HAL_UARTEx_WakeupCallback
                0x000000000800b4f6        0x2 ./build/stm32f7xx_hal_uart.o
                0x000000000800b4f6                HAL_UARTEx_WakeupCallback
 .text.HAL_UART_IRQHandler
                0x000000000800b4f8      0x2ec ./build/stm32f7xx_hal_uart.o
                0x000000000800b4f8                HAL_UART_IRQHandler
 .text.UART_SetConfig
                0x000000000800b7e4      0x330 ./build/stm32f7xx_hal_uart.o
                0x000000000800b7e4                UART_SetConfig
 .text.UART_AdvFeatureConfig
                0x000000000800bb14       0xca ./build/stm32f7xx_hal_uart.o
                0x000000000800bb14                UART_AdvFeatureConfig
 .text.UART_WaitOnFlagUntilTimeout
                0x000000000800bbde       0xd8 ./build/stm32f7xx_hal_uart.o
                0x000000000800bbde                UART_WaitOnFlagUntilTimeout
 .text.UART_CheckIdleState
                0x000000000800bcb6       0x74 ./build/stm32f7xx_hal_uart.o
                0x000000000800bcb6                UART_CheckIdleState
 .text.HAL_UART_Init
                0x000000000800bd2a       0x62 ./build/stm32f7xx_hal_uart.o
                0x000000000800bd2a                HAL_UART_Init
 .text.UART_Start_Receive_IT
                0x000000000800bd8c       0xd4 ./build/stm32f7xx_hal_uart.o
                0x000000000800bd8c                UART_Start_Receive_IT
 .text.HAL_UART_Receive_IT
                0x000000000800be60       0x40 ./build/stm32f7xx_hal_uart.o
                0x000000000800be60                HAL_UART_Receive_IT
 .text.Reset_Handler
                0x000000000800bea0       0x50 ./build/startup_stm32f767xx.o
                0x000000000800bea0                Reset_Handler
 .text.Default_Handler
                0x000000000800bef0        0x2 ./build/startup_stm32f767xx.o
                0x000000000800bef0                RTC_Alarm_IRQHandler
                0x000000000800bef0                EXTI2_IRQHandler
                0x000000000800bef0                TIM8_CC_IRQHandler
                0x000000000800bef0                UART8_IRQHandler
                0x000000000800bef0                SPI4_IRQHandler
                0x000000000800bef0                TIM1_CC_IRQHandler
                0x000000000800bef0                DMA2_Stream5_IRQHandler
                0x000000000800bef0                JPEG_IRQHandler
                0x000000000800bef0                DMA1_Stream5_IRQHandler
                0x000000000800bef0                CAN3_RX1_IRQHandler
                0x000000000800bef0                PVD_IRQHandler
                0x000000000800bef0                TAMP_STAMP_IRQHandler
                0x000000000800bef0                CAN2_RX1_IRQHandler
                0x000000000800bef0                EXTI3_IRQHandler
                0x000000000800bef0                TIM8_TRG_COM_TIM14_IRQHandler
                0x000000000800bef0                DFSDM1_FLT1_IRQHandler
                0x000000000800bef0                TIM1_UP_TIM10_IRQHandler
                0x000000000800bef0                TIM8_UP_TIM13_IRQHandler
                0x000000000800bef0                I2C3_ER_IRQHandler
                0x000000000800bef0                DFSDM1_FLT2_IRQHandler
                0x000000000800bef0                EXTI0_IRQHandler
                0x000000000800bef0                I2C2_EV_IRQHandler
                0x000000000800bef0                DMA1_Stream2_IRQHandler
                0x000000000800bef0                CAN1_RX0_IRQHandler
                0x000000000800bef0                FPU_IRQHandler
                0x000000000800bef0                OTG_HS_WKUP_IRQHandler
                0x000000000800bef0                CAN3_SCE_IRQHandler
                0x000000000800bef0                LTDC_ER_IRQHandler
                0x000000000800bef0                CAN2_SCE_IRQHandler
                0x000000000800bef0                DMA2_Stream2_IRQHandler
                0x000000000800bef0                SPI1_IRQHandler
                0x000000000800bef0                TIM6_DAC_IRQHandler
                0x000000000800bef0                TIM1_BRK_TIM9_IRQHandler
                0x000000000800bef0                DCMI_IRQHandler
                0x000000000800bef0                CAN2_RX0_IRQHandler
                0x000000000800bef0                DMA2_Stream3_IRQHandler
                0x000000000800bef0                SAI2_IRQHandler
                0x000000000800bef0                DFSDM1_FLT3_IRQHandler
                0x000000000800bef0                USART6_IRQHandler
                0x000000000800bef0                CAN3_RX0_IRQHandler
                0x000000000800bef0                CAN1_RX1_IRQHandler
                0x000000000800bef0                UART5_IRQHandler
                0x000000000800bef0                DMA2_Stream0_IRQHandler
                0x000000000800bef0                TIM4_IRQHandler
                0x000000000800bef0                QUADSPI_IRQHandler
                0x000000000800bef0                I2C1_EV_IRQHandler
                0x000000000800bef0                DMA1_Stream1_IRQHandler
                0x000000000800bef0                UART4_IRQHandler
                0x000000000800bef0                TIM3_IRQHandler
                0x000000000800bef0                RCC_IRQHandler
                0x000000000800bef0                TIM8_BRK_TIM12_IRQHandler
                0x000000000800bef0                Default_Handler
                0x000000000800bef0                CEC_IRQHandler
                0x000000000800bef0                EXTI15_10_IRQHandler
                0x000000000800bef0                DMA1_Stream7_IRQHandler
                0x000000000800bef0                SPI5_IRQHandler
                0x000000000800bef0                TIM7_IRQHandler
                0x000000000800bef0                SDMMC1_IRQHandler
                0x000000000800bef0                CAN2_TX_IRQHandler
                0x000000000800bef0                TIM5_IRQHandler
                0x000000000800bef0                DMA2_Stream7_IRQHandler
                0x000000000800bef0                I2C3_EV_IRQHandler
                0x000000000800bef0                EXTI9_5_IRQHandler
                0x000000000800bef0                RTC_WKUP_IRQHandler
                0x000000000800bef0                LTDC_IRQHandler
                0x000000000800bef0                ETH_WKUP_IRQHandler
                0x000000000800bef0                SPDIF_RX_IRQHandler
                0x000000000800bef0                SPI2_IRQHandler
                0x000000000800bef0                OTG_HS_EP1_IN_IRQHandler
                0x000000000800bef0                DMA1_Stream0_IRQHandler
                0x000000000800bef0                CAN1_TX_IRQHandler
                0x000000000800bef0                EXTI4_IRQHandler
                0x000000000800bef0                RNG_IRQHandler
                0x000000000800bef0                ETH_IRQHandler
                0x000000000800bef0                OTG_HS_EP1_OUT_IRQHandler
                0x000000000800bef0                WWDG_IRQHandler
                0x000000000800bef0                SPI6_IRQHandler
                0x000000000800bef0                MDIOS_IRQHandler
                0x000000000800bef0                I2C4_EV_IRQHandler
                0x000000000800bef0                CAN3_TX_IRQHandler
                0x000000000800bef0                OTG_FS_WKUP_IRQHandler
                0x000000000800bef0                TIM1_TRG_COM_TIM11_IRQHandler
                0x000000000800bef0                OTG_HS_IRQHandler
                0x000000000800bef0                DMA2D_IRQHandler
                0x000000000800bef0                EXTI1_IRQHandler
                0x000000000800bef0                SDMMC2_IRQHandler
                0x000000000800bef0                UART7_IRQHandler
                0x000000000800bef0                USART2_IRQHandler
                0x000000000800bef0                DFSDM1_FLT0_IRQHandler
                0x000000000800bef0                I2C2_ER_IRQHandler
                0x000000000800bef0                DMA2_Stream1_IRQHandler
                0x000000000800bef0                CAN1_SCE_IRQHandler
                0x000000000800bef0                FLASH_IRQHandler
                0x000000000800bef0                DMA2_Stream4_IRQHandler
                0x000000000800bef0                USART1_IRQHandler
                0x000000000800bef0                OTG_FS_IRQHandler
                0x000000000800bef0                SPI3_IRQHandler
                0x000000000800bef0                DMA1_Stream4_IRQHandler
                0x000000000800bef0                I2C1_ER_IRQHandler
                0x000000000800bef0                FMC_IRQHandler
                0x000000000800bef0                LPTIM1_IRQHandler
                0x000000000800bef0                I2C4_ER_IRQHandler
                0x000000000800bef0                DMA2_Stream6_IRQHandler
                0x000000000800bef0                SAI1_IRQHandler
                0x000000000800bef0                DMA1_Stream3_IRQHandler
 *(.glue_7)
 .glue_7        0x000000000800bef2        0x0 linker stubs
 *(.glue_7t)
 .glue_7t       0x000000000800bef2        0x0 linker stubs
 *(.eh_frame)
 *fill*         0x000000000800bef2        0x2 
 .eh_frame      0x000000000800bef4        0x0 /usr/lib/gcc/arm-none-eabi/10.3.1/thumb/v7e-m+dp/hard/crtbegin.o
 *(.init)
 .init          0x000000000800bef4        0x4 /usr/lib/gcc/arm-none-eabi/10.3.1/thumb/v7e-m+dp/hard/crti.o
                0x000000000800bef4                _init
 .init          0x000000000800bef8        0x8 /usr/lib/gcc/arm-none-eabi/10.3.1/thumb/v7e-m+dp/hard/crtn.o
 *(.fini)
 .fini          0x000000000800bf00        0x4 /usr/lib/gcc/arm-none-eabi/10.3.1/thumb/v7e-m+dp/hard/crti.o
                0x000000000800bf00                _fini
 .fini          0x000000000800bf04        0x8 /usr/lib/gcc/arm-none-eabi/10.3.1/thumb/v7e-m+dp/hard/crtn.o
                0x000000000800bf0c                . = ALIGN (0x4)
                0x000000000800bf0c                _etext = .

.vfp11_veneer   0x000000000800bf0c        0x0
 .vfp11_veneer  0x000000000800bf0c        0x0 linker stubs

.v4_bx          0x000000000800bf0c        0x0
 .v4_bx         0x000000000800bf0c        0x0 linker stubs

.iplt           0x000000000800bf0c        0x0
 .iplt          0x000000000800bf0c        0x0 /usr/lib/gcc/arm-none-eabi/10.3.1/thumb/v7e-m+dp/hard/crtbegin.o

.rodata         0x000000000800bf10     0x36b8
                0x000000000800bf10                . = ALIGN (0x4)
 *(.rodata)
 .rodata        0x000000000800bf10       0x40 ./build/main.o
 .rodata        0x000000000800bf50        0x4 /usr/lib/gcc/arm-none-eabi/10.3.1/../../../arm-none-eabi/lib/thumb/v7e-m+dp/hard/libc_nano.a(lib_a-impure.o)
                0x000000000800bf50                _global_impure_ptr
 .rodata        0x000000000800bf54      0x101 /usr/lib/gcc/arm-none-eabi/10.3.1/../../../arm-none-eabi/lib/thumb/v7e-m+dp/hard/libc_nano.a(lib_a-ctype_.o)
                0x000000000800bf54                _ctype_
 *fill*         0x000000000800c055        0x3 
 .rodata        0x000000000800c058       0x60 /usr/lib/gcc/arm-none-eabi/10.3.1/../../../arm-none-eabi/lib/thumb/v7e-m+dp/hard/libc_nano.a(lib_a-findfp.o)
                0x000000000800c058                __sf_fake_stderr
                0x000000000800c078                __sf_fake_stdout
                0x000000000800c098                __sf_fake_stdin
 .rodata        0x000000000800c0b8      0x128 /usr/lib/gcc/arm-none-eabi/10.3.1/../../../arm-none-eabi/lib/thumb/v7e-m+dp/hard/libc_nano.a(lib_a-mprec.o)
                0x000000000800c0c8                __mprec_tens
                0x000000000800c190                __mprec_tinytens
                0x000000000800c1b8                __mprec_bigtens
 .rodata        0x000000000800c1e0      0x870 /usr/lib/gcc/arm-none-eabi/10.3.1/../../../arm-none-eabi/lib/thumb/v7e-m+dp/hard/libm.a(lib_a-exp_data.o)
                0x000000000800c1e0                __exp_data
 .rodata        0x000000000800ca50      0x890 /usr/lib/gcc/arm-none-eabi/10.3.1/../../../arm-none-eabi/lib/thumb/v7e-m+dp/hard/libm.a(lib_a-log_data.o)
                0x000000000800ca50                __log_data
 .rodata        0x000000000800d2e0     0x1048 /usr/lib/gcc/arm-none-eabi/10.3.1/../../../arm-none-eabi/lib/thumb/v7e-m+dp/hard/libm.a(lib_a-pow_log_data.o)
                0x000000000800d2e0                __pow_log_data
 .rodata        0x000000000800e328      0x188 /usr/lib/gcc/arm-none-eabi/10.3.1/../../../arm-none-eabi/lib/thumb/v7e-m+dp/hard/libm.a(lib_a-e_rem_pio2.o)
 .rodata        0x000000000800e4b0       0x50 /usr/lib/gcc/arm-none-eabi/10.3.1/../../../arm-none-eabi/lib/thumb/v7e-m+dp/hard/libm.a(lib_a-k_rem_pio2.o)
 *(.rodata*)
 .rodata.print_adcValues.str1.4
                0x000000000800e500        0xb ./build/adc.o
 *fill*         0x000000000800e50b        0x1 
 .rodata.ADC_Channels
                0x000000000800e50c       0x40 ./build/adc.o
                0x000000000800e50c                ADC_Channels
 .rodata.help_cb.str1.4
                0x000000000800e54c       0x8a ./build/commands.o
 *fill*         0x000000000800e5d6        0x2 
 .rodata.print_full_help.str1.4
                0x000000000800e5d8        0xa ./build/commands.o
 *fill*         0x000000000800e5e2        0x2 
 .rodata.print_arg_help.str1.4
                0x000000000800e5e4       0x11 ./build/commands.o
 *fill*         0x000000000800e5f5        0x3 
 .rodata.exec_cmd.str1.4
                0x000000000800e5f8       0x45 ./build/commands.o
 *fill*         0x000000000800e63d        0x3 
 .rodata.str1.4
                0x000000000800e640      0x3a5 ./build/commands.o
                                        0x3ad (size before relaxing)
 *fill*         0x000000000800e9e5        0x3 
 .rodata.cmd_list
                0x000000000800e9e8      0x110 ./build/commands.o
                0x000000000800e9e8                cmd_list
 .rodata.cwt.str1.4
                0x000000000800eaf8      0x1ad ./build/cwt.o
 *fill*         0x000000000800eca5        0x3 
 .rodata.GPIO_Pins
                0x000000000800eca8       0x20 ./build/gpio.o
                0x000000000800eca8                GPIO_Pins
 .rodata.GPIO_Ports
                0x000000000800ecc8       0x2c ./build/gpio.o
                0x000000000800ecc8                GPIO_Ports
 .rodata.memory_read.str1.4
                0x000000000800ecf4       0x41 ./build/interface.o
 *fill*         0x000000000800ed35        0x3 
 .rodata.memory_write.str1.4
                0x000000000800ed38       0x50 ./build/interface.o
 .rodata.ver_cb.str1.4
                0x000000000800ed88       0x8f ./build/interface.o
 *fill*         0x000000000800ee17        0x1 
 .rodata.mi_cb.str1.4
                0x000000000800ee18       0x47 ./build/interface.o
 *fill*         0x000000000800ee5f        0x1 
 .rodata.mo_cb.str1.4
                0x000000000800ee60       0x20 ./build/interface.o
 .rodata.rd_cb.str1.4
                0x000000000800ee80       0x50 ./build/interface.o
 .rodata.wd_cb.str1.4
                0x000000000800eed0       0x29 ./build/interface.o
 *fill*         0x000000000800eef9        0x3 
 .rodata.ra_cb.str1.4
                0x000000000800eefc       0x45 ./build/interface.o
 *fill*         0x000000000800ef41        0x3 
 .rodata.print_vector.str1.4
                0x000000000800ef44        0xf ./build/main.o
 *fill*         0x000000000800ef53        0x1 
 .rodata.main.str1.4
                0x000000000800ef54       0x88 ./build/main.o
 .rodata.morlet_base.str1.4
                0x000000000800efdc       0x33 ./build/morlet.o
 .rodata.parse_cmd.str1.4
                0x000000000800f00f       0x33 ./build/parser.o
                                          0x2 (size before relaxing)
 *fill*         0x000000000800f00f        0x1 
 .rodata.sp_cb.str1.4
                0x000000000800f010       0x24 ./build/sampling.o
 .rodata.ac_cb.str1.4
                0x000000000800f034       0x28 ./build/sampling.o
                                         0x4c (size before relaxing)
 .rodata.fn_cb.str1.4
                0x000000000800f05c       0xcd ./build/sampling.o
 *fill*         0x000000000800f129        0x3 
 .rodata.ff_cb.str1.4
                0x000000000800f12c       0x2a ./build/sampling.o
 *fill*         0x000000000800f156        0x2 
 .rodata.s_cb.str1.4
                0x000000000800f158       0x82 ./build/sampling.o
 *fill*         0x000000000800f1da        0x2 
 .rodata.st_cb.str1.4
                0x000000000800f1dc       0x30 ./build/sampling.o
 .rodata.wg_cb.str1.4
                0x000000000800f20c       0x3c ./build/sampling.o
 .rodata.str1.4
                0x000000000800f248       0x1b ./build/sampling.o
                                         0x1e (size before relaxing)
 *fill*         0x000000000800f263        0x1 
 .rodata.FIR_BP_x_coefs
                0x000000000800f264       0x4c ./build/sampling.o
                0x000000000800f264                FIR_BP_x_coefs
 .rodata.FIR_HP_x_coefs
                0x000000000800f2b0       0x74 ./build/sampling.o
                0x000000000800f2b0                FIR_HP_x_coefs
 .rodata.FIR_LP_x_coefs
                0x000000000800f324       0xac ./build/sampling.o
                0x000000000800f324                FIR_LP_x_coefs
 .rodata.FIR_y_coefs
                0x000000000800f3d0        0x4 ./build/sampling.o
                0x000000000800f3d0                FIR_y_coefs
 .rodata.signal_list
                0x000000000800f3d4       0x28 ./build/sampling.o
                0x000000000800f3d4                signal_list
 .rodata.timer_reloads
                0x000000000800f3fc        0xc ./build/sampling.o
                0x000000000800f3fc                timer_reloads
 .rodata.AHBPrescTable
                0x000000000800f408       0x10 ./build/system_stm32f7xx.o
                0x000000000800f408                AHBPrescTable
 .rodata.APBPrescTable
                0x000000000800f418        0x8 ./build/system_stm32f7xx.o
                0x000000000800f418                APBPrescTable
 .rodata.enter_key_cb.str1.4
                0x000000000800f420       0x1b ./build/usart.o
                                          0x3 (size before relaxing)
 .rodata.s_key_list
                0x000000000800f420       0x28 ./build/usart.o
                0x000000000800f420                s_key_list
 .rodata.flagBitshiftOffset.0
                0x000000000800f448        0x8 ./build/stm32f7xx_hal_dma.o
 .rodata.str1.4
                0x000000000800f450       0x12 /usr/lib/gcc/arm-none-eabi/10.3.1/../../../arm-none-eabi/lib/thumb/v7e-m+dp/hard/libc_nano.a(lib_a-nano-vfprintf_float.o)
 *fill*         0x000000000800f462        0x2 
 .rodata.str1.4
                0x000000000800f464       0x25 /usr/lib/gcc/arm-none-eabi/10.3.1/../../../arm-none-eabi/lib/thumb/v7e-m+dp/hard/libc_nano.a(lib_a-nano-vfprintf_i.o)
 *fill*         0x000000000800f489        0x3 
 .rodata.str1.4
                0x000000000800f48c       0x4c /usr/lib/gcc/arm-none-eabi/10.3.1/../../../arm-none-eabi/lib/thumb/v7e-m+dp/hard/libc_nano.a(lib_a-strtok.o)
 .rodata.str1.4
                0x000000000800f4d8       0x3f /usr/lib/gcc/arm-none-eabi/10.3.1/../../../arm-none-eabi/lib/thumb/v7e-m+dp/hard/libc_nano.a(lib_a-assert.o)
                                         0x43 (size before relaxing)
 *fill*         0x000000000800f517        0x1 
 .rodata.str1.4
                0x000000000800f518       0x55 /usr/lib/gcc/arm-none-eabi/10.3.1/../../../arm-none-eabi/lib/thumb/v7e-m+dp/hard/libc_nano.a(lib_a-dtoa.o)
                                         0x71 (size before relaxing)
 *fill*         0x000000000800f56d        0x3 
 .rodata.str1.4
                0x000000000800f570       0x33 /usr/lib/gcc/arm-none-eabi/10.3.1/../../../arm-none-eabi/lib/thumb/v7e-m+dp/hard/libc_nano.a(lib_a-mprec.o)
                                         0x5d (size before relaxing)
 *fill*         0x000000000800f5a3        0x1 
 .rodata.str1.4
                0x000000000800f5a4       0x13 /usr/lib/gcc/arm-none-eabi/10.3.1/../../../arm-none-eabi/lib/thumb/v7e-m+dp/hard/libc_nano.a(lib_a-nano-svfprintf.o)
 .rodata.str1.4
                0x000000000800f5b7       0x13 /usr/lib/gcc/arm-none-eabi/10.3.1/../../../arm-none-eabi/lib/thumb/v7e-m+dp/hard/libc_nano.a(lib_a-nano-vfprintf.o)
 *fill*         0x000000000800f5b7        0x1 
 .rodata.str1.4
                0x000000000800f5b8        0xe /usr/lib/gcc/arm-none-eabi/10.3.1/../../../arm-none-eabi/lib/thumb/v7e-m+dp/hard/libc_nano.a(lib_a-locale.o)
                                         0x12 (size before relaxing)
                0x000000000800f5c8                . = ALIGN (0x4)
 *fill*         0x000000000800f5c6        0x2 

.ARM.extab
 *(.ARM.extab* .gnu.linkonce.armextab.*)

.ARM            0x000000000800f5c8        0x8
                0x000000000800f5c8                __exidx_start = .
 *(.ARM.exidx*)
 .ARM.exidx     0x000000000800f5c8        0x8 /usr/lib/gcc/arm-none-eabi/10.3.1/thumb/v7e-m+dp/hard/libgcc.a(_udivmoddi4.o)
                0x000000000800f5d0                __exidx_end = .

.rel.dyn        0x000000000800f5d0        0x0
 .rel.iplt      0x000000000800f5d0        0x0 /usr/lib/gcc/arm-none-eabi/10.3.1/thumb/v7e-m+dp/hard/crtbegin.o

.preinit_array  0x000000000800f5d0        0x0
                0x000000000800f5d0                PROVIDE (__preinit_array_start = .)
 *(.preinit_array*)
                0x000000000800f5d0                PROVIDE (__preinit_array_end = .)

.init_array     0x000000000800f5d0        0x4
                0x000000000800f5d0                PROVIDE (__init_array_start = .)
 *(SORT_BY_NAME(.init_array.*))
 *(.init_array*)
 .init_array    0x000000000800f5d0        0x4 /usr/lib/gcc/arm-none-eabi/10.3.1/thumb/v7e-m+dp/hard/crtbegin.o
                0x000000000800f5d4                PROVIDE (__init_array_end = .)

.fini_array     0x000000000800f5d4        0x4
                0x000000000800f5d4                PROVIDE (__fini_array_start = .)
 *(SORT_BY_NAME(.fini_array.*))
 *(.fini_array*)
 .fini_array    0x000000000800f5d4        0x4 /usr/lib/gcc/arm-none-eabi/10.3.1/thumb/v7e-m+dp/hard/crtbegin.o
                0x000000000800f5d8                PROVIDE (__fini_array_end = .)
                0x000000000800f5d8                _sidata = LOADADDR (.data)

.data           0x0000000020000000      0x1f0 load address 0x000000000800f5d8
                0x0000000020000000                . = ALIGN (0x4)
                0x0000000020000000                _sdata = .
 *(.data)
 .data          0x0000000020000000       0x64 /usr/lib/gcc/arm-none-eabi/10.3.1/../../../arm-none-eabi/lib/thumb/v7e-m+dp/hard/libc_nano.a(lib_a-impure.o)
                0x0000000020000000                _impure_ptr
 .data          0x0000000020000064      0x16c /usr/lib/gcc/arm-none-eabi/10.3.1/../../../arm-none-eabi/lib/thumb/v7e-m+dp/hard/libc_nano.a(lib_a-locale.o)
                0x0000000020000064                __global_locale
 .data          0x00000000200001d0        0x1 /usr/lib/gcc/arm-none-eabi/10.3.1/../../../arm-none-eabi/lib/thumb/v7e-m+dp/hard/libm.a(lib_a-s_lib_ver.o)
                0x00000000200001d0                __fdlib_version
 *(.data*)
 *fill*         0x00000000200001d1        0x1 
 .data.ADC_smp_num
                0x00000000200001d2        0x2 ./build/adc.o
                0x00000000200001d2                ADC_smp_num
 .data.timeunits_arr
                0x00000000200001d4        0xc ./build/sampling.o
                0x00000000200001d4                timeunits_arr
 .data.SystemCoreClock
                0x00000000200001e0        0x4 ./build/system_stm32f7xx.o
                0x00000000200001e0                SystemCoreClock
 .data.wave_bases
                0x00000000200001e4        0x4 ./build/wavelet.o
                0x00000000200001e4                wave_bases
 .data.uwTickFreq
                0x00000000200001e8        0x1 ./build/stm32f7xx_hal.o
                0x00000000200001e8                uwTickFreq
 *fill*         0x00000000200001e9        0x3 
 .data.uwTickPrio
                0x00000000200001ec        0x4 ./build/stm32f7xx_hal.o
                0x00000000200001ec                uwTickPrio
                0x00000000200001f0                . = ALIGN (0x4)
                0x00000000200001f0                _edata = .

.tm_clone_table
                0x00000000200001f0        0x0 load address 0x000000000800f7c8
 .tm_clone_table
                0x00000000200001f0        0x0 /usr/lib/gcc/arm-none-eabi/10.3.1/thumb/v7e-m+dp/hard/crtbegin.o
 .tm_clone_table
                0x00000000200001f0        0x0 /usr/lib/gcc/arm-none-eabi/10.3.1/thumb/v7e-m+dp/hard/crtend.o

.igot.plt       0x00000000200001f0        0x0 load address 0x000000000800f7c8
 .igot.plt      0x00000000200001f0        0x0 /usr/lib/gcc/arm-none-eabi/10.3.1/thumb/v7e-m+dp/hard/crtbegin.o
                0x00000000200001f0                . = ALIGN (0x4)

.bss            0x00000000200001f0      0x5e4 load address 0x000000000800f7c8
                0x00000000200001f0                _sbss = .
                0x00000000200001f0                __bss_start__ = _sbss
 *(.bss)
 .bss           0x00000000200001f0       0x1c /usr/lib/gcc/arm-none-eabi/10.3.1/thumb/v7e-m+dp/hard/crtbegin.o
 .bss           0x000000002000020c        0x8 /usr/lib/gcc/arm-none-eabi/10.3.1/../../../arm-none-eabi/lib/thumb/v7e-m+dp/hard/libc_nano.a(lib_a-nano-mallocr.o)
                0x000000002000020c                __malloc_free_list
                0x0000000020000210                __malloc_sbrk_start
 .bss           0x0000000020000214        0x4 /usr/lib/gcc/arm-none-eabi/10.3.1/../../../arm-none-eabi/lib/thumb/v7e-m+dp/hard/libc_nano.a(lib_a-reent.o)
                0x0000000020000214                errno
 *(.bss*)
 .bss.ADC_Val_index
                0x0000000020000218        0x1 ./build/adc.o
                0x0000000020000218                ADC_Val_index
 *fill*         0x0000000020000219        0x3 
 .bss.ADC_Values
                0x000000002000021c       0x80 ./build/adc.o
                0x000000002000021c                ADC_Values
 .bss.adcValue  0x000000002000029c        0x4 ./build/adc.o
                0x000000002000029c                adcValue
 .bss.hadc1     0x00000000200002a0       0x48 ./build/adc.o
                0x00000000200002a0                hadc1
 .bss.pin       0x00000000200002e8        0x1 ./build/adc.o
                0x00000000200002e8                pin
 *fill*         0x00000000200002e9        0x3 
 .bss.pin_mode  0x00000000200002ec        0x4 ./build/adc.o
                0x00000000200002ec                pin_mode
 .bss.port      0x00000000200002f0        0x1 ./build/adc.o
                0x00000000200002f0                port
 .bss.smps_left
                0x00000000200002f1        0x1 ./build/adc.o
                0x00000000200002f1                smps_left
 *fill*         0x00000000200002f2        0x2 
 .bss.y.0       0x00000000200002f4        0x4 ./build/adc.o
 .bss.hdac      0x00000000200002f8       0x14 ./build/dac.o
                0x00000000200002f8                hdac
 .bss.hdma_dac2
                0x000000002000030c       0x60 ./build/dac.o
                0x000000002000030c                hdma_dac2
 .bss.last_valid_cmd
                0x000000002000036c       0x10 ./build/main.o
                0x000000002000036c                last_valid_cmd
 .bss.SP_cb_done
                0x000000002000037c        0x1 ./build/sampling.o
 .bss.Sampling_flag
                0x000000002000037d        0x1 ./build/sampling.o
 *fill*         0x000000002000037e        0x2 
 .bss.f         0x0000000020000380       0x20 ./build/sampling.o
                0x0000000020000380                f
 .bss.signal_buff
                0x00000000200003a0      0x190 ./build/signals.o
                0x00000000200003a0                signal_buff
 .bss.hspi1     0x0000000020000530       0x64 ./build/spi.o
                0x0000000020000530                hspi1
 .bss.__sbrk_heap_end
                0x0000000020000594        0x4 ./build/sysmem.o
 .bss.htim2     0x0000000020000598       0x4c ./build/tim.o
                0x0000000020000598                htim2
 .bss.htim6     0x00000000200005e4       0x4c ./build/tim.o
                0x00000000200005e4                htim6
 .bss.Rx_Buffer
                0x0000000020000630       0x10 ./build/usart.o
                0x0000000020000630                Rx_Buffer
 .bss.Rx_flag   0x0000000020000640        0x1 ./build/usart.o
                0x0000000020000640                Rx_flag
 .bss.Rx_index  0x0000000020000641        0x1 ./build/usart.o
                0x0000000020000641                Rx_index
 *fill*         0x0000000020000642        0x2 
 .bss.Tx_Buffer
                0x0000000020000644      0x100 ./build/usart.o
                0x0000000020000644                Tx_Buffer
 .bss.c         0x0000000020000744        0x1 ./build/usart.o
                0x0000000020000744                c
 .bss.cmd_received
                0x0000000020000745        0x1 ./build/usart.o
                0x0000000020000745                cmd_received
 *fill*         0x0000000020000746        0x2 
 .bss.huart3    0x0000000020000748       0x88 ./build/usart.o
                0x0000000020000748                huart3
 .bss.uwTick    0x00000000200007d0        0x4 ./build/stm32f7xx_hal.o
                0x00000000200007d0                uwTick
 *(COMMON)
                0x00000000200007d4                . = ALIGN (0x4)
                0x00000000200007d4                _ebss = .
                0x00000000200007d4                __bss_end__ = _ebss

._user_heap_stack
                0x00000000200007d4      0x604 load address 0x000000000800f7c8
                0x00000000200007d8                . = ALIGN (0x8)
 *fill*         0x00000000200007d4        0x4 
                [!provide]                        PROVIDE (end = .)
                0x00000000200007d8                PROVIDE (_end = .)
                0x00000000200009d8                . = (. + _Min_Heap_Size)
 *fill*         0x00000000200007d8      0x200 
                0x0000000020000dd8                . = (. + _Min_Stack_Size)
 *fill*         0x00000000200009d8      0x400 
                0x0000000020000dd8                . = ALIGN (0x8)

/DISCARD/
 libc.a(*)
 libm.a(*)
 libgcc.a(*)

.ARM.attributes
                0x0000000000000000       0x2e
 *(.ARM.attributes)
 .ARM.attributes
                0x0000000000000000       0x1e /usr/lib/gcc/arm-none-eabi/10.3.1/thumb/v7e-m+dp/hard/crti.o
 .ARM.attributes
                0x000000000000001e       0x32 /usr/lib/gcc/arm-none-eabi/10.3.1/thumb/v7e-m+dp/hard/crtbegin.o
 .ARM.attributes
                0x0000000000000050       0x32 ./build/adc.o
 .ARM.attributes
                0x0000000000000082       0x32 ./build/commands.o
 .ARM.attributes
                0x00000000000000b4       0x32 ./build/cwt.o
 .ARM.attributes
                0x00000000000000e6       0x32 ./build/dac.o
 .ARM.attributes
                0x0000000000000118       0x32 ./build/dma.o
 .ARM.attributes
                0x000000000000014a       0x32 ./build/fft.o
 .ARM.attributes
                0x000000000000017c       0x32 ./build/filters.o
 .ARM.attributes
                0x00000000000001ae       0x32 ./build/gpio.o
 .ARM.attributes
                0x00000000000001e0       0x32 ./build/interface.o
 .ARM.attributes
                0x0000000000000212       0x32 ./build/main.o
 .ARM.attributes
                0x0000000000000244       0x32 ./build/morlet.o
 .ARM.attributes
                0x0000000000000276       0x32 ./build/parser.o
 .ARM.attributes
                0x00000000000002a8       0x32 ./build/sampling.o
 .ARM.attributes
                0x00000000000002da       0x32 ./build/signals.o
 .ARM.attributes
                0x000000000000030c       0x32 ./build/spi.o
 .ARM.attributes
                0x000000000000033e       0x32 ./build/stm32f7xx_hal_msp.o
 .ARM.attributes
                0x0000000000000370       0x32 ./build/stm32f7xx_it.o
 .ARM.attributes
                0x00000000000003a2       0x32 ./build/syscalls.o
 .ARM.attributes
                0x00000000000003d4       0x32 ./build/sysmem.o
 .ARM.attributes
                0x0000000000000406       0x32 ./build/system_stm32f7xx.o
 .ARM.attributes
                0x0000000000000438       0x32 ./build/tim.o
 .ARM.attributes
                0x000000000000046a       0x32 ./build/usart.o
 .ARM.attributes
                0x000000000000049c       0x32 ./build/utils.o
 .ARM.attributes
                0x00000000000004ce       0x37 ./build/wavelet.o
 .ARM.attributes
                0x0000000000000505       0x32 ./build/stm32f7xx_hal_adc.o
 .ARM.attributes
                0x0000000000000537       0x32 ./build/stm32f7xx_hal_adc_ex.o
 .ARM.attributes
                0x0000000000000569       0x32 ./build/stm32f7xx_hal.o
 .ARM.attributes
                0x000000000000059b       0x32 ./build/stm32f7xx_hal_cortex.o
 .ARM.attributes
                0x00000000000005cd       0x32 ./build/stm32f7xx_hal_dac.o
 .ARM.attributes
                0x00000000000005ff       0x32 ./build/stm32f7xx_hal_dac_ex.o
 .ARM.attributes
                0x0000000000000631       0x32 ./build/stm32f7xx_hal_dma.o
 .ARM.attributes
                0x0000000000000663       0x32 ./build/stm32f7xx_hal_gpio.o
 .ARM.attributes
                0x0000000000000695       0x32 ./build/stm32f7xx_hal_pwr_ex.o
 .ARM.attributes
                0x00000000000006c7       0x32 ./build/stm32f7xx_hal_rcc.o
 .ARM.attributes
                0x00000000000006f9       0x32 ./build/stm32f7xx_hal_rcc_ex.o
 .ARM.attributes
                0x000000000000072b       0x32 ./build/stm32f7xx_hal_spi.o
 .ARM.attributes
                0x000000000000075d       0x32 ./build/stm32f7xx_hal_tim.o
 .ARM.attributes
                0x000000000000078f       0x32 ./build/stm32f7xx_hal_tim_ex.o
 .ARM.attributes
                0x00000000000007c1       0x32 ./build/stm32f7xx_hal_uart.o
 .ARM.attributes
                0x00000000000007f3       0x21 ./build/startup_stm32f767xx.o
 .ARM.attributes
                0x0000000000000814       0x32 /usr/lib/gcc/arm-none-eabi/10.3.1/../../../arm-none-eabi/lib/thumb/v7e-m+dp/hard/libc_nano.a(lib_a-calloc.o)
 .ARM.attributes
                0x0000000000000846       0x32 /usr/lib/gcc/arm-none-eabi/10.3.1/../../../arm-none-eabi/lib/thumb/v7e-m+dp/hard/libc_nano.a(lib_a-errno.o)
 .ARM.attributes
                0x0000000000000878       0x30 /usr/lib/gcc/arm-none-eabi/10.3.1/../../../arm-none-eabi/lib/thumb/v7e-m+dp/hard/libc_nano.a(lib_a-impure.o)
 .ARM.attributes
                0x00000000000008a8       0x32 /usr/lib/gcc/arm-none-eabi/10.3.1/../../../arm-none-eabi/lib/thumb/v7e-m+dp/hard/libc_nano.a(lib_a-init.o)
 .ARM.attributes
                0x00000000000008da       0x32 /usr/lib/gcc/arm-none-eabi/10.3.1/../../../arm-none-eabi/lib/thumb/v7e-m+dp/hard/libc_nano.a(lib_a-malloc.o)
 .ARM.attributes
                0x000000000000090c       0x32 /usr/lib/gcc/arm-none-eabi/10.3.1/../../../arm-none-eabi/lib/thumb/v7e-m+dp/hard/libc_nano.a(lib_a-memset.o)
 .ARM.attributes
                0x000000000000093e       0x32 /usr/lib/gcc/arm-none-eabi/10.3.1/../../../arm-none-eabi/lib/thumb/v7e-m+dp/hard/libc_nano.a(lib_a-nano-callocr.o)
 .ARM.attributes
                0x0000000000000970       0x32 /usr/lib/gcc/arm-none-eabi/10.3.1/../../../arm-none-eabi/lib/thumb/v7e-m+dp/hard/libc_nano.a(lib_a-nano-freer.o)
 .ARM.attributes
                0x00000000000009a2       0x32 /usr/lib/gcc/arm-none-eabi/10.3.1/../../../arm-none-eabi/lib/thumb/v7e-m+dp/hard/libc_nano.a(lib_a-nano-mallocr.o)
 .ARM.attributes
                0x00000000000009d4       0x32 /usr/lib/gcc/arm-none-eabi/10.3.1/../../../arm-none-eabi/lib/thumb/v7e-m+dp/hard/libc_nano.a(lib_a-nano-vfprintf_float.o)
 .ARM.attributes
                0x0000000000000a06       0x32 /usr/lib/gcc/arm-none-eabi/10.3.1/../../../arm-none-eabi/lib/thumb/v7e-m+dp/hard/libc_nano.a(lib_a-nano-vfprintf_i.o)
 .ARM.attributes
                0x0000000000000a38       0x32 /usr/lib/gcc/arm-none-eabi/10.3.1/../../../arm-none-eabi/lib/thumb/v7e-m+dp/hard/libc_nano.a(lib_a-putchar.o)
 .ARM.attributes
                0x0000000000000a6a       0x32 /usr/lib/gcc/arm-none-eabi/10.3.1/../../../arm-none-eabi/lib/thumb/v7e-m+dp/hard/libc_nano.a(lib_a-realloc.o)
 .ARM.attributes
                0x0000000000000a9c       0x32 /usr/lib/gcc/arm-none-eabi/10.3.1/../../../arm-none-eabi/lib/thumb/v7e-m+dp/hard/libc_nano.a(lib_a-sbrkr.o)
 .ARM.attributes
                0x0000000000000ace       0x32 /usr/lib/gcc/arm-none-eabi/10.3.1/../../../arm-none-eabi/lib/thumb/v7e-m+dp/hard/libc_nano.a(lib_a-snprintf.o)
 .ARM.attributes
                0x0000000000000b00       0x32 /usr/lib/gcc/arm-none-eabi/10.3.1/../../../arm-none-eabi/lib/thumb/v7e-m+dp/hard/libc_nano.a(lib_a-sprintf.o)
 .ARM.attributes
                0x0000000000000b32       0x1c /usr/lib/gcc/arm-none-eabi/10.3.1/../../../arm-none-eabi/lib/thumb/v7e-m+dp/hard/libc_nano.a(lib_a-strcmp.o)
 .ARM.attributes
                0x0000000000000b4e       0x32 /usr/lib/gcc/arm-none-eabi/10.3.1/../../../arm-none-eabi/lib/thumb/v7e-m+dp/hard/libc_nano.a(lib_a-strcpy.o)
 .ARM.attributes
                0x0000000000000b80       0x1c /usr/lib/gcc/arm-none-eabi/10.3.1/../../../arm-none-eabi/lib/thumb/v7e-m+dp/hard/libc_nano.a(lib_a-strlen.o)
 .ARM.attributes
                0x0000000000000b9c       0x32 /usr/lib/gcc/arm-none-eabi/10.3.1/../../../arm-none-eabi/lib/thumb/v7e-m+dp/hard/libc_nano.a(lib_a-strtok.o)
 .ARM.attributes
                0x0000000000000bce       0x32 /usr/lib/gcc/arm-none-eabi/10.3.1/../../../arm-none-eabi/lib/thumb/v7e-m+dp/hard/libc_nano.a(lib_a-strtok_r.o)
 .ARM.attributes
                0x0000000000000c00       0x32 /usr/lib/gcc/arm-none-eabi/10.3.1/../../../arm-none-eabi/lib/thumb/v7e-m+dp/hard/libc_nano.a(lib_a-strtol.o)
 .ARM.attributes
                0x0000000000000c32       0x32 /usr/lib/gcc/arm-none-eabi/10.3.1/../../../arm-none-eabi/lib/thumb/v7e-m+dp/hard/libc_nano.a(lib_a-assert.o)
 .ARM.attributes
                0x0000000000000c64       0x30 /usr/lib/gcc/arm-none-eabi/10.3.1/../../../arm-none-eabi/lib/thumb/v7e-m+dp/hard/libc_nano.a(lib_a-ctype_.o)
 .ARM.attributes
                0x0000000000000c94       0x32 /usr/lib/gcc/arm-none-eabi/10.3.1/../../../arm-none-eabi/lib/thumb/v7e-m+dp/hard/libc_nano.a(lib_a-dtoa.o)
 .ARM.attributes
                0x0000000000000cc6       0x32 /usr/lib/gcc/arm-none-eabi/10.3.1/../../../arm-none-eabi/lib/thumb/v7e-m+dp/hard/libc_nano.a(lib_a-findfp.o)
 .ARM.attributes
                0x0000000000000cf8       0x32 /usr/lib/gcc/arm-none-eabi/10.3.1/../../../arm-none-eabi/lib/thumb/v7e-m+dp/hard/libc_nano.a(lib_a-fprintf.o)
 .ARM.attributes
                0x0000000000000d2a       0x32 /usr/lib/gcc/arm-none-eabi/10.3.1/../../../arm-none-eabi/lib/thumb/v7e-m+dp/hard/libc_nano.a(lib_a-fwalk.o)
 .ARM.attributes
                0x0000000000000d5c       0x32 /usr/lib/gcc/arm-none-eabi/10.3.1/../../../arm-none-eabi/lib/thumb/v7e-m+dp/hard/libc_nano.a(lib_a-localeconv.o)
 .ARM.attributes
                0x0000000000000d8e       0x1c /usr/lib/gcc/arm-none-eabi/10.3.1/../../../arm-none-eabi/lib/thumb/v7e-m+dp/hard/libc_nano.a(lib_a-memchr.o)
 .ARM.attributes
                0x0000000000000daa       0x1c /usr/lib/gcc/arm-none-eabi/10.3.1/../../../arm-none-eabi/lib/thumb/v7e-m+dp/hard/libc_nano.a(lib_a-memcpy.o)
 .ARM.attributes
                0x0000000000000dc6       0x32 /usr/lib/gcc/arm-none-eabi/10.3.1/../../../arm-none-eabi/lib/thumb/v7e-m+dp/hard/libc_nano.a(lib_a-mlock.o)
 .ARM.attributes
                0x0000000000000df8       0x32 /usr/lib/gcc/arm-none-eabi/10.3.1/../../../arm-none-eabi/lib/thumb/v7e-m+dp/hard/libc_nano.a(lib_a-mprec.o)
 .ARM.attributes
                0x0000000000000e2a       0x32 /usr/lib/gcc/arm-none-eabi/10.3.1/../../../arm-none-eabi/lib/thumb/v7e-m+dp/hard/libc_nano.a(lib_a-nano-reallocr.o)
 .ARM.attributes
                0x0000000000000e5c       0x32 /usr/lib/gcc/arm-none-eabi/10.3.1/../../../arm-none-eabi/lib/thumb/v7e-m+dp/hard/libc_nano.a(lib_a-nano-svfprintf.o)
 .ARM.attributes
                0x0000000000000e8e       0x32 /usr/lib/gcc/arm-none-eabi/10.3.1/../../../arm-none-eabi/lib/thumb/v7e-m+dp/hard/libc_nano.a(lib_a-nano-vfprintf.o)
 .ARM.attributes
                0x0000000000000ec0       0x32 /usr/lib/gcc/arm-none-eabi/10.3.1/../../../arm-none-eabi/lib/thumb/v7e-m+dp/hard/libc_nano.a(lib_a-putc.o)
 .ARM.attributes
                0x0000000000000ef2       0x32 /usr/lib/gcc/arm-none-eabi/10.3.1/../../../arm-none-eabi/lib/thumb/v7e-m+dp/hard/libc_nano.a(lib_a-reent.o)
 .ARM.attributes
                0x0000000000000f24       0x32 /usr/lib/gcc/arm-none-eabi/10.3.1/../../../arm-none-eabi/lib/thumb/v7e-m+dp/hard/libc_nano.a(lib_a-stdio.o)
 .ARM.attributes
                0x0000000000000f56       0x32 /usr/lib/gcc/arm-none-eabi/10.3.1/../../../arm-none-eabi/lib/thumb/v7e-m+dp/hard/libc_nano.a(lib_a-wbuf.o)
 .ARM.attributes
                0x0000000000000f88       0x32 /usr/lib/gcc/arm-none-eabi/10.3.1/../../../arm-none-eabi/lib/thumb/v7e-m+dp/hard/libc_nano.a(lib_a-writer.o)
 .ARM.attributes